Component: ARM Compiler 5.05 update 1 (build 106) Tool: armlink [4d0efa]

==============================================================================

Section Cross References

    main.o(.text) refers to _printf_pad.o(.text) for _printf_pre_padding
    main.o(.text) refers to _printf_percent.o(.ARM.Collect$$_printf_percent$$00000000) for _printf_percent
    main.o(.text) refers to _printf_d.o(.ARM.Collect$$_printf_percent$$00000009) for _printf_d
    main.o(.text) refers to _printf_dec.o(.text) for _printf_int_dec
    main.o(.text) refers to os_mutex.o(.text) for OSMutexPend
    main.o(.text) refers to c89vprintf.o(.text) for __c89vprintf
    main.o(.text) refers to __2printf.o(.text) for __2printf
    main.o(.text) refers to delay.o(.text) for delay_ms
    main.o(.text) refers to lcd.o(.text) for LCD_ShowString
    main.o(.text) refers to dht11.o(.text) for DHT11_Read_Data
    main.o(.text) refers to __2sprintf.o(.text) for __2sprintf
    main.o(.text) refers to oled.o(.text) for OLED_ShowString
    main.o(.text) refers to cpu_core.o(.text) for CPU_Init
    main.o(.text) refers to beep.o(.text) for BEEP_Init
    main.o(.text) refers to cpu_a.o(.text) for CPU_SR_Save
    main.o(.text) refers to os_task.o(.text) for OSTaskCreate
    main.o(.text) refers to os_core.o(.text) for OS_Sched0
    main.o(.text) refers to misc.o(.text) for NVIC_PriorityGroupConfig
    main.o(.text) refers to usart.o(.text) for uart_init
    main.o(.text) refers to led.o(.text) for LED_Init
    main.o(.text) refers to main.o(.bss) for g_mutex_printf
    main.o(.text) refers to lcd.o(.data) for POINT_COLOR
    main.o(.text) refers to os_var.o(.data) for OSSchedLockNestingCtr
    system_stm32f10x.o(.text) refers to system_stm32f10x.o(.data) for SystemCoreClock
    beep.o(.text) refers to stm32f10x_rcc.o(.text) for RCC_APB2PeriphClockCmd
    beep.o(.text) refers to stm32f10x_gpio.o(.text) for GPIO_Init
    dht11.o(.text) refers to delay.o(.text) for delay_ms
    dht11.o(.text) refers to stm32f10x_rcc.o(.text) for RCC_APB2PeriphClockCmd
    dht11.o(.text) refers to stm32f10x_gpio.o(.text) for GPIO_Init
    hc05.o(.text) refers to _printf_percent.o(.ARM.Collect$$_printf_percent$$00000000) for _printf_percent
    hc05.o(.text) refers to _printf_s.o(.ARM.Collect$$_printf_percent$$00000014) for _printf_s
    hc05.o(.text) refers to _printf_str.o(.text) for _printf_str
    hc05.o(.text) refers to stm32f10x_rcc.o(.text) for RCC_APB2PeriphClockCmd
    hc05.o(.text) refers to stm32f10x_gpio.o(.text) for GPIO_Init
    hc05.o(.text) refers to usart3.o(.text) for usart3_init
    hc05.o(.text) refers to delay.o(.text) for delay_ms
    hc05.o(.text) refers to __2printf.o(.text) for __2printf
    hc05.o(.text) refers to usart3.o(.data) for USART3_RX_STA
    hc05.o(.text) refers to usart3.o(.bss) for USART3_RX_BUF
    inv_mpu.o(.text) refers to _printf_pad.o(.text) for _printf_pre_padding
    inv_mpu.o(.text) refers to _printf_percent.o(.ARM.Collect$$_printf_percent$$00000000) for _printf_percent
    inv_mpu.o(.text) refers to _printf_x.o(.ARM.Collect$$_printf_percent$$0000000C) for _printf_x
    inv_mpu.o(.text) refers to _printf_hex_int_ll_ptr.o(.text) for _printf_longlong_hex
    inv_mpu.o(.text) refers to _printf_d.o(.ARM.Collect$$_printf_percent$$00000009) for _printf_d
    inv_mpu.o(.text) refers to _printf_dec.o(.text) for _printf_int_dec
    inv_mpu.o(.text) refers to mpu6050.o(.text) for MPU_Write_Len
    inv_mpu.o(.text) refers to __2printf.o(.text) for __2printf
    inv_mpu.o(.text) refers to delay.o(.text) for delay_ms
    inv_mpu.o(.text) refers to inv_mpu.o(.data) for st
    inv_mpu.o(.text) refers to fflt_clz.o(x$fpl$ffltu) for __aeabi_ui2f
    inv_mpu.o(.text) refers to fflt_clz.o(x$fpl$fflt) for __aeabi_i2f
    inv_mpu.o(.text) refers to faddsub_clz.o(x$fpl$fsub) for __aeabi_fsub
    inv_mpu.o(.text) refers to fdiv.o(x$fpl$fdiv) for __aeabi_fdiv
    inv_mpu.o(.text) refers to faddsub_clz.o(x$fpl$fadd) for __aeabi_fadd
    inv_mpu.o(.text) refers to fmul.o(x$fpl$fmul) for __aeabi_fmul
    inv_mpu.o(.text) refers to ffix.o(x$fpl$ffix) for __aeabi_f2iz
    inv_mpu.o(.text) refers to inv_mpu.o(.conststring) for .conststring
    inv_mpu.o(.text) refers to feqf.o(x$fpl$feqf) for __aeabi_cfcmpeq
    inv_mpu.o(.text) refers to frleqf.o(x$fpl$frleqf) for __aeabi_cfrcmple
    inv_mpu.o(.text) refers to fleqf.o(x$fpl$fleqf) for __aeabi_cfcmple
    inv_mpu.o(.text) refers to inv_mpu.o(.constdata) for test
    inv_mpu.o(.text) refers to llsdiv.o(.text) for __aeabi_ldivmod
    inv_mpu.o(.text) refers to memcmp.o(.text) for memcmp
    inv_mpu.o(.text) refers to inv_mpu_dmp_motion_driver.o(.text) for dmp_set_gyro_bias
    inv_mpu.o(.text) refers to f2d.o(x$fpl$f2d) for __aeabi_f2d
    inv_mpu.o(.text) refers to asin.o(i.asin) for asin
    inv_mpu.o(.text) refers to dmul.o(x$fpl$dmul) for __aeabi_dmul
    inv_mpu.o(.text) refers to d2f.o(x$fpl$d2f) for __aeabi_d2f
    inv_mpu.o(.text) refers to atan2.o(i.atan2) for atan2
[...]
    TIM_ClearITPendingBit                    0x0800a5c5   Thumb Code     6  stm32f10x_tim.o(.text)
    BSP_CPU_ClkFreq                          0x0800a5cd   Thumb Code    16  bsp.o(.text)
    CPU_TS_TmrInit                           0x0800a5dd   Thumb Code    44  bsp.o(.text)
    CPU_TS_TmrRd                             0x0800a609   Thumb Code     6  bsp.o(.text)
    CPU_TS32_to_uSec                         0x0800a60f   Thumb Code    54  bsp.o(.text)
    CPU_NameClr                              0x0800a651   Thumb Code    42  cpu_core.o(.text)
    CPU_Init                                 0x0800a691   Thumb Code    12  cpu_core.o(.text)
    CPU_SW_Exception                         0x0800a69d   Thumb Code     4  cpu_core.o(.text)
    CPU_NameGet                              0x0800a6a1   Thumb Code    70  cpu_core.o(.text)
    CPU_NameSet                              0x0800a6e7   Thumb Code    96  cpu_core.o(.text)
    CPU_TS_Get32                             0x0800a747   Thumb Code    12  cpu_core.o(.text)
    CPU_TS_Update                            0x0800a753   Thumb Code     2  cpu_core.o(.text)
    CPU_TS_TmrFreqGet                        0x0800a755   Thumb Code    30  cpu_core.o(.text)
    CPU_TS_TmrFreqSet                        0x0800a773   Thumb Code     6  cpu_core.o(.text)
    CPU_CntLeadZeros08                       0x0800a779   Thumb Code    18  cpu_core.o(.text)
    CPU_CntLeadZeros16                       0x0800a78b   Thumb Code    18  cpu_core.o(.text)
    CPU_CntLeadZeros32                       0x0800a79d   Thumb Code    18  cpu_core.o(.text)
    CPU_CntLeadZeros64                       0x0800a7af   Thumb Code   188  cpu_core.o(.text)
    CPU_CntTrailZeros08                      0x0800a86b   Thumb Code    22  cpu_core.o(.text)
    CPU_CntTrailZeros16                      0x0800a881   Thumb Code    22  cpu_core.o(.text)
    CPU_CntTrailZeros32                      0x0800a897   Thumb Code    22  cpu_core.o(.text)
    CPU_CntTrailZeros64                      0x0800a8ad   Thumb Code    62  cpu_core.o(.text)
    CPU_IntDis                               0x0800a8f9   Thumb Code     0  cpu_a.o(.text)
    CPU_IntEn                                0x0800a8fd   Thumb Code     0  cpu_a.o(.text)
    CPU_SR_Save                              0x0800a901   Thumb Code     0  cpu_a.o(.text)
    CPU_SR_Restore                           0x0800a909   Thumb Code     0  cpu_a.o(.text)
    CPU_WaitForInt                           0x0800a90f   Thumb Code     0  cpu_a.o(.text)
    CPU_WaitForExcept                        0x0800a913   Thumb Code     0  cpu_a.o(.text)
    CPU_CntLeadZeros                         0x0800a917   Thumb Code     0  cpu_a.o(.text)
    CPU_CntTrailZeros                        0x0800a91d   Thumb Code     0  cpu_a.o(.text)
    CPU_RevBits                              0x0800a927   Thumb Code     0  cpu_a.o(.text)
    ASCII_IsAlpha                            0x0800a92d   Thumb Code    48  lib_ascii.o(.text)
    ASCII_IsAlphaNum                         0x0800a95d   Thumb Code    76  lib_ascii.o(.text)
    ASCII_IsLower                            0x0800a9a9   Thumb Code    20  lib_ascii.o(.text)
    ASCII_IsUpper                            0x0800a9bd   Thumb Code    20  lib_ascii.o(.text)
    ASCII_IsDig                              0x0800a9d1   Thumb Code    20  lib_ascii.o(.text)
    ASCII_IsDigOct                           0x0800a9e5   Thumb Code    20  lib_ascii.o(.text)
    ASCII_IsDigHex                           0x0800a9f9   Thumb Code    36  lib_ascii.o(.text)
    ASCII_IsBlank                            0x0800aa1d   Thumb Code    20  lib_ascii.o(.text)
    ASCII_IsSpace                            0x0800aa31   Thumb Code    36  lib_ascii.o(.text)
    ASCII_IsPrint                            0x0800aa55   Thumb Code    20  lib_ascii.o(.text)
    ASCII_IsGraph                            0x0800aa69   Thumb Code    20  lib_ascii.o(.text)
    ASCII_IsPunct                            0x0800aa7d   Thumb Code   134  lib_ascii.o(.text)
    ASCII_IsCtrl                             0x0800ab03   Thumb Code    26  lib_ascii.o(.text)
    ASCII_ToLower                            0x0800ab1d   Thumb Code    32  lib_ascii.o(.text)
    ASCII_ToUpper                            0x0800ab3d   Thumb Code    32  lib_ascii.o(.text)
    ASCII_Cmp                                0x0800ab5d   Thumb Code    38  lib_ascii.o(.text)
    Mem_Init                                 0x0800ab85   Thumb Code    54  lib_mem.o(.text)
    Mem_Set                                  0x0800abbb   Thumb Code    84  lib_mem.o(.text)
    Mem_Clr                                  0x0800ac0f   Thumb Code    18  lib_mem.o(.text)
    Mem_Move                                 0x0800ac21   Thumb Code   186  lib_mem.o(.text)
    Mem_Cmp                                  0x0800acdb   Thumb Code   192  lib_mem.o(.text)
    Mem_HeapAlloc                            0x0800ae13   Thumb Code   168  lib_mem.o(.text)
    Mem_SegGetSizeRem                        0x0800aebb   Thumb Code   108  lib_mem.o(.text)
    Mem_HeapGetSizeRem                       0x0800af27   Thumb Code    22  lib_mem.o(.text)
    Mem_PoolClr                              0x0800af3d   Thumb Code    80  lib_mem.o(.text)
    Mem_PoolCreate                           0x0800af8d   Thumb Code   838  lib_mem.o(.text)
    Mem_PoolBlkGetNbrAvail                   0x0800b2d3   Thumb Code    52  lib_mem.o(.text)
    Mem_PoolBlkGet                           0x0800b307   Thumb Code   126  lib_mem.o(.text)
    Mem_PoolBlkGetUsedAtIx                   0x0800b385   Thumb Code   140  lib_mem.o(.text)
    Mem_PoolBlkFree                          0x0800b411   Thumb Code   152  lib_mem.o(.text)
    Mem_PoolBlkIxGet                         0x0800b4a9   Thumb Code   162  lib_mem.o(.text)
    Str_Len_N                                0x0800b54d   Thumb Code    28  lib_str.o(.text)
    Str_Len                                  0x0800b569   Thumb Code    20  lib_str.o(.text)
    Str_Copy_N                               0x0800b57d   Thumb Code    70  lib_str.o(.text)
    Str_Copy                                 0x0800b5c3   Thumb Code    24  lib_str.o(.text)
    Str_Cat_N                                0x0800b5db   Thumb Code    90  lib_str.o(.text)
    Str_Cat                                  0x0800b635   Thumb Code    24  lib_str.o(.text)
    Str_Cmp_N                                0x0800b64d   Thumb Code   156  lib_str.o(.text)
    Str_Cmp                                  0x0800b6e9   Thumb Code    24  lib_str.o(.text)
    Str_CmpIgnoreCase_N                      0x0800b701   Thumb Code   264  lib_str.o(.text)
    Str_CmpIgnoreCase                        0x0800b809   Thumb Code    24  lib_str.o(.text)
    Str_Char_N                               0x0800b821   Thumb Code    74  lib_str.o(.text)
    Str_Char                                 0x0800b86b   Thumb Code    24  lib_str.o(.text)
    Str_Char_Last_N                          0x0800b883   Thumb Code    76  lib_str.o(.text)
    Str_Char_Last                            0x0800b8cf   Thumb Code    24  lib_str.o(.text)
    Str_Char_Replace_N                       0x0800b8e7   Thumb Code    52  lib_str.o(.text)
    Str_Char_Replace                         0x0800b91b   Thumb Code    28  lib_str.o(.text)
    Str_Str_N                                0x0800b937   Thumb Code   182  lib_str.o(.text)
    Str_Str                                  0x0800b9ed   Thumb Code    24  lib_str.o(.text)
    Str_FmtNbr_Int32U                        0x0800bbe1   Thumb Code    46  lib_str.o(.text)
    Str_FmtNbr_Int32S                        0x0800bc0f   Thumb Code    62  lib_str.o(.text)
    Str_ParseNbr_Int32U                      0x0800be0b   Thumb Code    30  lib_str.o(.text)
    Str_ParseNbr_Int32S                      0x0800be29   Thumb Code    74  lib_str.o(.text)
    Mem_Copy                                 0x0800be79   Thumb Code     0  lib_mem_a.o(.text)
    OSCfg_Init                               0x0800c099   Thumb Code    86  os_cfg_app.o(.text)
    OS_IdleTask                              0x0800c195   Thumb Code    60  os_core.o(.text)
    OS_IdleTaskInit                          0x0800c1d1   Thumb Code    68  os_core.o(.text)
    OS_RdyListInit                           0x0800c215   Thumb Code    32  os_core.o(.text)
    OSInit                                   0x0800c235   Thumb Code   300  os_core.o(.text)
    OSIntEnter                               0x0800c361   Thumb Code    34  os_core.o(.text)
    OSIntExit                                0x0800c383   Thumb Code   192  os_core.o(.text)
    OSSched                                  0x0800c443   Thumb Code   134  os_core.o(.text)
    OS_SchedLockTimeMeasStart                0x0800c4c9   Thumb Code    20  os_core.o(.text)
    OSSchedLock                              0x0800c4dd   Thumb Code   104  os_core.o(.text)
    OS_SchedLockTimeMeasStop                 0x0800c545   Thumb Code    44  os_core.o(.text)
    OSSchedUnlock                            0x0800c571   Thumb Code   290  os_core.o(.text)
    OSSchedRoundRobinCfg                     0x0800c693   Thumb Code    88  os_core.o(.text)
    OS_RdyListMoveHeadToTail                 0x0800c6eb   Thumb Code    68  os_core.o(.text)
    OSSchedRoundRobinYield                   0x0800c72f   Thumb Code   164  os_core.o(.text)
    OSStart                                  0x0800c7d3   Thumb Code    78  os_core.o(.text)
    OSVersion                                0x0800c821   Thumb Code    12  os_core.o(.text)
    OS_PendDbgNameAdd                        0x0800c82d   Thumb Code    66  os_core.o(.text)
    OS_PendListInsertPrio                    0x0800c86f   Thumb Code   102  os_core.o(.text)
    OS_PendDataInit                          0x0800c8d5   Thumb Code    38  os_core.o(.text)
    OS_RdyListRemove                         0x0800c8fb   Thumb Code    86  os_core.o(.text)
    OS_TaskBlock                             0x0800c951   Thumb Code    56  os_core.o(.text)
    OS_Pend                                  0x0800c989   Thumb Code    98  os_core.o(.text)
    OS_PendListRemove1                       0x0800c9eb   Thumb Code   134  os_core.o(.text)
    OS_PendListRemove                        0x0800ca71   Thumb Code    48  os_core.o(.text)
    OS_PendAbort1                            0x0800caa1   Thumb Code    36  os_core.o(.text)
    OS_RdyListInsertHead                     0x0800cac5   Thumb Code    58  os_core.o(.text)
    OS_RdyListInsertTail                     0x0800caff   Thumb Code    56  os_core.o(.text)
    OS_RdyListInsert                         0x0800cb37   Thumb Code    40  os_core.o(.text)
    OS_TaskRdy                               0x0800cb5f   Thumb Code    28  os_core.o(.text)
    OS_PendAbort                             0x0800cb7b   Thumb Code   166  os_core.o(.text)
    OS_PendDbgNameRemove                     0x0800cc21   Thumb Code    34  os_core.o(.text)
    OS_PendListChangePrio                    0x0800cc43   Thumb Code    70  os_core.o(.text)
    OS_PendListInit                          0x0800cc89   Thumb Code    10  os_core.o(.text)
    OS_PendListInsertHead                    0x0800cc93   Thumb Code    32  os_core.o(.text)
    OS_PendObjDel1                           0x0800ccb3   Thumb Code    36  os_core.o(.text)
    OS_PendObjDel                            0x0800ccd7   Thumb Code   162  os_core.o(.text)
    OS_Post1                                 0x0800cd79   Thumb Code    42  os_core.o(.text)
    OS_Post                                  0x0800cda3   Thumb Code   192  os_core.o(.text)
    OS_Sched0                                0x0800ce63   Thumb Code   102  os_core.o(.text)
    OS_SchedRoundRobin                       0x0800cec9   Thumb Code   190  os_core.o(.text)
    OS_Dbg_Init                              0x0800cf99   Thumb Code   146  os_dbg.o(.text)
    OS_FlagDbgListAdd                        0x0800d149   Thumb Code    38  os_flag.o(.text)
    OSFlagCreate                             0x0800d16f   Thumb Code   172  os_flag.o(.text)
    OS_FlagClr                               0x0800d21b   Thumb Code    28  os_flag.o(.text)
    OS_FlagDbgListRemove                     0x0800d237   Thumb Code    44  os_flag.o(.text)
    OSFlagDel                                0x0800d263   Thumb Code   594  os_flag.o(.text)
    OS_FlagBlock                             0x0800d4b5   Thumb Code    58  os_flag.o(.text)
    OSFlagPend                               0x0800d4ef   Thumb Code  1488  os_flag.o(.text)
    OSFlagPendAbort                          0x0800dabf   Thumb Code   292  os_flag.o(.text)
    OSFlagPendGetFlagsRdy                    0x0800dbe3   Thumb Code    68  os_flag.o(.text)
    OS_FlagTaskRdy                           0x0800dc27   Thumb Code    86  os_flag.o(.text)
    OS_FlagPost                              0x0800dc7d   Thumb Code   570  os_flag.o(.text)
    OSFlagPost                               0x0800deb7   Thumb Code   146  os_flag.o(.text)
    OS_FlagInit                              0x0800df49   Thumb Code    14  os_flag.o(.text)
    OS_IntQPost                              0x0800df71   Thumb Code   216  os_int.o(.text)
    OS_IntQRePost                            0x0800e049   Thumb Code   360  os_int.o(.text)
    OS_IntQTask                              0x0800e1b1   Thumb Code   162  os_int.o(.text)
    OS_IntQTaskInit                          0x0800e253   Thumb Code   208  os_int.o(.text)
    OS_MemDbgListAdd                         0x0800e3b5   Thumb Code    34  os_mem.o(.text)
    OSMemCreate                              0x0800e3d7   Thumb Code   288  os_mem.o(.text)
    OSMemGet                                 0x0800e4f7   Thumb Code   100  os_mem.o(.text)
    OSMemPut                                 0x0800e55b   Thumb Code   112  os_mem.o(.text)
    OS_MemInit                               0x0800e5cb   Thumb Code    14  os_mem.o(.text)
    OS_MsgPoolCreate                         0x0800e5ed   Thumb Code    54  os_msg.o(.text)
    OS_MsgPoolInit                           0x0800e623   Thumb Code    70  os_msg.o(.text)
    OS_MsgQFreeAll                           0x0800e669   Thumb Code    62  os_msg.o(.text)
    OS_MsgQInit                              0x0800e6a7   Thumb Code    14  os_msg.o(.text)
    OS_MsgQGet                               0x0800e6b5   Thumb Code    98  os_msg.o(.text)
    OS_MsgQPut                               0x0800e717   Thumb Code   246  os_msg.o(.text)
    OS_MutexDbgListAdd                       0x0800e819   Thumb Code    38  os_mutex.o(.text)
    OSMutexCreate                            0x0800e83f   Thumb Code   178  os_mutex.o(.text)
    OS_MutexClr                              0x0800e8f1   Thumb Code    38  os_mutex.o(.text)
    OS_MutexDbgListRemove                    0x0800e917   Thumb Code    44  os_mutex.o(.text)
    OSMutexDel                               0x0800e943   Thumb Code   842  os_mutex.o(.text)
    OSMutexPend                              0x0800ec8d   Thumb Code   706  os_mutex.o(.text)
    OSMutexPendAbort                         0x0800ef4f   Thumb Code   314  os_mutex.o(.text)
    OSMutexPost                              0x0800f089   Thumb Code   564  os_mutex.o(.text)
    OS_MutexInit                             0x0800f2bd   Thumb Code    14  os_mutex.o(.text)
    OS_PrioInit                              0x0800f2ed   Thumb Code    20  os_prio.o(.text)
    OS_PrioGetHighest                        0x0800f301   Thumb Code    36  os_prio.o(.text)
    OS_PrioInsert                            0x0800f325   Thumb Code    32  os_prio.o(.text)
    OS_PrioRemove                            0x0800f345   Thumb Code    32  os_prio.o(.text)
    OS_QDbgListAdd                           0x0800f369   Thumb Code    38  os_q.o(.text)
    OSQCreate                                0x0800f38f   Thumb Code   186  os_q.o(.text)
    OS_QClr                                  0x0800f449   Thumb Code    40  os_q.o(.text)
    OS_QDbgListRemove                        0x0800f471   Thumb Code    44  os_q.o(.text)
    OSQDel                                   0x0800f49d   Thumb Code   362  os_q.o(.text)
    OSQFlush                                 0x0800f607   Thumb Code   210  os_q.o(.text)
    OSQPend                                  0x0800f6d9   Thumb Code   538  os_q.o(.text)
    OSQPendAbort                             0x0800f8f3   Thumb Code   292  os_q.o(.text)
    OS_QPost                                 0x0800fa17   Thumb Code   324  os_q.o(.text)
    OSQPost                                  0x0800fb5b   Thumb Code   198  os_q.o(.text)
    OS_QInit                                 0x0800fc21   Thumb Code    14  os_q.o(.text)
    OS_SemDbgListAdd                         0x0800fc41   Thumb Code    38  os_sem.o(.text)
    OSSemCreate                              0x0800fc67   Thumb Code   172  os_sem.o(.text)
    OS_SemClr                                0x0800fd13   Thumb Code    28  os_sem.o(.text)
    OS_SemDbgListRemove                      0x0800fd2f   Thumb Code    44  os_sem.o(.text)
    OSSemDel                                 0x0800fd5b   Thumb Code   362  os_sem.o(.text)
    OSSemPend                                0x0800fec5   Thumb Code   504  os_sem.o(.text)
    OSSemPendAbort                           0x080100bd   Thumb Code   292  os_sem.o(.text)
    OS_SemPost                               0x080101e1   Thumb Code   350  os_sem.o(.text)
    OSSemPost                                0x0801033f   Thumb Code   144  os_sem.o(.text)
    OSSemSet                                 0x080103cf   Thumb Code   138  os_sem.o(.text)
    OS_SemInit                               0x08010459   Thumb Code    14  os_sem.o(.text)
    OSStatReset                              0x08010471   Thumb Code   270  os_stat.o(.text)
    OSStatTaskCPUUsageInit                   0x0801057f   Thumb Code   212  os_stat.o(.text)
    OS_StatTask                              0x08010653   Thumb Code   888  os_stat.o(.text)
    OS_StatTaskInit                          0x080109cb   Thumb Code   138  os_stat.o(.text)
    OSTaskChangePrio                         0x08010aa9   Thumb Code   416  os_task.o(.text)
    OS_TaskDbgListAdd                        0x08010c49   Thumb Code    42  os_task.o(.text)
    OS_TaskInitTCB                           0x08010c73   Thumb Code   186  os_task.o(.text)
    OSTaskCreate                             0x08010d2d   Thumb Code   616  os_task.o(.text)
    OS_TaskDbgListRemove                     0x08010f95   Thumb Code    64  os_task.o(.text)
    OSTaskDel                                0x08010fd5   Thumb Code   424  os_task.o(.text)
    OSTaskQFlush                             0x0801117d   Thumb Code   214  os_task.o(.text)
    OSTaskQPend                              0x08011253   Thumb Code   554  os_task.o(.text)
    OSTaskQPendAbort                         0x0801147d   Thumb Code   242  os_task.o(.text)
    OS_TaskQPost                             0x0801156f   Thumb Code   526  os_task.o(.text)
    OSTaskQPost                              0x0801177d   Thumb Code   114  os_task.o(.text)
    OSTaskRegGet                             0x080117ef   Thumb Code    78  os_task.o(.text)
    OSTaskRegGetID                           0x0801183d   Thumb Code    84  os_task.o(.text)
    OSTaskRegSet                             0x08011891   Thumb Code    78  os_task.o(.text)
    OS_TaskResume                            0x080118df   Thumb Code   314  os_task.o(.text)
    OSTaskResume                             0x08011a19   Thumb Code   112  os_task.o(.text)
    OSTaskSemPend                            0x08011a89   Thumb Code   550  os_task.o(.text)
    OSTaskSemPendAbort                       0x08011caf   Thumb Code   270  os_task.o(.text)
    OS_TaskSemPost                           0x08011dbd   Thumb Code  1224  os_task.o(.text)
    OSTaskSemPost                            0x08012285   Thumb Code    98  os_task.o(.text)
    OSTaskSemSet                             0x080122e7   Thumb Code    80  os_task.o(.text)
    OSTaskStkChk                             0x08012337   Thumb Code   224  os_task.o(.text)
    OS_TaskSuspend                           0x08012417   Thumb Code   328  os_task.o(.text)
    OSTaskSuspend                            0x0801255f   Thumb Code    78  os_task.o(.text)
    OSTaskTimeQuantaSet                      0x080125ad   Thumb Code    96  os_task.o(.text)
    OS_TaskInit                              0x0801260d   Thumb Code    18  os_task.o(.text)
    OS_TaskReturn                            0x0801261f   Thumb Code    20  os_task.o(.text)
    OS_TickListRemove                        0x0801265d   Thumb Code    56  os_tick.o(.text)
    OS_TickListUpdate                        0x08012695   Thumb Code   480  os_tick.o(.text)
    OS_TickTask                              0x08012875   Thumb Code    38  os_tick.o(.text)
    OS_TickListInit                          0x0801289b   Thumb Code    32  os_tick.o(.text)
    OS_TickTaskInit                          0x080128bb   Thumb Code   130  os_tick.o(.text)
    OS_TickListInsert                        0x0801293d   Thumb Code   502  os_tick.o(.text)
    OS_TickListResetPeak                     0x08012b33   Thumb Code    28  os_tick.o(.text)
    OSTimeDly                                0x08012b59   Thumb Code   266  os_time.o(.text)
    OSTimeDlyHMSM                            0x08012c63   Thumb Code   480  os_time.o(.text)
    OSTimeDlyResume                          0x08012e43   Thumb Code   466  os_time.o(.text)
    OSTimeGet                                0x08013015   Thumb Code    46  os_time.o(.text)
    OSTimeSet                                0x08013043   Thumb Code    46  os_time.o(.text)
    OSTimeTick                               0x08013071   Thumb Code    54  os_time.o(.text)
    OS_TmrDbgListAdd                         0x080130bd   Thumb Code    34  os_tmr.o(.text)
    OSTmrCreate                              0x080130df   Thumb Code   248  os_tmr.o(.text)
    OS_TmrClr                                0x080131d7   Thumb Code    36  os_tmr.o(.text)
    OS_TmrUnlink                             0x080131fb   Thumb Code    72  os_tmr.o(.text)
    OS_TmrDbgListRemove                      0x08013243   Thumb Code    44  os_tmr.o(.text)
    OSTmrDel                                 0x0801326f   Thumb Code   176  os_tmr.o(.text)
    OSTmrRemainGet                           0x0801331f   Thumb Code   184  os_tmr.o(.text)
    OS_TmrLink                               0x080133d7   Thumb Code   196  os_tmr.o(.text)
    OSTmrStart                               0x0801349b   Thumb Code   210  os_tmr.o(.text)
    OSTmrStateGet                            0x0801356d   Thumb Code   134  os_tmr.o(.text)
    OSTmrStop                                0x080135f3   Thumb Code   232  os_tmr.o(.text)
    OS_TmrTask                               0x080136db   Thumb Code   176  os_tmr.o(.text)
    OS_TmrInit                               0x0801378b   Thumb Code   208  os_tmr.o(.text)
    OS_TmrResetPeak                          0x0801385b   Thumb Code    28  os_tmr.o(.text)
    OSIdleTaskHook                           0x080138d5   Thumb Code    16  os_cpu_c.o(.text)
    OSInitHook                               0x080138e5   Thumb Code    42  os_cpu_c.o(.text)
    OSStatTaskHook                           0x0801390f   Thumb Code    16  os_cpu_c.o(.text)
    OSTaskCreateHook                         0x0801391f   Thumb Code    20  os_cpu_c.o(.text)
    OSTaskDelHook                            0x08013933   Thumb Code    20  os_cpu_c.o(.text)
    OSTaskReturnHook                         0x08013947   Thumb Code    20  os_cpu_c.o(.text)
    OSTaskStkInit                            0x0801395b   Thumb Code   188  os_cpu_c.o(.text)
    OSTaskSwHook                             0x08013a17   Thumb Code   120  os_cpu_c.o(.text)
    OSTimeTickHook                           0x08013a8f   Thumb Code    16  os_cpu_c.o(.text)
    OS_CPU_SysTickHandler                    0x08013a9f   Thumb Code    52  os_cpu_c.o(.text)
    OS_CPU_SysTickInit                       0x08013ad3   Thumb Code    44  os_cpu_c.o(.text)
    __use_no_semihosting                     0x08013b41   Thumb Code     2  use_no_semi_2.o(.text)
    __aeabi_uldivmod                         0x08013b43   Thumb Code     0  lludivv7m.o(.text)
    _ll_udiv                                 0x08013b43   Thumb Code   238  lludivv7m.o(.text)
    __c89vprintf                             0x08013c31   Thumb Code     8  c89vprintf.o(.text)
    __c89vsprintf                            0x08013c3d   Thumb Code    32  c89vsprintf.o(.text)
    __2printf                                0x08013c61   Thumb Code    20  __2printf.o(.text)
    __2sprintf                               0x08013c79   Thumb Code    38  __2sprintf.o(.text)
    _printf_pre_padding                      0x08013ca5   Thumb Code    44  _printf_pad.o(.text)
    _printf_post_padding                     0x08013cd1   Thumb Code    34  _printf_pad.o(.text)
    _printf_str                              0x08013cf3   Thumb Code    82  _printf_str.o(.text)
    _printf_int_dec                          0x08013d45   Thumb Code   104  _printf_dec.o(.text)
    _printf_longlong_hex                     0x08013dbd   Thumb Code    86  _printf_hex_int_ll_ptr.o(.text)
    _printf_int_hex                          0x08013e13   Thumb Code    28  _printf_hex_int_ll_ptr.o(.text)
    _printf_ll_hex                           0x08013e2f   Thumb Code    12  _printf_hex_int_ll_ptr.o(.text)
    _printf_hex_ptr                          0x08013e3b   Thumb Code    18  _printf_hex_int_ll_ptr.o(.text)
    __printf                                 0x08013e51   Thumb Code   388  __printf_flags_ss_wp.o(.text)
    strlen                                   0x08013fd9   Thumb Code    62  strlen.o(.text)
    __aeabi_memcpy                           0x08014017   Thumb Code     0  rt_memcpy_v6.o(.text)
    __rt_memcpy                              0x08014017   Thumb Code   138  rt_memcpy_v6.o(.text)
    _memcpy_lastbytes                        0x0801407d   Thumb Code     0  rt_memcpy_v6.o(.text)
    __use_two_region_memory                  0x080140a1   Thumb Code     2  heapauxi.o(.text)
    __rt_heap_escrow$2region                 0x080140a3   Thumb Code     2  heapauxi.o(.text)
    __rt_heap_expand$2region                 0x080140a5   Thumb Code     2  heapauxi.o(.text)
    __I$use$semihosting                      0x080140a7   Thumb Code     0  use_no_semi.o(.text)
    __use_no_semihosting_swi                 0x080140a7   Thumb Code     2  use_no_semi.o(.text)
    _printf_truncate_signed                  0x080140a9   Thumb Code    18  _printf_truncate.o(.text)
    _printf_truncate_unsigned                0x080140bb   Thumb Code    18  _printf_truncate.o(.text)
    _printf_int_common                       0x080140cd   Thumb Code   178  _printf_intcommon.o(.text)
    _printf_charcount                        0x0801417f   Thumb Code    40  _printf_charcount.o(.text)
    _printf_char_common                      0x080141b3   Thumb Code    32  _printf_char_common.o(.text)
    _sputc                                   0x080141d9   Thumb Code    10  _sputc.o(.text)
    _printf_cs_common                        0x080141e3   Thumb Code    20  _printf_char.o(.text)
    _printf_char                             0x080141f7   Thumb Code    16  _printf_char.o(.text)
    _printf_string                           0x08014207   Thumb Code     8  _printf_char.o(.text)
    _printf_char_file                        0x08014211   Thumb Code    32  _printf_char_file.o(.text)
    _printf_wctomb                           0x08014235   Thumb Code   182  _printf_wctomb.o(.text)
    _printf_longlong_dec                     0x080142f1   Thumb Code   108  _printf_longlong_dec.o(.text)
    _printf_longlong_oct                     0x0801436d   Thumb Code    68  _printf_oct_int_ll.o(.text)
    _printf_int_oct                          0x080143b1   Thumb Code    24  _printf_oct_int_ll.o(.text)
    _printf_ll_oct                           0x080143c9   Thumb Code    12  _printf_oct_int_ll.o(.text)
    __aeabi_memcpy4                          0x080143dd   Thumb Code     0  rt_memcpy_w.o(.text)
    __aeabi_memcpy8                          0x080143dd   Thumb Code     0  rt_memcpy_w.o(.text)
    __rt_memcpy_w                            0x080143dd   Thumb Code   100  rt_memcpy_w.o(.text)
    _memcpy_lastbytes_aligned                0x08014425   Thumb Code     0  rt_memcpy_w.o(.text)
    _ll_udiv10                               0x08014441   Thumb Code   138  lludiv10.o(.text)
    __lib_sel_fp_printf                      0x080144cb   Thumb Code     2  _printf_fp_dec.o(.text)
    _printf_fp_dec_real                      0x08014679   Thumb Code   620  _printf_fp_dec.o(.text)
    _printf_lcs_common                       0x080148e5   Thumb Code    20  _printf_wchar.o(.text)
    _printf_wchar                            0x080148f9   Thumb Code    16  _printf_wchar.o(.text)
    _printf_wstring                          0x08014909   Thumb Code     8  _printf_wchar.o(.text)
    ferror                                   0x08014911   Thumb Code     8  ferror.o(.text)
    _wcrtomb                                 0x08014919   Thumb Code    64  _wcrtomb.o(.text)
    __user_libspace                          0x08014959   Thumb Code     8  libspace.o(.text)
    __user_perproc_libspace                  0x08014959   Thumb Code     0  libspace.o(.text)
    __user_perthread_libspace                0x08014959   Thumb Code     0  libspace.o(.text)
    __user_setup_stackheap                   0x08014961   Thumb Code    74  sys_stackheap_outer.o(.text)
    __rt_ctype_table                         0x080149ad   Thumb Code    16  rt_ctype_table.o(.text)
    __rt_locale                              0x080149bd   Thumb Code     8  rt_locale_intlibspace.o(.text)
    _printf_fp_infnan                        0x080149c5   Thumb Code   112  _printf_fp_infnan.o(.text)
    _btod_etento                             0x08014a45   Thumb Code   216  bigflt0.o(.text)
    exit                                     0x08014b21   Thumb Code    12  exit.o(.text)
    strcmp                                   0x08014b2d   Thumb Code   128  strcmpv7m.o(.text)
    _btod_d2e                                0x08014bad   Thumb Code    62  btod.o(CL$$btod_d2e)
    _d2e_denorm_low                          0x08014beb   Thumb Code    70  btod.o(CL$$btod_d2e_denorm_low)
    _d2e_norm_op1                            0x08014c31   Thumb Code    96  btod.o(CL$$btod_d2e_norm_op1)
    __btod_div_common                        0x08014c91   Thumb Code   696  btod.o(CL$$btod_div_common)
    _e2e                                     0x08014fc9   Thumb Code   198  btod.o(CL$$btod_e2e)
    _btod_ediv                               0x0801508f   Thumb Code    40  btod.o(CL$$btod_ediv)
    _btod_emul                               0x080150b7   Thumb Code    40  btod.o(CL$$btod_emul)
    __btod_mult_common                       0x080150df   Thumb Code   580  btod.o(CL$$btod_mult_common)
    OSStartHighRdy                           0x08015325   Thumb Code     0  os_cpu_a.o(CODE)
    PendSV_Handler                           0x0801535b   Thumb Code     0  os_cpu_a.o(CODE)
    __ARM_fpclassify                         0x080153bd   Thumb Code    40  fpclassify.o(i.__ARM_fpclassify)
    _is_digit                                0x080153e5   Thumb Code    14  __printf_wp.o(i._is_digit)
    _get_lc_numeric                          0x080153f5   Thumb Code    44  lc_numeric_c.o(locale$$code)
    _get_lc_ctype                            0x08015421   Thumb Code    44  lc_ctype_c.o(locale$$code)
    __aeabi_d2uiz                            0x0801544d   Thumb Code     0  dfixu.o(x$fpl$dfixu)
    _dfixu                                   0x0801544d   Thumb Code    90  dfixu.o(x$fpl$dfixu)
    __aeabi_ui2d                             0x080154a7   Thumb Code     0  dflt_clz.o(x$fpl$dfltu)
    _dfltu                                   0x080154a7   Thumb Code    38  dflt_clz.o(x$fpl$dfltu)
    __aeabi_dmul                             0x080154cd   Thumb Code     0  dmul.o(x$fpl$dmul)
    _dmul                                    0x080154cd   Thumb Code   332  dmul.o(x$fpl$dmul)
    __fpl_dnaninf                            0x08015621   Thumb Code   156  dnaninf.o(x$fpl$dnaninf)
    __fpl_dretinf                            0x080156bd   Thumb Code    12  dretinf.o(x$fpl$dretinf)
    _printf_fp_dec                           0x080156c9   Thumb Code     4  printf1.o(x$fpl$printf1)
    __I$use$fp                               0x080156cc   Number         0  usenofp.o(x$fpl$usenofp)
    asc2_1206                                0x080156cc   Data        1140  lcd.o(.constdata)
    asc2_1608                                0x08015b40   Data        1520  lcd.o(.constdata)
    asc2_2412                                0x08016130   Data        3420  lcd.o(.constdata)
    F6x8                                     0x08016e8c   Data         552  oled.o(.constdata)
    F8X16                                    0x080170b4   Data        1520  oled.o(.constdata)
    Hzk                                      0x080176a4   Data        1216  oled.o(.constdata)
    CPU_EndiannessTest                       0x08017c64   Data           4  cpu_core.o(.constdata)
    OSCfg_IdleTaskStkBasePtr                 0x08017cfc   Data           4  os_cfg_app.o(.constdata)
    OSCfg_IdleTaskStkLimit                   0x08017d00   Data           4  os_cfg_app.o(.constdata)
    OSCfg_IdleTaskStkSize                    0x08017d04   Data           4  os_cfg_app.o(.constdata)
    OSCfg_IdleTaskStkSizeRAM                 0x08017d08   Data           4  os_cfg_app.o(.constdata)
    OSCfg_IntQBasePtr                        0x08017d0c   Data           4  os_cfg_app.o(.constdata)
    OSCfg_IntQSize                           0x08017d10   Data           2  os_cfg_app.o(.constdata)
    OSCfg_IntQSizeRAM                        0x08017d14   Data           4  os_cfg_app.o(.constdata)
    OSCfg_IntQTaskStkBasePtr                 0x08017d18   Data           4  os_cfg_app.o(.constdata)
    OSCfg_IntQTaskStkLimit                   0x08017d1c   Data           4  os_cfg_app.o(.constdata)
    OSCfg_IntQTaskStkSize                    0x08017d20   Data           4  os_cfg_app.o(.constdata)
    OSCfg_IntQTaskStkSizeRAM                 0x08017d24   Data           4  os_cfg_app.o(.constdata)
    OSCfg_ISRStkBasePtr                      0x08017d28   Data           4  os_cfg_app.o(.constdata)
    OSCfg_ISRStkSize                         0x08017d2c   Data           4  os_cfg_app.o(.constdata)
    OSCfg_ISRStkSizeRAM                      0x08017d30   Data           4  os_cfg_app.o(.constdata)
    OSCfg_MsgPoolSize                        0x08017d34   Data           2  os_cfg_app.o(.constdata)
    OSCfg_MsgPoolSizeRAM                     0x08017d38   Data           4  os_cfg_app.o(.constdata)
    OSCfg_MsgPoolBasePtr                     0x08017d3c   Data           4  os_cfg_app.o(.constdata)
    OSCfg_StatTaskPrio                       0x08017d40   Data           1  os_cfg_app.o(.constdata)
    OSCfg_StatTaskRate_Hz                    0x08017d44   Data           4  os_cfg_app.o(.constdata)
    OSCfg_StatTaskStkBasePtr                 0x08017d48   Data           4  os_cfg_app.o(.constdata)
    OSCfg_StatTaskStkLimit                   0x08017d4c   Data           4  os_cfg_app.o(.constdata)
    OSCfg_StatTaskStkSize                    0x08017d50   Data           4  os_cfg_app.o(.constdata)
    OSCfg_StatTaskStkSizeRAM                 0x08017d54   Data           4  os_cfg_app.o(.constdata)
    OSCfg_StkSizeMin                         0x08017d58   Data           4  os_cfg_app.o(.constdata)
    OSCfg_TickRate_Hz                        0x08017d5c   Data           4  os_cfg_app.o(.constdata)
    OSCfg_TickTaskPrio                       0x08017d60   Data           1  os_cfg_app.o(.constdata)
    OSCfg_TickTaskStkBasePtr                 0x08017d64   Data           4  os_cfg_app.o(.constdata)
    OSCfg_TickTaskStkLimit                   0x08017d68   Data           4  os_cfg_app.o(.constdata)
    OSCfg_TickTaskStkSize                    0x08017d6c   Data           4  os_cfg_app.o(.constdata)
    OSCfg_TickTaskStkSizeRAM                 0x08017d70   Data           4  os_cfg_app.o(.constdata)
    OSCfg_TickWheelSize                      0x08017d74   Data           2  os_cfg_app.o(.constdata)
    OSCfg_TickWheelSizeRAM                   0x08017d78   Data           4  os_cfg_app.o(.constdata)
    OSCfg_TmrTaskPrio                        0x08017d7c   Data           1  os_cfg_app.o(.constdata)
    OSCfg_TmrTaskRate_Hz                     0x08017d80   Data           4  os_cfg_app.o(.constdata)
    OSCfg_TmrTaskStkBasePtr                  0x08017d84   Data           4  os_cfg_app.o(.constdata)
    OSCfg_TmrTaskStkLimit                    0x08017d88   Data           4  os_cfg_app.o(.constdata)
    OSCfg_TmrTaskStkSize                     0x08017d8c   Data           4  os_cfg_app.o(.constdata)
    OSCfg_TmrTaskStkSizeRAM                  0x08017d90   Data           4  os_cfg_app.o(.constdata)
    OSCfg_TmrWheelSize                       0x08017d94   Data           2  os_cfg_app.o(.constdata)
    OSCfg_TmrWheelSizeRAM                    0x08017d98   Data           4  os_cfg_app.o(.constdata)
    OSCfg_DataSizeRAM                        0x08017d9c   Data           4  os_cfg_app.o(.constdata)
    OSDbg_DbgEn                              0x08017da0   Data           2  os_dbg.o(.constdata)
    OSDbg_ArgChkEn                           0x08017da2   Data           1  os_dbg.o(.constdata)
    OSDbg_AppHooksEn                         0x08017da3   Data           1  os_dbg.o(.constdata)
    OSDbg_EndiannessTest                     0x08017da4   Data           4  os_dbg.o(.constdata)
    OSDbg_CalledFromISRChkEn                 0x08017da8   Data           1  os_dbg.o(.constdata)
    OSDbg_FlagEn                             0x08017da9   Data           1  os_dbg.o(.constdata)
    OSDbg_FlagGrp                            0x08017dac   Data          40  os_dbg.o(.constdata)
    OSDbg_FlagDelEn                          0x08017dd4   Data           1  os_dbg.o(.constdata)
    OSDbg_FlagModeClrEn                      0x08017dd5   Data           1  os_dbg.o(.constdata)
    OSDbg_FlagPendAbortEn                    0x08017dd6   Data           1  os_dbg.o(.constdata)
    OSDbg_FlagGrpSize                        0x08017dd8   Data           2  os_dbg.o(.constdata)
    OSDbg_FlagWidth                          0x08017dda   Data           2  os_dbg.o(.constdata)
    OSDbg_IntQ                               0x08017ddc   Data           2  os_dbg.o(.constdata)
    OSDbg_ISRPostDeferredEn                  0x08017dde   Data           1  os_dbg.o(.constdata)
    OSDbg_Mem                                0x08017de0   Data          32  os_dbg.o(.constdata)
    OSDbg_MemEn                              0x08017e00   Data           1  os_dbg.o(.constdata)
    OSDbg_MemSize                            0x08017e02   Data           2  os_dbg.o(.constdata)
    OSDbg_MsgEn                              0x08017e04   Data           1  os_dbg.o(.constdata)
    OSDbg_MsgSize                            0x08017e06   Data           2  os_dbg.o(.constdata)
    OSDbg_MsgPoolSize                        0x08017e08   Data           2  os_dbg.o(.constdata)
    OSDbg_MsgQSize                           0x08017e0a   Data           2  os_dbg.o(.constdata)
    OSDbg_Mutex                              0x08017e0c   Data          44  os_dbg.o(.constdata)
    OSDbg_MutexEn                            0x08017e38   Data           1  os_dbg.o(.constdata)
    OSDbg_MutexDelEn                         0x08017e39   Data           1  os_dbg.o(.constdata)
    OSDbg_MutexPendAbortEn                   0x08017e3a   Data           1  os_dbg.o(.constdata)
    OSDbg_MutexSize                          0x08017e3c   Data           2  os_dbg.o(.constdata)
    OSDbg_ObjTypeChkEn                       0x08017e3e   Data           1  os_dbg.o(.constdata)
    OSDbg_PendMultiEn                        0x08017e3f   Data           1  os_dbg.o(.constdata)
    OSDbg_PendDataSize                       0x08017e40   Data           2  os_dbg.o(.constdata)
    OSDbg_PendListSize                       0x08017e42   Data           2  os_dbg.o(.constdata)
    OSDbg_PendObjSize                        0x08017e44   Data           2  os_dbg.o(.constdata)
    OSDbg_PrioMax                            0x08017e46   Data           2  os_dbg.o(.constdata)
    OSDbg_PrioTblSize                        0x08017e48   Data           2  os_dbg.o(.constdata)
    OSDbg_PtrSize                            0x08017e4a   Data           2  os_dbg.o(.constdata)
    OSDbg_Q                                  0x08017e4c   Data          48  os_dbg.o(.constdata)
    OSDbg_QEn                                0x08017e7c   Data           1  os_dbg.o(.constdata)
    OSDbg_QDelEn                             0x08017e7d   Data           1  os_dbg.o(.constdata)
    OSDbg_QFlushEn                           0x08017e7e   Data           1  os_dbg.o(.constdata)
    OSDbg_QPendAbortEn                       0x08017e7f   Data           1  os_dbg.o(.constdata)
    OSDbg_QSize                              0x08017e80   Data           2  os_dbg.o(.constdata)
    OSDbg_SchedRoundRobinEn                  0x08017e82   Data           1  os_dbg.o(.constdata)
    OSDbg_Sem                                0x08017e84   Data          40  os_dbg.o(.constdata)
    OSDbg_SemEn                              0x08017eac   Data           1  os_dbg.o(.constdata)
    OSDbg_SemDelEn                           0x08017ead   Data           1  os_dbg.o(.constdata)
    OSDbg_SemPendAbortEn                     0x08017eae   Data           1  os_dbg.o(.constdata)
    OSDbg_SemSetEn                           0x08017eaf   Data           1  os_dbg.o(.constdata)
    OSDbg_SemSize                            0x08017eb0   Data           2  os_dbg.o(.constdata)
    OSDbg_RdyList                            0x08017eb2   Data           2  os_dbg.o(.constdata)
    OSDbg_RdyListSize                        0x08017eb4   Data           4  os_dbg.o(.constdata)
    OSDbg_StkWidth                           0x08017eb8   Data           1  os_dbg.o(.constdata)
    OSDbg_StatTaskEn                         0x08017eb9   Data           1  os_dbg.o(.constdata)
    OSDbg_StatTaskStkChkEn                   0x08017eba   Data           1  os_dbg.o(.constdata)
    OSDbg_TaskChangePrioEn                   0x08017ebb   Data           1  os_dbg.o(.constdata)
    OSDbg_TaskDelEn                          0x08017ebc   Data           1  os_dbg.o(.constdata)
    OSDbg_TaskQEn                            0x08017ebd   Data           1  os_dbg.o(.constdata)
    OSDbg_TaskQPendAbortEn                   0x08017ebe   Data           1  os_dbg.o(.constdata)
    OSDbg_TaskProfileEn                      0x08017ebf   Data           1  os_dbg.o(.constdata)
    OSDbg_TaskRegTblSize                     0x08017ec0   Data           2  os_dbg.o(.constdata)
    OSDbg_TaskSemPendAbortEn                 0x08017ec2   Data           1  os_dbg.o(.constdata)
    OSDbg_TaskSuspendEn                      0x08017ec3   Data           1  os_dbg.o(.constdata)
    OSDbg_TCBSize                            0x08017ec4   Data           2  os_dbg.o(.constdata)
    OSDbg_TickSpokeSize                      0x08017ec6   Data           2  os_dbg.o(.constdata)
    OSDbg_TimeDlyHMSMEn                      0x08017ec8   Data           1  os_dbg.o(.constdata)
    OSDbg_TimeDlyResumeEn                    0x08017ec9   Data           1  os_dbg.o(.constdata)
    OSDbg_TLS_TblSize                        0x08017eca   Data           2  os_dbg.o(.constdata)
    OSDbg_Tmr                                0x08017ecc   Data          52  os_dbg.o(.constdata)
    OSDbg_TmrEn                              0x08017f00   Data           1  os_dbg.o(.constdata)
    OSDbg_TmrDelEn                           0x08017f01   Data           1  os_dbg.o(.constdata)
    OSDbg_TmrSize                            0x08017f02   Data           2  os_dbg.o(.constdata)
    OSDbg_TmrSpokeSize                       0x08017f04   Data           2  os_dbg.o(.constdata)
    OSDbg_VersionNbr                         0x08017f06   Data           2  os_dbg.o(.constdata)
    OSDbg_DataSize                           0x08017f08   Data           4  os_dbg.o(.constdata)
    Region$$Table$$Base                      0x08017fe4   Number         0  anon$$obj.o(Region$$Table)
    Region$$Table$$Limit                     0x08018004   Number         0  anon$$obj.o(Region$$Table)
    __ctype                                  0x0801802d   Data           0  lc_ctype_c.o(locale$$data)
    SystemCoreClock                          0x20000000   Data           4  system_stm32f10x.o(.data)
    AHBPrescTable                            0x20000004   Data          16  system_stm32f10x.o(.data)
    POINT_COLOR                              0x20000014   Data           2  lcd.o(.data)
    BACK_COLOR                               0x20000016   Data           2  lcd.o(.data)
    TransferError                            0x20000026   Data           1  sdio_sdcard.o(.data)
    TransferEnd                              0x20000027   Data           1  sdio_sdcard.o(.data)
    tempbuff                                 0x20000028   Data           4  sdio_sdcard.o(.data)
    USART3_RX_STA                            0x2000002c   Data           2  usart3.o(.data)
    __stdout                                 0x20000034   Data           4  usart.o(.data)
    USART_RX_STA                             0x20000038   Data           2  usart.o(.data)
    CPU_TS_TmrFreq_Hz                        0x20000054   Data           4  cpu_core.o(.data)
    Mem_PoolTbl                              0x20000058   Data           4  lib_mem.o(.data)
    OSPrioTbl                                0x2000005c   Data           8  os_prio.o(.data)
    OS_AppTaskCreateHookPtr                  0x20000064   Data           4  os_var.o(.data)
    OS_AppTaskDelHookPtr                     0x20000068   Data           4  os_var.o(.data)
    OS_AppTaskReturnHookPtr                  0x2000006c   Data           4  os_var.o(.data)
    OS_AppIdleTaskHookPtr                    0x20000070   Data           4  os_var.o(.data)
    OS_AppStatTaskHookPtr                    0x20000074   Data           4  os_var.o(.data)
    OS_AppTaskSwHookPtr                      0x20000078   Data           4  os_var.o(.data)
    OS_AppTimeTickHookPtr                    0x2000007c   Data           4  os_var.o(.data)
    OSIdleTaskCtr                            0x20000080   Data           4  os_var.o(.data)
    OSIntNestingCtr                          0x20000084   Data           1  os_var.o(.data)
    OSRunning                                0x20000085   Data           1  os_var.o(.data)
    OSIntQInPtr                              0x20000088   Data           4  os_var.o(.data)
    OSIntQOutPtr                             0x2000008c   Data           4  os_var.o(.data)
    OSIntQNbrEntries                         0x20000090   Data           2  os_var.o(.data)
    OSIntQNbrEntriesMax                      0x20000092   Data           2  os_var.o(.data)
    OSIntQOvfCtr                             0x20000094   Data           2  os_var.o(.data)
    OSIntQTaskTimeMax                        0x20000098   Data           4  os_var.o(.data)
    OSFlagDbgListPtr                         0x2000009c   Data           4  os_var.o(.data)
    OSFlagQty                                0x200000a0   Data           2  os_var.o(.data)
    OSMemDbgListPtr                          0x200000a4   Data           4  os_var.o(.data)
    OSMemQty                                 0x200000a8   Data           2  os_var.o(.data)
    OSMutexDbgListPtr                        0x200000ac   Data           4  os_var.o(.data)
    OSMutexQty                               0x200000b0   Data           2  os_var.o(.data)
    OSPrioCur                                0x200000b2   Data           1  os_var.o(.data)
    OSPrioHighRdy                            0x200000b3   Data           1  os_var.o(.data)
    OSPrioSaved                              0x200000b4   Data           1  os_var.o(.data)
    OSQDbgListPtr                            0x200000b8   Data           4  os_var.o(.data)
    OSQQty                                   0x200000bc   Data           2  os_var.o(.data)
    OSSchedLockTimeBegin                     0x200000c0   Data           4  os_var.o(.data)
    OSSchedLockTimeMax                       0x200000c4   Data           4  os_var.o(.data)
    OSSchedLockTimeMaxCur                    0x200000c8   Data           4  os_var.o(.data)
    OSSchedLockNestingCtr                    0x200000cc   Data           1  os_var.o(.data)
    OSSchedRoundRobinDfltTimeQuanta          0x200000d0   Data           4  os_var.o(.data)
    OSSchedRoundRobinEn                      0x200000d4   Data           1  os_var.o(.data)
    OSSemDbgListPtr                          0x200000d8   Data           4  os_var.o(.data)
    OSSemQty                                 0x200000dc   Data           2  os_var.o(.data)
    OSStatResetFlag                          0x200000de   Data           1  os_var.o(.data)
    OSStatTaskCPUUsage                       0x200000e0   Data           2  os_var.o(.data)
    OSStatTaskCPUUsageMax                    0x200000e2   Data           2  os_var.o(.data)
    OSStatTaskCtr                            0x200000e4   Data           4  os_var.o(.data)
    OSStatTaskCtrMax                         0x200000e8   Data           4  os_var.o(.data)
    OSStatTaskCtrRun                         0x200000ec   Data           4  os_var.o(.data)
    OSStatTaskRdy                            0x200000f0   Data           1  os_var.o(.data)
    OSStatTaskTimeMax                        0x200000f4   Data           4  os_var.o(.data)
    OSTaskCtxSwCtr                           0x200000f8   Data           4  os_var.o(.data)
    OSTaskDbgListPtr                         0x200000fc   Data           4  os_var.o(.data)
    OSTaskQty                                0x20000100   Data           2  os_var.o(.data)
    OSTaskRegNextAvailID                     0x20000102   Data           1  os_var.o(.data)
    OSTickCtr                                0x20000104   Data           4  os_var.o(.data)
    OSTickTaskTimeMax                        0x20000108   Data           4  os_var.o(.data)
    OSTmrDbgListPtr                          0x2000010c   Data           4  os_var.o(.data)
    OSTmrQty                                 0x20000110   Data           2  os_var.o(.data)
    OSTmrTaskTimeMax                         0x20000114   Data           4  os_var.o(.data)
    OSTmrTickCtr                             0x20000118   Data           4  os_var.o(.data)
    OSTmrUpdateCnt                           0x2000011c   Data           4  os_var.o(.data)
    OSTmrUpdateCtr                           0x20000120   Data           4  os_var.o(.data)
    OSTCBCurPtr                              0x20000124   Data           4  os_var.o(.data)
    OSTCBHighRdyPtr                          0x20000128   Data           4  os_var.o(.data)
    OS_CPU_ExceptStkBase                     0x2000012c   Data           4  os_cpu_c.o(.data)
    Start_Task_TCB                           0x20000130   Data         196  main.o(.bss)
    START_TASK_STK                           0x200001f4   Data        2048  main.o(.bss)
    DHT11_Task_TCB                           0x200009f4   Data         196  main.o(.bss)
    DHT11_TASK_STK                           0x20000ab8   Data         512  main.o(.bss)
    TDLAS_Task_TCB                           0x20000cb8   Data         196  main.o(.bss)
    TDLAS_TASK_STK                           0x20000d7c   Data         512  main.o(.bss)
    IWG_Task_TCB                             0x20000f7c   Data         196  main.o(.bss)
    IWG_TASK_STK                             0x20001040   Data         512  main.o(.bss)
    ALARM_Task_TCB                           0x20001240   Data         196  main.o(.bss)
    ALARM_TASK_STK                           0x20001304   Data         512  main.o(.bss)
    LORA_Task_TCB                            0x20001504   Data         196  main.o(.bss)
    LORA_TASK_STK                            0x200015c8   Data         512  main.o(.bss)
    SAVE_Task_TCB                            0x200017c8   Data         196  main.o(.bss)
    SAVE_TASK_STK                            0x2000188c   Data         512  main.o(.bss)
    RTC_Task_TCB                             0x20001a8c   Data         196  main.o(.bss)
    RTC_TASK_STK                             0x20001b50   Data         512  main.o(.bss)
    RTC_ALARM_Task_TCB                       0x20001d50   Data         196  main.o(.bss)
    RTC_ALARM_TASK_STK                       0x20001e14   Data         512  main.o(.bss)
    LED0_Task_TCB                            0x20002014   Data         196  main.o(.bss)
    LED0_TASK_STK                            0x200020d8   Data         512  main.o(.bss)
    LED1_Task_TCB                            0x200022d8   Data         196  main.o(.bss)
    LED1_TASK_STK                            0x2000239c   Data         512  main.o(.bss)
    BEEP_Task_TCB                            0x2000259c   Data         196  main.o(.bss)
    BEEP_TASK_STK                            0x20002660   Data         512  main.o(.bss)
    KEY_Task_TCB                             0x20002860   Data         196  main.o(.bss)
    KEY_TASK_STK                             0x20002924   Data         512  main.o(.bss)
    USART1_Task_TCB                          0x20002b24   Data         196  main.o(.bss)
    USART1_TASK_STK                          0x20002be8   Data         512  main.o(.bss)
    TASK_STA_Task_TCB                        0x20002de8   Data         196  main.o(.bss)
    TASK_STA_TASK_STK                        0x20002eac   Data         512  main.o(.bss)
    g_flag_grp                               0x200030ac   Data          40  main.o(.bss)
    g_mutex_printf                           0x200030d4   Data          44  main.o(.bss)
    g_mutex_oled                             0x20003100   Data          44  main.o(.bss)
    g_mutex_lcd                              0x2000312c   Data          44  main.o(.bss)
    g_queue_dht11_to_txt                     0x20003158   Data          48  main.o(.bss)
    g_queue_dht11_to_lora                    0x20003188   Data          48  main.o(.bss)
    g_queue_TDLAS_to_alarm                   0x200031b8   Data          48  main.o(.bss)
    g_queue_TDLAS_to_lora                    0x200031e8   Data          48  main.o(.bss)
    g_queue_TDLAS_to_txt                     0x20003218   Data          48  main.o(.bss)
    g_queue_rtc_to_txt                       0x20003248   Data          48  main.o(.bss)
    g_queue_rtc_to_lora                      0x20003278   Data          48  main.o(.bss)
    g_queue_usart1                           0x200032a8   Data          48  main.o(.bss)
    g_sem_led                                0x200032d8   Data          40  main.o(.bss)
    g_sem_beep                               0x20003300   Data          40  main.o(.bss)
    g_tmr_wdt                                0x20003328   Data          52  main.o(.bss)
    lcddev                                   0x2000335c   Data          14  lcd.o(.bss)
    SDIO_InitStructure                       0x20003370   Data          24  sdio_sdcard.o(.bss)
    SDIO_CmdInitStructure                    0x20003388   Data          20  sdio_sdcard.o(.bss)
    SDIO_DataInitStructure                   0x2000339c   Data          24  sdio_sdcard.o(.bss)
    SDCardInfo                               0x200033d8   Data          88  sdio_sdcard.o(.bss)
    SDIO_DATA_BUFFER                         0x20003430   Data         512  sdio_sdcard.o(.bss)
    USART3_RX_BUF                            0x20003630   Data         600  usart3.o(.bss)
    USART3_TX_BUF                            0x20003888   Data         600  usart3.o(.bss)
    USART_RX_BUF                             0x20003ae0   Data         200  usart.o(.bss)
    CPU_Name                                 0x20003c28   Data          16  cpu_core.o(.bss)
    Mem_PoolHeap                             0x20003c38   Data          72  lib_mem.o(.bss)
    Mem_Heap                                 0x20003c80   Data        1024  lib_mem.o(.bss)
    OSCfg_IdleTaskStk                        0x20004080   Data         512  os_cfg_app.o(.bss)
    OSCfg_IntQ                               0x20004280   Data         320  os_cfg_app.o(.bss)
    OSCfg_IntQTaskStk                        0x200043c0   Data         512  os_cfg_app.o(.bss)
    OSCfg_ISRStk                             0x200045c0   Data         512  os_cfg_app.o(.bss)
    OSCfg_MsgPool                            0x200047c0   Data        1600  os_cfg_app.o(.bss)
    OSCfg_StatTaskStk                        0x20004e00   Data         512  os_cfg_app.o(.bss)
    OSCfg_TickTaskStk                        0x20005000   Data         512  os_cfg_app.o(.bss)
    OSCfg_TickWheel                          0x20005200   Data         136  os_cfg_app.o(.bss)
    OSCfg_TmrTaskStk                         0x20005288   Data         512  os_cfg_app.o(.bss)
    OSCfg_TmrWheel                           0x20005488   Data         136  os_cfg_app.o(.bss)
    OSIdleTaskTCB                            0x20005510   Data         196  os_var.o(.bss)
    OSIntQTaskTCB                            0x200055d4   Data         196  os_var.o(.bss)
    OSMsgPool                                0x20005698   Data          12  os_var.o(.bss)
    OSRdyList                                0x200056a4   Data         768  os_var.o(.bss)
    OSStatTaskTCB                            0x200059a4   Data         196  os_var.o(.bss)
    OSTickTaskTCB                            0x20005a68   Data         196  os_var.o(.bss)
    OSTmrTaskTCB                             0x20005b2c   Data         196  os_var.o(.bss)
    __libspace_start                         0x20005bf0   Data          96  libspace.o(.bss)
    __temporary_stack_top$libspace           0x20005c50   Data           0  libspace.o(.bss)
    mem2base                                 0x68000000   Data       983040  malloc.o(.ARM.__AT_0x68000000)
    mem2mapbase                              0x680f0000   Data       61440  malloc.o(.ARM.__AT_0x680F0000)



==============================================================================

Memory Map of the image

  Image Entry point : 0x08000131

  Load Region LR_IROM1 (Base: 0x08000000, Size: 0x00018260, Max: 0x00080000, ABSOLUTE, COMPRESSED[0x00018150])

    Execution Region ER_IROM1 (Base: 0x08000000, Size: 0x00018130, Max: 0x00080000, ABSOLUTE)

    Base Addr    Size         Type   Attr      Idx    E Section Name        Object

    0x08000000   0x00000130   Data   RO          677    RESET               startup_stm32f10x_hd.o
    0x08000130   0x00000008   Code   RO         1462  * !!!main             c_w.l(__main.o)
    0x08000138   0x00000034   Code   RO         1884    !!!scatter          c_w.l(__scatter.o)
    0x0800016c   0x0000005a   Code   RO         1882    !!dczerorl2         c_w.l(__dczerorl2.o)
    0x080001c6   0x00000002   PAD
    0x080001c8   0x0000001c   Code   RO         1886    !!handler_zi        c_w.l(__scatter_zi.o)
    0x080001e4   0x00000000   Code   RO         1451    .ARM.Collect$$_printf_percent$$00000000  c_w.l(_printf_percent.o)
    0x080001e4   0x00000006   Code   RO         1575    .ARM.Collect$$_printf_percent$$00000001  c_w.l(_printf_n.o)
    0x080001ea   0x00000006   Code   RO         1576    .ARM.Collect$$_printf_percent$$00000002  c_w.l(_printf_p.o)
    0x080001f0   0x00000006   Code   RO         1580    .ARM.Collect$$_printf_percent$$00000003  c_w.l(_printf_f.o)
    0x080001f6   0x00000006   Code   RO         1581    .ARM.Collect$$_printf_percent$$00000004  c_w.l(_printf_e.o)
    0x080001fc   0x00000006   Code   RO         1582    .ARM.Collect$$_printf_percent$$00000005  c_w.l(_printf_g.o)
    0x08000202   0x00000006   Code   RO         1583    .ARM.Collect$$_printf_percent$$00000006  c_w.l(_printf_a.o)
    0x08000208   0x0000000a   Code   RO         1588    .ARM.Collect$$_printf_percent$$00000007  c_w.l(_printf_ll.o)
    0x08000212   0x00000006   Code   RO         1578    .ARM.Collect$$_printf_percent$$00000008  c_w.l(_printf_i.o)
    0x08000218   0x00000006   Code   RO         1450    .ARM.Collect$$_printf_percent$$00000009  c_w.l(_printf_d.o)
    0x0800021e   0x00000006   Code   RO         1579    .ARM.Collect$$_printf_percent$$0000000A  c_w.l(_printf_u.o)
    0x08000224   0x00000006   Code   RO         1577    .ARM.Collect$$_printf_percent$$0000000B  c_w.l(_printf_o.o)
    0x0800022a   0x00000006   Code   RO         1449    .ARM.Collect$$_printf_percent$$0000000C  c_w.l(_printf_x.o)
    0x08000230   0x00000006   Code   RO         1585    .ARM.Collect$$_printf_percent$$0000000D  c_w.l(_printf_lli.o)
    0x08000236   0x00000006   Code   RO         1586    .ARM.Collect$$_printf_percent$$0000000E  c_w.l(_printf_lld.o)
    0x0800023c   0x00000006   Code   RO         1587    .ARM.Collect$$_printf_percent$$0000000F  c_w.l(_printf_llu.o)
    0x08000242   0x00000006   Code   RO         1592    .ARM.Collect$$_printf_percent$$00000010  c_w.l(_printf_llo.o)
    0x08000248   0x00000006   Code   RO         1593    .ARM.Collect$$_printf_percent$$00000011  c_w.l(_printf_llx.o)
    0x0800024e   0x0000000a   Code   RO         1589    .ARM.Collect$$_printf_percent$$00000012  c_w.l(_printf_l.o)
    0x08000258   0x00000006   Code   RO         1574    .ARM.Collect$$_printf_percent$$00000013  c_w.l(_printf_c.o)
    0x0800025e   0x00000006   Code   RO         1448    .ARM.Collect$$_printf_percent$$00000014  c_w.l(_printf_s.o)
    0x08000264   0x00000006   Code   RO         1590    .ARM.Collect$$_printf_percent$$00000015  c_w.l(_printf_lc.o)
    0x0800026a   0x00000006   Code   RO         1591    .ARM.Collect$$_printf_percent$$00000016  c_w.l(_printf_ls.o)
    0x08000270   0x00000004   Code   RO         1584    .ARM.Collect$$_printf_percent$$00000017  c_w.l(_printf_percent_end.o)
    0x08000274   0x00000002   Code   RO         1747    .ARM.Collect$$libinit$$00000000  c_w.l(libinit.o)
    0x08000276   0x00000000   Code   RO         1768    .ARM.Collect$$libinit$$00000002  c_w.l(libinit2.o)
    0x08000276   0x00000000   Code   RO         1770    .ARM.Collect$$libinit$$00000004  c_w.l(libinit2.o)
    0x08000276   0x00000000   Code   RO         1773    .ARM.Collect$$libinit$$0000000A  c_w.l(libinit2.o)
    0x08000276   0x00000000   Code   RO         1775    .ARM.Collect$$libinit$$0000000C  c_w.l(libinit2.o)
    0x08000276   0x00000000   Code   RO         1777    .ARM.Collect$$libinit$$0000000E  c_w.l(libinit2.o)
    0x08000276   0x00000006   Code   RO         1778    .ARM.Collect$$libinit$$0000000F  c_w.l(libinit2.o)
    0x0800027c   0x00000000   Code   RO         1780    .ARM.Collect$$libinit$$00000011  c_w.l(libinit2.o)
    0x0800027c   0x0000000c   Code   RO         1781    .ARM.Collect$$libinit$$00000012  c_w.l(libinit2.o)
    0x08000288   0x00000000   Code   RO         1782    .ARM.Collect$$libinit$$00000013  c_w.l(libinit2.o)
    0x08000288   0x00000000   Code   RO         1784    .ARM.Collect$$libinit$$00000015  c_w.l(libinit2.o)
    0x08000288   0x0000000a   Code   RO         1785    .ARM.Collect$$libinit$$00000016  c_w.l(libinit2.o)
    0x08000292   0x00000000   Code   RO         1786    .ARM.Collect$$libinit$$00000017  c_w.l(libinit2.o)
    0x08000292   0x00000000   Code   RO         1788    .ARM.Collect$$libinit$$00000019  c_w.l(libinit2.o)
    0x08000292   0x00000000   Code   RO         1790    .ARM.Collect$$libinit$$0000001B  c_w.l(libinit2.o)
    0x08000292   0x00000000   Code   RO         1792    .ARM.Collect$$libinit$$0000001D  c_w.l(libinit2.o)
    0x08000292   0x00000000   Code   RO         1794    .ARM.Collect$$libinit$$0000001F  c_w.l(libinit2.o)
    0x08000292   0x00000000   Code   RO         1796    .ARM.Collect$$libinit$$00000021  c_w.l(libinit2.o)
    0x08000292   0x00000000   Code   RO         1798    .ARM.Collect$$libinit$$00000023  c_w.l(libinit2.o)
    0x08000292   0x00000000   Code   RO         1800    .ARM.Collect$$libinit$$00000025  c_w.l(libinit2.o)
    0x08000292   0x00000000   Code   RO         1804    .ARM.Collect$$libinit$$0000002C  c_w.l(libinit2.o)
    0x08000292   0x00000000   Code   RO         1806    .ARM.Collect$$libinit$$0000002E  c_w.l(libinit2.o)
    0x08000292   0x00000000   Code   RO         1808    .ARM.Collect$$libinit$$00000030  c_w.l(libinit2.o)
    0x08000292   0x00000000   Code   RO         1810    .ARM.Collect$$libinit$$00000032  c_w.l(libinit2.o)
    0x08000292   0x00000002   Code   RO         1811    .ARM.Collect$$libinit$$00000033  c_w.l(libinit2.o)
    0x08000294   0x00000002   Code   RO         1839    .ARM.Collect$$libshutdown$$00000000  c_w.l(libshutdown.o)
    0x08000296   0x00000000   Code   RO         1867    .ARM.Collect$$libshutdown$$00000003  c_w.l(libshutdown2.o)
    0x08000296   0x00000000   Code   RO         1870    .ARM.Collect$$libshutdown$$00000006  c_w.l(libshutdown2.o)
    0x08000296   0x00000000   Code   RO         1873    .ARM.Collect$$libshutdown$$00000009  c_w.l(libshutdown2.o)
    0x08000296   0x00000000   Code   RO         1875    .ARM.Collect$$libshutdown$$0000000B  c_w.l(libshutdown2.o)
    0x08000296   0x00000000   Code   RO         1878    .ARM.Collect$$libshutdown$$0000000E  c_w.l(libshutdown2.o)
    0x08000296   0x00000002   Code   RO         1879    .ARM.Collect$$libshutdown$$0000000F  c_w.l(libshutdown2.o)
    0x08000298   0x00000000   Code   RO         1542    .ARM.Collect$$rtentry$$00000000  c_w.l(__rtentry.o)
    0x08000298   0x00000000   Code   RO         1651    .ARM.Collect$$rtentry$$00000002  c_w.l(__rtentry2.o)
    0x08000298   0x00000006   Code   RO         1663    .ARM.Collect$$rtentry$$00000004  c_w.l(__rtentry4.o)
    0x0800029e   0x00000000   Code   RO         1653    .ARM.Collect$$rtentry$$00000009  c_w.l(__rtentry2.o)
    0x0800029e   0x00000004   Code   RO         1654    .ARM.Collect$$rtentry$$0000000A  c_w.l(__rtentry2.o)
    0x080002a2   0x00000000   Code   RO         1656    .ARM.Collect$$rtentry$$0000000C  c_w.l(__rtentry2.o)
    0x080002a2   0x00000008   Code   RO         1657    .ARM.Collect$$rtentry$$0000000D  c_w.l(__rtentry2.o)
    0x080002aa   0x00000002   Code   RO         1754    .ARM.Collect$$rtexit$$00000000  c_w.l(rtexit.o)
    0x080002ac   0x00000000   Code   RO         1815    .ARM.Collect$$rtexit$$00000002  c_w.l(rtexit2.o)
    0x080002ac   0x00000004   Code   RO         1816    .ARM.Collect$$rtexit$$00000003  c_w.l(rtexit2.o)
    0x080002b0   0x00000006   Code   RO         1817    .ARM.Collect$$rtexit$$00000004  c_w.l(rtexit2.o)
    0x080002b6   0x00000002   PAD
    0x080002b8   0x000005c8   Code   RO            1    .text               main.o
    0x08000880   0x00000016   Code   RO          225    .text               stm32f10x_it.o
    0x08000896   0x00000002   PAD
    0x08000898   0x000001e0   Code   RO          266    .text               system_stm32f10x.o
    0x08000a78   0x00000038   Code   RO          284    .text               beep.o
    0x08000ab0   0x000002fc   Code   RO          308    .text               dht11.o
    0x08000dac   0x00004b08   Code   RO          411    .text               lcd.o
    0x080058b4   0x0000004c   Code   RO          441    .text               led.o
    0x08005900   0x00000770   Code   RO          465    .text               oled.o
    0x08006070   0x00001c30   Code   RO          515    .text               sdio_sdcard.o
    0x08007ca0   0x0000008c   Code   RO          553    .text               timer.o
    0x08007d2c   0x0000017c   Code   RO          588    .text               usart3.o
    0x08007ea8   0x0000014c   Code   RO          611    .text               delay.o
    0x08007ff4   0x0000000c   Code   RO          626    .text               sys.o
    0x08008000   0x00000158   Code   RO          642    .text               usart.o
    0x08008158   0x00000040   Code   RO          678    .text               startup_stm32f10x_hd.o
    0x08008198   0x000000dc   Code   RO          682    .text               misc.o
    0x08008274   0x0000035c   Code   RO          694    .text               stm32f10x_gpio.o
    0x080085d0   0x00000408   Code   RO          706    .text               stm32f10x_usart.o
    0x080089d8   0x000003a4   Code   RO          718    .text               stm32f10x_rcc.o
    0x08008d7c   0x00000254   Code   RO          816    .text               stm32f10x_dma.o
    0x08008fd0   0x0000060c   Code   RO          852    .text               stm32f10x_fsmc.o
    0x080095dc   0x000001d4   Code   RO          912    .text               stm32f10x_sdio.o
    0x080097b0   0x00000e1a   Code   RO          936    .text               stm32f10x_tim.o
    0x0800a5ca   0x00000002   PAD
    0x0800a5cc   0x00000084   Code   RO          960    .text               bsp.o
    0x0800a650   0x000002a8   Code   RO          975    .text               cpu_core.o
    0x0800a8f8   0x00000034   Code   RO         1013    .text               cpu_a.o
    0x0800a92c   0x00000256   Code   RO         1016    .text               lib_ascii.o
    0x0800ab82   0x00000002   PAD
    0x0800ab84   0x000009c6   Code   RO         1049    .text               lib_mem.o
    0x0800b54a   0x00000002   PAD
    0x0800b54c   0x0000092c   Code   RO         1068    .text               lib_str.o
    0x0800be78   0x00000220   Code   RO         1085    .text               lib_mem_a.o
    0x0800c098   0x000000fc   Code   RO         1088    .text               os_cfg_app.o
    0x0800c194   0x00000e04   Code   RO         1111    .text               os_core.o
    0x0800cf98   0x000001b0   Code   RO         1123    .text               os_dbg.o
    0x0800d148   0x00000e28   Code   RO         1138    .text               os_flag.o
    0x0800df70   0x00000444   Code   RO         1150    .text               os_int.o
    0x0800e3b4   0x00000238   Code   RO         1162    .text               os_mem.o
    0x0800e5ec   0x0000022c   Code   RO         1174    .text               os_msg.o
    0x0800e818   0x00000ad4   Code   RO         1186    .text               os_mutex.o
    0x0800f2ec   0x0000007c   Code   RO         1204    .text               os_prio.o
    0x0800f368   0x000008d8   Code   RO         1223    .text               os_q.o
    0x0800fc40   0x00000830   Code   RO         1235    .text               os_sem.o
    0x08010470   0x00000638   Code   RO         1247    .text               os_stat.o
    0x08010aa8   0x00001bb4   Code   RO         1259    .text               os_task.o
    0x0801265c   0x000004fc   Code   RO         1271    .text               os_tick.o
    0x08012b58   0x00000564   Code   RO         1283    .text               os_time.o
    0x080130bc   0x00000818   Code   RO         1295    .text               os_tmr.o
    0x080138d4   0x0000026c   Code   RO         1324    .text               os_cpu_c.o
    0x08013b40   0x00000002   Code   RO         1381    .text               c_w.l(use_no_semi_2.o)
    0x08013b42   0x000000ee   Code   RO         1383    .text               c_w.l(lludivv7m.o)
    0x08013c30   0x0000000c   Code   RO         1387    .text               c_w.l(c89vprintf.o)
    0x08013c3c   0x00000024   Code   RO         1389    .text               c_w.l(c89vsprintf.o)
    0x08013c60   0x00000018   Code   RO         1391    .text               c_w.l(__2printf.o)
    0x08013c78   0x0000002c   Code   RO         1393    .text               c_w.l(__2sprintf.o)
    0x08013ca4   0x0000004e   Code   RO         1401    .text               c_w.l(_printf_pad.o)
    0x08013cf2   0x00000052   Code   RO         1403    .text               c_w.l(_printf_str.o)
    0x08013d44   0x00000078   Code   RO         1405    .text               c_w.l(_printf_dec.o)
    0x08013dbc   0x00000094   Code   RO         1425    .text               c_w.l(_printf_hex_int_ll_ptr.o)
    0x08013e50   0x00000188   Code   RO         1445    .text               c_w.l(__printf_flags_ss_wp.o)
    0x08013fd8   0x0000003e   Code   RO         1454    .text               c_w.l(strlen.o)
    0x08014016   0x0000008a   Code   RO         1456    .text               c_w.l(rt_memcpy_v6.o)
    0x080140a0   0x00000006   Code   RO         1460    .text               c_w.l(heapauxi.o)
    0x080140a6   0x00000002   Code   RO         1540    .text               c_w.l(use_no_semi.o)
    0x080140a8   0x00000024   Code   RO         1549    .text               c_w.l(_printf_truncate.o)
    0x080140cc   0x000000b2   Code   RO         1551    .text               c_w.l(_printf_intcommon.o)
    0x0801417e   0x00000028   Code   RO         1553    .text               c_w.l(_printf_charcount.o)
    0x080141a6   0x00000002   PAD
    0x080141a8   0x00000030   Code   RO         1555    .text               c_w.l(_printf_char_common.o)
    0x080141d8   0x0000000a   Code   RO         1557    .text               c_w.l(_sputc.o)
    0x080141e2   0x0000002c   Code   RO         1559    .text               c_w.l(_printf_char.o)
    0x0801420e   0x00000002   PAD
    0x08014210   0x00000024   Code   RO         1561    .text               c_w.l(_printf_char_file.o)
    0x08014234   0x000000bc   Code   RO         1563    .text               c_w.l(_printf_wctomb.o)
    0x080142f0   0x0000007c   Code   RO         1566    .text               c_w.l(_printf_longlong_dec.o)
    0x0801436c   0x00000070   Code   RO         1572    .text               c_w.l(_printf_oct_int_ll.o)
    0x080143dc   0x00000064   Code   RO         1594    .text               c_w.l(rt_memcpy_w.o)
    0x08014440   0x0000008a   Code   RO         1672    .text               c_w.l(lludiv10.o)
    0x080144ca   0x0000041a   Code   RO         1674    .text               c_w.l(_printf_fp_dec.o)
    0x080148e4   0x0000002c   Code   RO         1678    .text               c_w.l(_printf_wchar.o)
    0x08014910   0x00000008   Code   RO         1680    .text               c_w.l(ferror.o)
    0x08014918   0x00000040   Code   RO         1684    .text               c_w.l(_wcrtomb.o)
    0x08014958   0x00000008   Code   RO         1694    .text               c_w.l(libspace.o)
    0x08014960   0x0000004a   Code   RO         1697    .text               c_w.l(sys_stackheap_outer.o)
    0x080149aa   0x00000002   PAD
    0x080149ac   0x00000010   Code   RO         1699    .text               c_w.l(rt_ctype_table.o)
    0x080149bc   0x00000008   Code   RO         1704    .text               c_w.l(rt_locale_intlibspace.o)
    0x080149c4   0x00000080   Code   RO         1706    .text               c_w.l(_printf_fp_infnan.o)
    0x08014a44   0x000000dc   Code   RO         1708    .text               c_w.l(bigflt0.o)
    0x08014b20   0x0000000c   Code   RO         1736    .text               c_w.l(exit.o)
    0x08014b2c   0x00000080   Code   RO         1765    .text               c_w.l(strcmpv7m.o)
    0x08014bac   0x0000003e   Code   RO         1711    CL$$btod_d2e        c_w.l(btod.o)
    0x08014bea   0x00000046   Code   RO         1713    CL$$btod_d2e_denorm_low  c_w.l(btod.o)
    0x08014c30   0x00000060   Code   RO         1712    CL$$btod_d2e_norm_op1  c_w.l(btod.o)
    0x08014c90   0x00000338   Code   RO         1721    CL$$btod_div_common  c_w.l(btod.o)
    0x08014fc8   0x000000c6   Code   RO         1718    CL$$btod_e2e        c_w.l(btod.o)
    0x0801508e   0x00000028   Code   RO         1715    CL$$btod_ediv       c_w.l(btod.o)
    0x080150b6   0x00000028   Code   RO         1714    CL$$btod_emul       c_w.l(btod.o)
    0x080150de   0x00000244   Code   RO         1720    CL$$btod_mult_common  c_w.l(btod.o)
    0x08015322   0x00000002   PAD
    0x08015324   0x00000098   Code   RO         1321    CODE                os_cpu_a.o
    0x080153bc   0x00000028   Code   RO         1637    i.__ARM_fpclassify  m_ws.l(fpclassify.o)
    0x080153e4   0x0000000e   Code   RO         1438    i._is_digit         c_w.l(__printf_wp.o)
    0x080153f2   0x00000002   PAD
    0x080153f4   0x0000002c   Code   RO         1734    locale$$code        c_w.l(lc_numeric_c.o)
    0x08015420   0x0000002c   Code   RO         1759    locale$$code        c_w.l(lc_ctype_c.o)
    0x0801544c   0x0000005a   Code   RO         1476    x$fpl$dfixu         fz_ws.l(dfixu.o)
    0x080154a6   0x00000026   Code   RO         1480    x$fpl$dfltu         fz_ws.l(dflt_clz.o)
    0x080154cc   0x00000154   Code   RO         1486    x$fpl$dmul          fz_ws.l(dmul.o)
    0x08015620   0x0000009c   Code   RO         1598    x$fpl$dnaninf       fz_ws.l(dnaninf.o)
    0x080156bc   0x0000000c   Code   RO         1600    x$fpl$dretinf       fz_ws.l(dretinf.o)
    0x080156c8   0x00000004   Code   RO         1608    x$fpl$printf1       fz_ws.l(printf1.o)
    0x080156cc   0x00000000   Code   RO         1612    x$fpl$usenofp       fz_ws.l(usenofp.o)
    0x080156cc   0x000017c0   Data   RO          413    .constdata          lcd.o
    0x08016e8c   0x00000cd8   Data   RO          466    .constdata          oled.o
    0x08017b64   0x00000104   Data   RO          977    .constdata          cpu_core.o
    0x08017c68   0x00000094   Data   RO         1069    .constdata          lib_str.o
    0x08017cfc   0x000000a4   Data   RO         1090    .constdata          os_cfg_app.o
    0x08017da0   0x0000016c   Data   RO         1124    .constdata          os_dbg.o
    0x08017f0c   0x00000028   Data   RO         1426    .constdata          c_w.l(_printf_hex_int_ll_ptr.o)
    0x08017f34   0x00000011   Data   RO         1446    .constdata          c_w.l(__printf_flags_ss_wp.o)
    0x08017f45   0x00000003   PAD
    0x08017f48   0x00000008   Data   RO         1564    .constdata          c_w.l(_printf_wctomb.o)
    0x08017f50   0x00000094   Data   RO         1709    .constdata          c_w.l(bigflt0.o)
    0x08017fe4   0x00000020   Data   RO         1880    Region$$Table       anon$$obj.o
    0x08018004   0x0000001c   Data   RO         1733    locale$$data        c_w.l(lc_numeric_c.o)
    0x08018020   0x00000110   Data   RO         1758    locale$$data        c_w.l(lc_ctype_c.o)


    Execution Region RW_IRAM1 (Base: 0x20000000, Size: 0x00006650, Max: 0x00010000, ABSOLUTE, COMPRESSED[0x00000020])

    Base Addr    Size         Type   Attr      Idx    E Section Name        Object

    0x20000000   0x00000014   Data   RW          267    .data               system_stm32f10x.o
    0x20000014   0x00000004   Data   RW          414    .data               lcd.o
    0x20000018   0x00000004   Data   RW          467    .data               oled.o
    0x2000001c   0x00000010   Data   RW          517    .data               sdio_sdcard.o
    0x2000002c   0x00000002   Data   RW          590    .data               usart3.o
    0x2000002e   0x00000004   Data   RW          612    .data               delay.o
    0x20000032   0x00000002   PAD
    0x20000034   0x0000000c   Data   RW          644    .data               usart.o
    0x20000040   0x00000014   Data   RW          719    .data               stm32f10x_rcc.o
    0x20000054   0x00000004   Data   RW          978    .data               cpu_core.o
    0x20000058   0x00000004   Data   RW         1051    .data               lib_mem.o
    0x2000005c   0x00000008   Data   RW         1205    .data               os_prio.o
    0x20000064   0x000000c8   Data   RW         1308    .data               os_var.o
    0x2000012c   0x00000004   Data   RW         1325    .data               os_cpu_c.o
    0x20000130   0x0000322c   Zero   RW            2    .bss                main.o
    0x2000335c   0x0000000e   Zero   RW          412    .bss                lcd.o
    0x2000336a   0x00000006   PAD
    0x20003370   0x000002c0   Zero   RW          516    .bss                sdio_sdcard.o
    0x20003630   0x000004b0   Zero   RW          589    .bss                usart3.o
    0x20003ae0   0x00000148   Zero   RW          643    .bss                usart.o
    0x20003c28   0x00000010   Zero   RW          976    .bss                cpu_core.o
    0x20003c38   0x00000448   Zero   RW         1050    .bss                lib_mem.o
    0x20004080   0x00001490   Zero   RW         1089    .bss                os_cfg_app.o
    0x20005510   0x000006e0   Zero   RW         1307    .bss                os_var.o
    0x20005bf0   0x00000060   Zero   RW         1695    .bss                c_w.l(libspace.o)
    0x20005c50   0x00000200   Zero   RW          676    HEAP                startup_stm32f10x_hd.o
    0x20005e50   0x00000800   Zero   RW          675    STACK               startup_stm32f10x_hd.o



  Load Region LR$$.ARM.__AT_0x68000000 (Base: 0x68000000, Size: 0x00000000, Max: 0x000f0000, ABSOLUTE)

    Execution Region ER$$.ARM.__AT_0x68000000 (Base: 0x68000000, Size: 0x000f0000, Max: 0x000f0000, ABSOLUTE, UNINIT)

    Base Addr    Size         Type   Attr      Idx    E Section Name        Object

    0x68000000   0x000f0000   Zero   RW         1358    .ARM.__AT_0x68000000  malloc.o



  Load Region LR$$.ARM.__AT_0x680F0000 (Base: 0x680f0000, Size: 0x00000000, Max: 0x0000f000, ABSOLUTE)

    Execution Region ER$$.ARM.__AT_0x680F0000 (Base: 0x680f0000, Size: 0x0000f000, Max: 0x0000f000, ABSOLUTE, UNINIT)

    Base Addr    Size         Type   Attr      Idx    E Section Name        Object

    0x680f0000   0x0000f000   Zero   RW         1359    .ARM.__AT_0x680F0000  malloc.o


==============================================================================

Image component sizes


      Code (inc. data)   RO Data    RW Data    ZI Data      Debug   Object Name

        56          6          0          0          0        468   beep.o
       132         12          0          0          0       1119   bsp.o
        52          0          0          0          0        324   cpu_a.o
       680         14        260          4         16      14183   cpu_core.o
       332         28          0          4          0       1745   delay.o
       764         14          0          0          0       2725   dht11.o
     19208        242       6080          4         14      21643   lcd.o
        76          8          0          0          0        471   led.o
       598          0          0          0          0       3676   lib_ascii.o
      2502         32          0          4       1096      21676   lib_mem.o
       544          0          0          0          0        472   lib_mem_a.o
      2348          6        148          0          0      13010   lib_str.o
      1480        450          0          0      12844     325176   main.o
         0          0          0          0    1044480       1501   malloc.o
       220         22          0          0          0       1785   misc.o
      1904         34       3288          4          0       6769   oled.o
       252        166        164          0       5264      20834   os_cfg_app.o
      3588        294          0          0          0      11993   os_core.o
       152         32          0          0          0        380   os_cpu_a.o
       620         66          0          4          0       3685   os_cpu_c.o
       432        286        364          0          0       4701   os_dbg.o
      3624        110          0          0          0       7659   os_flag.o
      1092        146          0          0          0       2236   os_int.o
       568         20          0          0          0       2632   os_mem.o
       556         12          0          0          0       2691   os_msg.o
      2772        114          0          0          0       5350   os_mutex.o
       124          4          0          8          0       1696   os_prio.o
      2264         76          0          0          0       6032   os_q.o
      2096         70          0          0          0       6048   os_sem.o
      1592        180          0          0          0       2733   os_stat.o
      7092        270          0          0          0      13410   os_task.o
      1276         90          0          0          0       3193   os_tick.o
      1380         46          0          0          0       3129   os_time.o
      2072        140          0          0          0       6230   os_tmr.o
         0          0          0        200       1760      19325   os_var.o
         0          0          0          0          0        544   rtc.o
      7216        256          0         16        704      24332   sdio_sdcard.o
        64         26        304          0       2560        780   startup_stm32f10x_hd.o
       596          8          0          0          0       4318   stm32f10x_dma.o
      1548         18          0          0          0       5339   stm32f10x_fsmc.o
       860         38          0          0          0       5637   stm32f10x_gpio.o
        22          0          0          0          0        979   stm32f10x_it.o
       932         36          0         20          0       8796   stm32f10x_rcc.o
       468         22          0          0          0       7080   stm32f10x_sdio.o
      3610         88          0          0          0      22120   stm32f10x_tim.o
      1032         22          0          0          0       8356   stm32f10x_usart.o
        12          0          0          0          0        599   sys.o
       480         38          0         20          0       1679   system_stm32f10x.o
       140          8          0          0          0        752   timer.o
       344         18          0         12        328       3190   usart.o
       380         24          0          2       1200       1930   usart3.o

    ----------------------------------------------------------------------
     80160       3592      10640        304    1070272     637131   Object Totals
         0          0         32          0          0          0   (incl. Generated)
         8          0          0          2          6          0   (incl. Padding)

    ----------------------------------------------------------------------

      Code (inc. data)   RO Data    RW Data    ZI Data      Debug   Library Member Name

        24          4          0          0          0         84   __2printf.o
        44          6          0          0          0         84   __2sprintf.o
        90          0          0          0          0          0   __dczerorl2.o
         8          0          0          0          0         68   __main.o
       392          4         17          0          0         92   __printf_flags_ss_wp.o
        14          0          0          0          0         68   __printf_wp.o
         0          0          0          0          0          0   __rtentry.o
        12          0          0          0          0          0   __rtentry2.o
         6          0          0          0          0          0   __rtentry4.o
        52          8          0          0          0          0   __scatter.o
        28          0          0          0          0          0   __scatter_zi.o
         6          0          0          0          0          0   _printf_a.o
         6          0          0          0          0          0   _printf_c.o
        44          0          0          0          0        108   _printf_char.o
        48          6          0          0          0         96   _printf_char_common.o
        36          4          0          0          0         80   _printf_char_file.o
        40          0          0          0          0         68   _printf_charcount.o
         6          0          0          0          0          0   _printf_d.o
       120         16          0          0          0         92   _printf_dec.o
         6          0          0          0          0          0   _printf_e.o
         6          0          0          0          0          0   _printf_f.o
      1050          0          0          0          0        216   _printf_fp_dec.o
       128         16          0          0          0         84   _printf_fp_infnan.o
         6          0          0          0          0          0   _printf_g.o
       148          4         40          0          0        160   _printf_hex_int_ll_ptr.o
         6          0          0          0          0          0   _printf_i.o
       178          0          0          0          0         88   _printf_intcommon.o
        10          0          0          0          0          0   _printf_l.o
         6          0          0          0          0          0   _printf_lc.o
        10          0          0          0          0          0   _printf_ll.o
         6          0          0          0          0          0   _printf_lld.o
         6          0          0          0          0          0   _printf_lli.o
         6          0          0          0          0          0   _printf_llo.o
         6          0          0          0          0          0   _printf_llu.o
         6          0          0          0          0          0   _printf_llx.o
       124         16          0          0          0         92   _printf_longlong_dec.o
         6          0          0          0          0          0   _printf_ls.o
         6          0          0          0          0          0   _printf_n.o
         6          0          0          0          0          0   _printf_o.o
       112          8          0          0          0        124   _printf_oct_int_ll.o
         6          0          0          0          0          0   _printf_p.o
        78          0          0          0          0        108   _printf_pad.o
         0          0          0          0          0          0   _printf_percent.o
         4          0          0          0          0          0   _printf_percent_end.o
         6          0          0          0          0          0   _printf_s.o
        82          0          0          0          0         80   _printf_str.o
        36          0          0          0          0         84   _printf_truncate.o
         6          0          0          0          0          0   _printf_u.o
        44          0          0          0          0        108   _printf_wchar.o
       188          6          8          0          0         92   _printf_wctomb.o
         6          0          0          0          0          0   _printf_x.o
        10          0          0          0          0         68   _sputc.o
        64          0          0          0          0         92   _wcrtomb.o
       220          4        148          0          0         96   bigflt0.o
      1910        128          0          0          0        672   btod.o
        12          4          0          0          0         68   c89vprintf.o
        36          4          0          0          0         76   c89vsprintf.o
        12          0          0          0          0         72   exit.o
         8          0          0          0          0         68   ferror.o
         6          0          0          0          0        152   heapauxi.o
        44         10        272          0          0         76   lc_ctype_c.o
        44         10         28          0          0         76   lc_numeric_c.o
         2          0          0          0          0          0   libinit.o
        30          0          0          0          0          0   libinit2.o
         2          0          0          0          0          0   libshutdown.o
         2          0          0          0          0          0   libshutdown2.o
         8          4          0          0         96         68   libspace.o
       138          0          0          0          0         80   lludiv10.o
       238          0          0          0          0        100   lludivv7m.o
        16          4          0          0          0         76   rt_ctype_table.o
         8          4          0          0          0         68   rt_locale_intlibspace.o
       138          0          0          0          0         68   rt_memcpy_v6.o
       100          0          0          0          0         80   rt_memcpy_w.o
         2          0          0          0          0          0   rtexit.o
        10          0          0          0          0          0   rtexit2.o
       128          0          0          0          0         68   strcmpv7m.o
        62          0          0          0          0         76   strlen.o
        74          0          0          0          0         80   sys_stackheap_outer.o
         2          0          0          0          0         68   use_no_semi.o
         2          0          0          0          0         68   use_no_semi_2.o
        90          4          0          0          0         92   dfixu.o
        38          0          0          0          0         68   dflt_clz.o
       340         12          0          0          0        104   dmul.o
       156          4          0          0          0         92   dnaninf.o
        12          0          0          0          0         68   dretinf.o
         4          0          0          0          0         68   printf1.o
         0          0          0          0          0          0   usenofp.o
        40          0          0          0          0         68   fpclassify.o

    ----------------------------------------------------------------------
      7292        290        516          0         96       5052   Library Totals
        14          0          3          0          0          0   (incl. Padding)

    ----------------------------------------------------------------------

      Code (inc. data)   RO Data    RW Data    ZI Data      Debug   Library Name

      6598        270        513          0         96       4492   c_w.l
       640         20          0          0          0        492   fz_ws.l
        40          0          0          0          0         68   m_ws.l

    ----------------------------------------------------------------------
      7292        290        516          0         96       5052   Library Totals

    ----------------------------------------------------------------------

==============================================================================


      Code (inc. data)   RO Data    RW Data    ZI Data      Debug   

     87452       3882      11156        304    1070368     634951   Grand Totals
     87452       3882      11156         32    1070368     634951   ELF Image Totals (compressed)
     87452       3882      11156         32          0          0   ROM Totals

==============================================================================

    Total RO  Size (Code + RO Data)                98608 (  96.30kB)
    Total RW  Size (RW Data + ZI Data)           1070672 (1045.58kB)
    Total ROM Size (Code + RO Data + RW Data)      98640 (  96.33kB)

==============================================================================

