Component: ARM Compiler 5.05 update 1 (build 106) Tool: armlink [4d0efa]

==============================================================================

Section Cross References

    main.o(.text) refers to _printf_percent.o(.ARM.Collect$$_printf_percent$$00000000) for _printf_percent
    main.o(.text) refers to _printf_d.o(.ARM.Collect$$_printf_percent$$00000009) for _printf_d
    main.o(.text) refers to _printf_dec.o(.text) for _printf_int_dec
    main.o(.text) refers to _printf_f.o(.ARM.Collect$$_printf_percent$$00000003) for _printf_f
    main.o(.text) refers to printf1.o(x$fpl$printf1) for _printf_fp_dec
    main.o(.text) refers to _printf_pad.o(.text) for _printf_pre_padding
    main.o(.text) refers to _printf_s.o(.ARM.Collect$$_printf_percent$$00000014) for _printf_s
    main.o(.text) refers to _printf_str.o(.text) for _printf_str
    main.o(.text) refers to __2sprintf.o(.text) for __2sprintf
    main.o(.text) refers to strcpy.o(.text) for strcpy
    main.o(.text) refers to os_mutex.o(.text) for OSMutexPend
    main.o(.text) refers to vprintf.o(.text) for vprintf
    main.o(.text) refers to misc.o(.text) for NVIC_Init
    main.o(.text) refers to faddsub_clz.o(x$fpl$fadd) for __aeabi_fadd
    main.o(.text) refers to f2d.o(x$fpl$f2d) for __aeabi_f2d
    main.o(.text) refers to delay.o(.text) for delay_ms
    main.o(.text) refers to lcd.o(.text) for LCD_ShowString
    main.o(.text) refers to inv_mpu.o(.text) for mpu_dmp_get_data
    main.o(.text) refers to mpu6050.o(.text) for MPU_Get_Temperature
    main.o(.text) refers to strncmp.o(.text) for strncmp
    main.o(.text) refers to atoi.o(.text) for atoi
    main.o(.text) refers to fmul.o(x$fpl$fmul) for __aeabi_fmul
    main.o(.text) refers to __2printf.o(.text) for __2printf
    main.o(.text) refers to ffix.o(x$fpl$ffix) for __aeabi_f2iz
    main.o(.text) refers to main.o(.bss) for node_1
    main.o(.text) refers to main.o(.data) for float_num
    main.o(.text) refers to os_flag.o(.text) for OSFlagPend
    main.o(.text) refers to stm32f10x_gpio.o(.text) for GPIO_ReadInputDataBit
    main.o(.text) refers to stm32f10x_exti.o(.text) for EXTI_ClearITPendingBit
    main.o(.text) refers to os_time.o(.text) for OSTimeDlyHMSM
    main.o(.text) refers to rt_memclr_w.o(.text) for __aeabi_memclr4
    main.o(.text) refers to lcd.o(.data) for POINT_COLOR
    main.o(.text) refers to rtc.o(.bss) for calendar
    main.o(.text) refers to stm32f10x_usart.o(.text) for USART_SendData
    main.o(.text) refers to dflt_clz.o(x$fpl$dflt) for __aeabi_i2d
    main.o(.text) refers to dmul.o(x$fpl$dmul) for __aeabi_dmul
    main.o(.text) refers to dfix.o(x$fpl$dfix) for __aeabi_d2iz
    main.o(.text) refers to daddsub_clz.o(x$fpl$dsub) for __aeabi_dsub
    main.o(.text) refers to ddiv.o(x$fpl$ddiv) for __aeabi_ddiv
    main.o(.text) refers to rt_memcpy_w.o(.text) for __aeabi_memcpy4
    main.o(.text) refers to os_q.o(.text) for OSQPend
    main.o(.text) refers to strncpy.o(.text) for strncpy
    main.o(.text) refers to dht11.o(.text) for DHT11_Read_Data
    main.o(.text) refers to mq135.o(.data) for MQ135_ADC_ConvertedValue
    main.o(.text) refers to main.o(.constdata) for .constdata
    main.o(.text) refers to usart2.o(.data) for USART2_RX_STA
    main.o(.text) refers to usart2.o(.bss) for USART2_RX_BUF
    main.o(.text) refers to cpu_core.o(.text) for CPU_Init
    main.o(.text) refers to os_stat.o(.text) for OSStatTaskCPUUsageInit
    main.o(.text) refers to os_core.o(.text) for OSSchedRoundRobinCfg
    main.o(.text) refers to cpu_a.o(.text) for CPU_SR_Save
    main.o(.text) refers to os_sem.o(.text) for OSSemCreate
    main.o(.text) refers to os_task.o(.text) for OSTaskCreate
    main.o(.text) refers to os_var.o(.data) for OSSchedLockNestingCtr
    main.o(.text) refers to usart.o(.text) for uart_init
    main.o(.text) refers to usart2.o(.text) for usart2_init
    main.o(.text) refers to uart4.o(.text) for uart4_init
    main.o(.text) refers to lora_app.o(.text) for LoRa_Init
    main.o(.text) refers to led.o(.text) for LED_Init
    main.o(.text) refers to key.o(.text) for KEY_Init
    main.o(.text) refers to beep.o(.text) for BEEP_Init
    main.o(.text) refers to mq135.o(.text) for mq135_init
    main.o(.text) refers to rtc.o(.text) for RTC_Init
    main.o(.text) refers to lora_app.o(.data) for Lora_mode
    main.o(.text) refers to lora_app.o(.bss) for My_LoRa_CFG
    main.o(.data) refers to main.o(.bss) for node_1
    system_stm32f10x.o(.text) refers to system_stm32f10x.o(.data) for SystemCoreClock
    led.o(.text) refers to stm32f10x_rcc.o(.text) for RCC_APB2PeriphClockCmd
    led.o(.text) refers to stm32f10x_gpio.o(.text) for GPIO_Init
    usart2.o(.text) refers to stm32f10x_rcc.o(.text) for RCC_APB2PeriphClockCmd
    usart2.o(.text) refers to stm32f10x_gpio.o(.text) for GPIO_Init
    usart2.o(.text) refers to misc.o(.text) for NVIC_Init
    usart2.o(.text) refers to stm32f10x_usart.o(.text) for USART_Init
    usart2.o(.text) refers to os_core.o(.text) for OSIntEnter
[...]
    OSTaskSwHook                             0x080173f3   Thumb Code   120  os_cpu_c.o(.text)
    OSTimeTickHook                           0x0801746b   Thumb Code    16  os_cpu_c.o(.text)
    OS_CPU_SysTickHandler                    0x0801747b   Thumb Code    52  os_cpu_c.o(.text)
    OS_CPU_SysTickInit                       0x080174af   Thumb Code    44  os_cpu_c.o(.text)
    Aux_Int                                  0x0801751d   Thumb Code    68  lora_app.o(.text)
    EXTI4_IRQHandler                         0x08017561   Thumb Code   118  lora_app.o(.text)
    lora_check_cmd                           0x080175d7   Thumb Code    44  lora_app.o(.text)
    lora_send_cmd                            0x08017603   Thumb Code   110  lora_app.o(.text)
    LoRa_Init                                0x08017671   Thumb Code   236  lora_app.o(.text)
    LoRa_Set                                 0x0801775d   Thumb Code   362  lora_app.o(.text)
    LoRa_SendData                            0x080178c7   Thumb Code   640  lora_app.o(.text)
    LoRa_ReceData                            0x08017b47   Thumb Code   138  lora_app.o(.text)
    lora_at_response                         0x08017bd1   Thumb Code    46  lora_app.o(.text)
    __use_no_semihosting                     0x08017c69   Thumb Code     2  use_no_semi_2.o(.text)
    __aeabi_uldivmod                         0x08017c6b   Thumb Code     0  lludivv7m.o(.text)
    _ll_udiv                                 0x08017c6b   Thumb Code   238  lludivv7m.o(.text)
    __aeabi_ldivmod                          0x08017d59   Thumb Code     0  llsdiv.o(.text)
    _ll_sdiv                                 0x08017d59   Thumb Code    72  llsdiv.o(.text)
    vprintf                                  0x08017da1   Thumb Code     8  vprintf.o(.text)
    vsprintf                                 0x08017dad   Thumb Code    32  vsprintf.o(.text)
    __2printf                                0x08017dd1   Thumb Code    20  __2printf.o(.text)
    __2sprintf                               0x08017de9   Thumb Code    38  __2sprintf.o(.text)
    _printf_pre_padding                      0x08017e15   Thumb Code    44  _printf_pad.o(.text)
    _printf_post_padding                     0x08017e41   Thumb Code    34  _printf_pad.o(.text)
    _printf_str                              0x08017e63   Thumb Code    82  _printf_str.o(.text)
    _printf_int_dec                          0x08017eb5   Thumb Code   104  _printf_dec.o(.text)
    _printf_longlong_hex                     0x08017f2d   Thumb Code    86  _printf_hex_int_ll_ptr.o(.text)
    _printf_int_hex                          0x08017f83   Thumb Code    28  _printf_hex_int_ll_ptr.o(.text)
    _printf_ll_hex                           0x08017f9f   Thumb Code    12  _printf_hex_int_ll_ptr.o(.text)
    _printf_hex_ptr                          0x08017fab   Thumb Code    18  _printf_hex_int_ll_ptr.o(.text)
    __printf                                 0x08017fc1   Thumb Code   388  __printf_flags_ss_wp.o(.text)
    atoi                                     0x08018149   Thumb Code    26  atoi.o(.text)
    strstr                                   0x08018163   Thumb Code    36  strstr.o(.text)
    memcmp                                   0x08018187   Thumb Code    88  memcmp.o(.text)
    strcpy                                   0x080181df   Thumb Code    72  strcpy.o(.text)
    strlen                                   0x08018227   Thumb Code    62  strlen.o(.text)
    strncmp                                  0x08018265   Thumb Code   150  strncmp.o(.text)
    __aeabi_memcpy4                          0x080182fb   Thumb Code     0  rt_memcpy_w.o(.text)
    __aeabi_memcpy8                          0x080182fb   Thumb Code     0  rt_memcpy_w.o(.text)
    __rt_memcpy_w                            0x080182fb   Thumb Code   100  rt_memcpy_w.o(.text)
    _memcpy_lastbytes_aligned                0x08018343   Thumb Code     0  rt_memcpy_w.o(.text)
    __aeabi_memset                           0x0801835f   Thumb Code    16  aeabi_memset.o(.text)
    __aeabi_memclr                           0x0801836f   Thumb Code     0  rt_memclr.o(.text)
    __rt_memclr                              0x0801836f   Thumb Code    68  rt_memclr.o(.text)
    _memset                                  0x08018373   Thumb Code     0  rt_memclr.o(.text)
    __aeabi_memclr4                          0x080183b3   Thumb Code     0  rt_memclr_w.o(.text)
    __aeabi_memclr8                          0x080183b3   Thumb Code     0  rt_memclr_w.o(.text)
    __rt_memclr_w                            0x080183b3   Thumb Code    78  rt_memclr_w.o(.text)
    _memset_w                                0x080183b7   Thumb Code     0  rt_memclr_w.o(.text)
    strncpy                                  0x08018401   Thumb Code    86  strncpy.o(.text)
    strcmp                                   0x08018459   Thumb Code   128  strcmpv7m.o(.text)
    __use_two_region_memory                  0x080184d9   Thumb Code     2  heapauxi.o(.text)
    __rt_heap_escrow                         0x080184db   Thumb Code     2  heapauxi.o(.text)
    __rt_heap_expand                         0x080184dd   Thumb Code     2  heapauxi.o(.text)
    __I$use$semihosting                      0x080184df   Thumb Code     0  use_no_semi.o(.text)
    __use_no_semihosting_swi                 0x080184df   Thumb Code     2  use_no_semi.o(.text)
    __rt_ctype_table                         0x080184e1   Thumb Code    16  rt_ctype_table.o(.text)
    __aeabi_errno_addr                       0x080184f1   Thumb Code     8  rt_errno_addr_intlibspace.o(.text)
    __errno$intlibspace                      0x080184f1   Thumb Code     0  rt_errno_addr_intlibspace.o(.text)
    __rt_errno_addr$intlibspace              0x080184f1   Thumb Code     0  rt_errno_addr_intlibspace.o(.text)
    __read_errno                             0x080184f9   Thumb Code    10  _rserrno.o(.text)
    __set_errno                              0x08018503   Thumb Code    12  _rserrno.o(.text)
    _printf_truncate_signed                  0x0801850f   Thumb Code    18  _printf_truncate.o(.text)
    _printf_truncate_unsigned                0x08018521   Thumb Code    18  _printf_truncate.o(.text)
    _printf_int_common                       0x08018533   Thumb Code   178  _printf_intcommon.o(.text)
    _printf_charcount                        0x080185e5   Thumb Code    40  _printf_charcount.o(.text)
    __lib_sel_fp_printf                      0x0801860d   Thumb Code     2  _printf_fp_dec.o(.text)
    _printf_fp_dec_real                      0x080187bb   Thumb Code   620  _printf_fp_dec.o(.text)
    _printf_char_common                      0x08018a33   Thumb Code    32  _printf_char_common.o(.text)
    _sputc                                   0x08018a59   Thumb Code    10  _sputc.o(.text)
    _printf_cs_common                        0x08018a63   Thumb Code    20  _printf_char.o(.text)
    _printf_char                             0x08018a77   Thumb Code    16  _printf_char.o(.text)
    _printf_string                           0x08018a87   Thumb Code     8  _printf_char.o(.text)
    _printf_char_file                        0x08018a91   Thumb Code    32  _printf_char_file.o(.text)
    _printf_wctomb                           0x08018ab5   Thumb Code   182  _printf_wctomb.o(.text)
    _printf_longlong_dec                     0x08018b71   Thumb Code   108  _printf_longlong_dec.o(.text)
    _printf_longlong_oct                     0x08018bed   Thumb Code    68  _printf_oct_int_ll.o(.text)
    _printf_int_oct                          0x08018c31   Thumb Code    24  _printf_oct_int_ll.o(.text)
    _printf_ll_oct                           0x08018c49   Thumb Code    12  _printf_oct_int_ll.o(.text)
    strtol                                   0x08018c5d   Thumb Code   112  strtol.o(.text)
    __user_libspace                          0x08018ccd   Thumb Code     8  libspace.o(.text)
    __user_perproc_libspace                  0x08018ccd   Thumb Code     0  libspace.o(.text)
    __user_perthread_libspace                0x08018ccd   Thumb Code     0  libspace.o(.text)
    __rt_locale                              0x08018cd5   Thumb Code     8  rt_locale_intlibspace.o(.text)
    _ll_udiv10                               0x08018cdd   Thumb Code   138  lludiv10.o(.text)
    _printf_fp_hex_real                      0x08018d69   Thumb Code   754  _printf_fp_hex.o(.text)
    _printf_fp_infnan                        0x08019065   Thumb Code   112  _printf_fp_infnan.o(.text)
    _printf_lcs_common                       0x080190e5   Thumb Code    20  _printf_wchar.o(.text)
    _printf_wchar                            0x080190f9   Thumb Code    16  _printf_wchar.o(.text)
    _printf_wstring                          0x08019109   Thumb Code     8  _printf_wchar.o(.text)
    _strtoul                                 0x08019111   Thumb Code   158  _strtoul.o(.text)
    _btod_etento                             0x080191b1   Thumb Code   216  bigflt0.o(.text)
    ferror                                   0x0801928d   Thumb Code     8  ferror.o(.text)
    _wcrtomb                                 0x08019295   Thumb Code    64  _wcrtomb.o(.text)
    __user_setup_stackheap                   0x080192d5   Thumb Code    74  sys_stackheap_outer.o(.text)
    _chval                                   0x0801931f   Thumb Code    28  _chval.o(.text)
    exit                                     0x0801933b   Thumb Code    12  exit.o(.text)
    _btod_d2e                                0x08019347   Thumb Code    62  btod.o(CL$$btod_d2e)
    _d2e_denorm_low                          0x08019385   Thumb Code    70  btod.o(CL$$btod_d2e_denorm_low)
    _d2e_norm_op1                            0x080193cb   Thumb Code    96  btod.o(CL$$btod_d2e_norm_op1)
    __btod_div_common                        0x0801942b   Thumb Code   696  btod.o(CL$$btod_div_common)
    _e2e                                     0x08019763   Thumb Code   198  btod.o(CL$$btod_e2e)
    _btod_ediv                               0x08019829   Thumb Code    40  btod.o(CL$$btod_ediv)
    _btod_emul                               0x08019851   Thumb Code    40  btod.o(CL$$btod_emul)
    __btod_mult_common                       0x08019879   Thumb Code   580  btod.o(CL$$btod_mult_common)
    OSStartHighRdy                           0x08019abd   Thumb Code     0  os_cpu_a.o(CODE)
    PendSV_Handler                           0x08019af3   Thumb Code     0  os_cpu_a.o(CODE)
    __ARM_fpclassify                         0x08019b55   Thumb Code    40  fpclassify.o(i.__ARM_fpclassify)
    __kernel_poly                            0x08019b7d   Thumb Code   170  poly.o(i.__kernel_poly)
    __mathlib_dbl_infnan                     0x08019c27   Thumb Code     6  dunder.o(i.__mathlib_dbl_infnan)
    __mathlib_dbl_infnan2                    0x08019c2d   Thumb Code     4  dunder.o(i.__mathlib_dbl_infnan2)
    __mathlib_dbl_invalid                    0x08019c31   Thumb Code    12  dunder.o(i.__mathlib_dbl_invalid)
    __mathlib_dbl_underflow                  0x08019c3d   Thumb Code    10  dunder.o(i.__mathlib_dbl_underflow)
    _is_digit                                0x08019c4d   Thumb Code    14  __printf_wp.o(i._is_digit)
    asin                                     0x08019c5d   Thumb Code   572  asin.o(i.asin)
    atan                                     0x08019ecd   Thumb Code   474  atan.o(i.atan)
    atan2                                    0x0801a0ed   Thumb Code   346  atan2.o(i.atan2)
    sqrt                                     0x0801a26d   Thumb Code    76  sqrt.o(i.sqrt)
    _get_lc_ctype                            0x0801a2b9   Thumb Code    44  lc_ctype_c.o(locale$$code)
    _get_lc_numeric                          0x0801a2e5   Thumb Code    44  lc_numeric_c.o(locale$$code)
    __aeabi_d2f                              0x0801a311   Thumb Code     0  d2f.o(x$fpl$d2f)
    _d2f                                     0x0801a311   Thumb Code    98  d2f.o(x$fpl$d2f)
    __aeabi_dadd                             0x0801a375   Thumb Code     0  daddsub_clz.o(x$fpl$dadd)
    _dadd                                    0x0801a375   Thumb Code   332  daddsub_clz.o(x$fpl$dadd)
    __fpl_dcheck_NaN1                        0x0801a4c5   Thumb Code    10  dcheck1.o(x$fpl$dcheck1)
    __aeabi_ddiv                             0x0801a4d5   Thumb Code     0  ddiv.o(x$fpl$ddiv)
    _ddiv                                    0x0801a4d5   Thumb Code   552  ddiv.o(x$fpl$ddiv)
    __aeabi_d2iz                             0x0801a785   Thumb Code     0  dfix.o(x$fpl$dfix)
    _dfix                                    0x0801a785   Thumb Code    94  dfix.o(x$fpl$dfix)
    __aeabi_d2uiz                            0x0801a7e5   Thumb Code     0  dfixu.o(x$fpl$dfixu)
    _dfixu                                   0x0801a7e5   Thumb Code    90  dfixu.o(x$fpl$dfixu)
    __aeabi_i2d                              0x0801a83f   Thumb Code     0  dflt_clz.o(x$fpl$dflt)
    _dflt                                    0x0801a83f   Thumb Code    46  dflt_clz.o(x$fpl$dflt)
    __aeabi_ui2d                             0x0801a86d   Thumb Code     0  dflt_clz.o(x$fpl$dfltu)
    _dfltu                                   0x0801a86d   Thumb Code    38  dflt_clz.o(x$fpl$dfltu)
    __aeabi_dmul                             0x0801a895   Thumb Code     0  dmul.o(x$fpl$dmul)
    _dmul                                    0x0801a895   Thumb Code   332  dmul.o(x$fpl$dmul)
    __fpl_dnaninf                            0x0801a9e9   Thumb Code   156  dnaninf.o(x$fpl$dnaninf)
    __fpl_dretinf                            0x0801aa85   Thumb Code    12  dretinf.o(x$fpl$dretinf)
    __aeabi_drsub                            0x0801aa91   Thumb Code     0  daddsub_clz.o(x$fpl$drsb)
    _drsb                                    0x0801aa91   Thumb Code    22  daddsub_clz.o(x$fpl$drsb)
    _dsqrt                                   0x0801aaa9   Thumb Code   456  dsqrt_noumaal.o(x$fpl$dsqrt)
    __aeabi_dsub                             0x0801ac75   Thumb Code     0  daddsub_clz.o(x$fpl$dsub)
    _dsub                                    0x0801ac75   Thumb Code   464  daddsub_clz.o(x$fpl$dsub)
    __aeabi_f2d                              0x0801ae49   Thumb Code     0  f2d.o(x$fpl$f2d)
    _f2d                                     0x0801ae49   Thumb Code    86  f2d.o(x$fpl$f2d)
    __aeabi_fadd                             0x0801aea1   Thumb Code     0  faddsub_clz.o(x$fpl$fadd)
    _fadd                                    0x0801aea1   Thumb Code   196  faddsub_clz.o(x$fpl$fadd)
    __fpl_fcmp_Inf                           0x0801af65   Thumb Code    24  fcmpi.o(x$fpl$fcmpinf)
    __aeabi_fdiv                             0x0801af7d   Thumb Code     0  fdiv.o(x$fpl$fdiv)
    _fdiv                                    0x0801af7d   Thumb Code   384  fdiv.o(x$fpl$fdiv)
    __aeabi_cfcmpeq                          0x0801b101   Thumb Code     0  feqf.o(x$fpl$feqf)
    _fcmpeq                                  0x0801b101   Thumb Code   104  feqf.o(x$fpl$feqf)
    __aeabi_f2iz                             0x0801b169   Thumb Code     0  ffix.o(x$fpl$ffix)
    _ffix                                    0x0801b169   Thumb Code    54  ffix.o(x$fpl$ffix)
    __aeabi_f2uiz                            0x0801b1a1   Thumb Code     0  ffixu.o(x$fpl$ffixu)
    _ffixu                                   0x0801b1a1   Thumb Code    62  ffixu.o(x$fpl$ffixu)
    __aeabi_i2f                              0x0801b1e1   Thumb Code     0  fflt_clz.o(x$fpl$fflt)
    _fflt                                    0x0801b1e1   Thumb Code    48  fflt_clz.o(x$fpl$fflt)
    __aeabi_ui2f                             0x0801b211   Thumb Code     0  fflt_clz.o(x$fpl$ffltu)
    _ffltu                                   0x0801b211   Thumb Code    38  fflt_clz.o(x$fpl$ffltu)
    __aeabi_cfcmple                          0x0801b239   Thumb Code     0  fleqf.o(x$fpl$fleqf)
    _fcmple                                  0x0801b239   Thumb Code   104  fleqf.o(x$fpl$fleqf)
    __fpl_fcmple_InfNaN                      0x0801b28b   Thumb Code     0  fleqf.o(x$fpl$fleqf)
    __aeabi_fmul                             0x0801b2a1   Thumb Code     0  fmul.o(x$fpl$fmul)
    _fmul                                    0x0801b2a1   Thumb Code   258  fmul.o(x$fpl$fmul)
    __fpl_fnaninf                            0x0801b3a3   Thumb Code   140  fnaninf.o(x$fpl$fnaninf)
    __fpl_fretinf                            0x0801b42f   Thumb Code    10  fretinf.o(x$fpl$fretinf)
    __aeabi_cfrcmple                         0x0801b439   Thumb Code     0  frleqf.o(x$fpl$frleqf)
    _frcmple                                 0x0801b439   Thumb Code    98  frleqf.o(x$fpl$frleqf)
    __aeabi_fsub                             0x0801b49d   Thumb Code     0  faddsub_clz.o(x$fpl$fsub)
    _fsub                                    0x0801b49d   Thumb Code   234  faddsub_clz.o(x$fpl$fsub)
    _printf_fp_dec                           0x0801b587   Thumb Code     4  printf1.o(x$fpl$printf1)
    _printf_fp_hex                           0x0801b58b   Thumb Code     4  printf2.o(x$fpl$printf2)
    __fpl_return_NaN                         0x0801b58f   Thumb Code   100  retnan.o(x$fpl$retnan)
    __ARM_scalbn                             0x0801b5f3   Thumb Code    92  scalbn.o(x$fpl$scalbn)
    __fpl_cmpreturn                          0x0801b64f   Thumb Code    48  trapv.o(x$fpl$trapveneer)
    __I$use$fp                               0x0801b67e   Number         0  usenofp.o(x$fpl$usenofp)
    table_week                               0x0801b694   Data          12  rtc.o(.constdata)
    mon_table                                0x0801b6a0   Data          12  rtc.o(.constdata)
    reg                                      0x0801b6ac   Data          27  inv_mpu.o(.constdata)
    hw                                       0x0801b6c8   Data          12  inv_mpu.o(.constdata)
    test                                     0x0801b6d4   Data          40  inv_mpu.o(.constdata)
    asc2_1206                                0x0801c2f2   Data        1140  lcd.o(.constdata)
    asc2_1608                                0x0801c766   Data        1520  lcd.o(.constdata)
    asc2_2412                                0x0801cd56   Data        3420  lcd.o(.constdata)
    CPU_EndiannessTest                       0x0801dbb4   Data           4  cpu_core.o(.constdata)
    OSCfg_IdleTaskStkBasePtr                 0x0801dc4c   Data           4  os_cfg_app.o(.constdata)
    OSCfg_IdleTaskStkLimit                   0x0801dc50   Data           4  os_cfg_app.o(.constdata)
    OSCfg_IdleTaskStkSize                    0x0801dc54   Data           4  os_cfg_app.o(.constdata)
    OSCfg_IdleTaskStkSizeRAM                 0x0801dc58   Data           4  os_cfg_app.o(.constdata)
    OSCfg_IntQBasePtr                        0x0801dc5c   Data           4  os_cfg_app.o(.constdata)
    OSCfg_IntQSize                           0x0801dc60   Data           2  os_cfg_app.o(.constdata)
    OSCfg_IntQSizeRAM                        0x0801dc64   Data           4  os_cfg_app.o(.constdata)
    OSCfg_IntQTaskStkBasePtr                 0x0801dc68   Data           4  os_cfg_app.o(.constdata)
    OSCfg_IntQTaskStkLimit                   0x0801dc6c   Data           4  os_cfg_app.o(.constdata)
    OSCfg_IntQTaskStkSize                    0x0801dc70   Data           4  os_cfg_app.o(.constdata)
    OSCfg_IntQTaskStkSizeRAM                 0x0801dc74   Data           4  os_cfg_app.o(.constdata)
    OSCfg_ISRStkBasePtr                      0x0801dc78   Data           4  os_cfg_app.o(.constdata)
    OSCfg_ISRStkSize                         0x0801dc7c   Data           4  os_cfg_app.o(.constdata)
    OSCfg_ISRStkSizeRAM                      0x0801dc80   Data           4  os_cfg_app.o(.constdata)
    OSCfg_MsgPoolSize                        0x0801dc84   Data           2  os_cfg_app.o(.constdata)
    OSCfg_MsgPoolSizeRAM                     0x0801dc88   Data           4  os_cfg_app.o(.constdata)
    OSCfg_MsgPoolBasePtr                     0x0801dc8c   Data           4  os_cfg_app.o(.constdata)
    OSCfg_StatTaskPrio                       0x0801dc90   Data           1  os_cfg_app.o(.constdata)
    OSCfg_StatTaskRate_Hz                    0x0801dc94   Data           4  os_cfg_app.o(.constdata)
    OSCfg_StatTaskStkBasePtr                 0x0801dc98   Data           4  os_cfg_app.o(.constdata)
    OSCfg_StatTaskStkLimit                   0x0801dc9c   Data           4  os_cfg_app.o(.constdata)
    OSCfg_StatTaskStkSize                    0x0801dca0   Data           4  os_cfg_app.o(.constdata)
    OSCfg_StatTaskStkSizeRAM                 0x0801dca4   Data           4  os_cfg_app.o(.constdata)
    OSCfg_StkSizeMin                         0x0801dca8   Data           4  os_cfg_app.o(.constdata)
    OSCfg_TickRate_Hz                        0x0801dcac   Data           4  os_cfg_app.o(.constdata)
    OSCfg_TickTaskPrio                       0x0801dcb0   Data           1  os_cfg_app.o(.constdata)
    OSCfg_TickTaskStkBasePtr                 0x0801dcb4   Data           4  os_cfg_app.o(.constdata)
    OSCfg_TickTaskStkLimit                   0x0801dcb8   Data           4  os_cfg_app.o(.constdata)
    OSCfg_TickTaskStkSize                    0x0801dcbc   Data           4  os_cfg_app.o(.constdata)
    OSCfg_TickTaskStkSizeRAM                 0x0801dcc0   Data           4  os_cfg_app.o(.constdata)
    OSCfg_TickWheelSize                      0x0801dcc4   Data           2  os_cfg_app.o(.constdata)
    OSCfg_TickWheelSizeRAM                   0x0801dcc8   Data           4  os_cfg_app.o(.constdata)
    OSCfg_TmrTaskPrio                        0x0801dccc   Data           1  os_cfg_app.o(.constdata)
    OSCfg_TmrTaskRate_Hz                     0x0801dcd0   Data           4  os_cfg_app.o(.constdata)
    OSCfg_TmrTaskStkBasePtr                  0x0801dcd4   Data           4  os_cfg_app.o(.constdata)
    OSCfg_TmrTaskStkLimit                    0x0801dcd8   Data           4  os_cfg_app.o(.constdata)
    OSCfg_TmrTaskStkSize                     0x0801dcdc   Data           4  os_cfg_app.o(.constdata)
    OSCfg_TmrTaskStkSizeRAM                  0x0801dce0   Data           4  os_cfg_app.o(.constdata)
    OSCfg_TmrWheelSize                       0x0801dce4   Data           2  os_cfg_app.o(.constdata)
    OSCfg_TmrWheelSizeRAM                    0x0801dce8   Data           4  os_cfg_app.o(.constdata)
    OSCfg_DataSizeRAM                        0x0801dcec   Data           4  os_cfg_app.o(.constdata)
    OSDbg_DbgEn                              0x0801dcf0   Data           2  os_dbg.o(.constdata)
    OSDbg_ArgChkEn                           0x0801dcf2   Data           1  os_dbg.o(.constdata)
    OSDbg_AppHooksEn                         0x0801dcf3   Data           1  os_dbg.o(.constdata)
    OSDbg_EndiannessTest                     0x0801dcf4   Data           4  os_dbg.o(.constdata)
    OSDbg_CalledFromISRChkEn                 0x0801dcf8   Data           1  os_dbg.o(.constdata)
    OSDbg_FlagEn                             0x0801dcf9   Data           1  os_dbg.o(.constdata)
    OSDbg_FlagGrp                            0x0801dcfc   Data          40  os_dbg.o(.constdata)
    OSDbg_FlagDelEn                          0x0801dd24   Data           1  os_dbg.o(.constdata)
    OSDbg_FlagModeClrEn                      0x0801dd25   Data           1  os_dbg.o(.constdata)
    OSDbg_FlagPendAbortEn                    0x0801dd26   Data           1  os_dbg.o(.constdata)
    OSDbg_FlagGrpSize                        0x0801dd28   Data           2  os_dbg.o(.constdata)
    OSDbg_FlagWidth                          0x0801dd2a   Data           2  os_dbg.o(.constdata)
    OSDbg_IntQ                               0x0801dd2c   Data           2  os_dbg.o(.constdata)
    OSDbg_ISRPostDeferredEn                  0x0801dd2e   Data           1  os_dbg.o(.constdata)
    OSDbg_Mem                                0x0801dd30   Data          32  os_dbg.o(.constdata)
    OSDbg_MemEn                              0x0801dd50   Data           1  os_dbg.o(.constdata)
    OSDbg_MemSize                            0x0801dd52   Data           2  os_dbg.o(.constdata)
    OSDbg_MsgEn                              0x0801dd54   Data           1  os_dbg.o(.constdata)
    OSDbg_MsgSize                            0x0801dd56   Data           2  os_dbg.o(.constdata)
    OSDbg_MsgPoolSize                        0x0801dd58   Data           2  os_dbg.o(.constdata)
    OSDbg_MsgQSize                           0x0801dd5a   Data           2  os_dbg.o(.constdata)
    OSDbg_Mutex                              0x0801dd5c   Data          44  os_dbg.o(.constdata)
    OSDbg_MutexEn                            0x0801dd88   Data           1  os_dbg.o(.constdata)
    OSDbg_MutexDelEn                         0x0801dd89   Data           1  os_dbg.o(.constdata)
    OSDbg_MutexPendAbortEn                   0x0801dd8a   Data           1  os_dbg.o(.constdata)
    OSDbg_MutexSize                          0x0801dd8c   Data           2  os_dbg.o(.constdata)
    OSDbg_ObjTypeChkEn                       0x0801dd8e   Data           1  os_dbg.o(.constdata)
    OSDbg_PendMultiEn                        0x0801dd8f   Data           1  os_dbg.o(.constdata)
    OSDbg_PendDataSize                       0x0801dd90   Data           2  os_dbg.o(.constdata)
    OSDbg_PendListSize                       0x0801dd92   Data           2  os_dbg.o(.constdata)
    OSDbg_PendObjSize                        0x0801dd94   Data           2  os_dbg.o(.constdata)
    OSDbg_PrioMax                            0x0801dd96   Data           2  os_dbg.o(.constdata)
    OSDbg_PrioTblSize                        0x0801dd98   Data           2  os_dbg.o(.constdata)
    OSDbg_PtrSize                            0x0801dd9a   Data           2  os_dbg.o(.constdata)
    OSDbg_Q                                  0x0801dd9c   Data          48  os_dbg.o(.constdata)
    OSDbg_QEn                                0x0801ddcc   Data           1  os_dbg.o(.constdata)
    OSDbg_QDelEn                             0x0801ddcd   Data           1  os_dbg.o(.constdata)
    OSDbg_QFlushEn                           0x0801ddce   Data           1  os_dbg.o(.constdata)
    OSDbg_QPendAbortEn                       0x0801ddcf   Data           1  os_dbg.o(.constdata)
    OSDbg_QSize                              0x0801ddd0   Data           2  os_dbg.o(.constdata)
    OSDbg_SchedRoundRobinEn                  0x0801ddd2   Data           1  os_dbg.o(.constdata)
    OSDbg_Sem                                0x0801ddd4   Data          40  os_dbg.o(.constdata)
    OSDbg_SemEn                              0x0801ddfc   Data           1  os_dbg.o(.constdata)
    OSDbg_SemDelEn                           0x0801ddfd   Data           1  os_dbg.o(.constdata)
    OSDbg_SemPendAbortEn                     0x0801ddfe   Data           1  os_dbg.o(.constdata)
    OSDbg_SemSetEn                           0x0801ddff   Data           1  os_dbg.o(.constdata)
    OSDbg_SemSize                            0x0801de00   Data           2  os_dbg.o(.constdata)
    OSDbg_RdyList                            0x0801de02   Data           2  os_dbg.o(.constdata)
    OSDbg_RdyListSize                        0x0801de04   Data           4  os_dbg.o(.constdata)
    OSDbg_StkWidth                           0x0801de08   Data           1  os_dbg.o(.constdata)
    OSDbg_StatTaskEn                         0x0801de09   Data           1  os_dbg.o(.constdata)
    OSDbg_StatTaskStkChkEn                   0x0801de0a   Data           1  os_dbg.o(.constdata)
    OSDbg_TaskChangePrioEn                   0x0801de0b   Data           1  os_dbg.o(.constdata)
    OSDbg_TaskDelEn                          0x0801de0c   Data           1  os_dbg.o(.constdata)
    OSDbg_TaskQEn                            0x0801de0d   Data           1  os_dbg.o(.constdata)
    OSDbg_TaskQPendAbortEn                   0x0801de0e   Data           1  os_dbg.o(.constdata)
    OSDbg_TaskProfileEn                      0x0801de0f   Data           1  os_dbg.o(.constdata)
    OSDbg_TaskRegTblSize                     0x0801de10   Data           2  os_dbg.o(.constdata)
    OSDbg_TaskSemPendAbortEn                 0x0801de12   Data           1  os_dbg.o(.constdata)
    OSDbg_TaskSuspendEn                      0x0801de13   Data           1  os_dbg.o(.constdata)
    OSDbg_TCBSize                            0x0801de14   Data           2  os_dbg.o(.constdata)
    OSDbg_TickSpokeSize                      0x0801de16   Data           2  os_dbg.o(.constdata)
    OSDbg_TimeDlyHMSMEn                      0x0801de18   Data           1  os_dbg.o(.constdata)
    OSDbg_TimeDlyResumeEn                    0x0801de19   Data           1  os_dbg.o(.constdata)
    OSDbg_TLS_TblSize                        0x0801de1a   Data           2  os_dbg.o(.constdata)
    OSDbg_Tmr                                0x0801de1c   Data          52  os_dbg.o(.constdata)
    OSDbg_TmrEn                              0x0801de50   Data           1  os_dbg.o(.constdata)
    OSDbg_TmrDelEn                           0x0801de51   Data           1  os_dbg.o(.constdata)
    OSDbg_TmrSize                            0x0801de52   Data           2  os_dbg.o(.constdata)
    OSDbg_TmrSpokeSize                       0x0801de54   Data           2  os_dbg.o(.constdata)
    OSDbg_VersionNbr                         0x0801de56   Data           2  os_dbg.o(.constdata)
    OSDbg_DataSize                           0x0801de58   Data           4  os_dbg.o(.constdata)
    __mathlib_zero                           0x0801df88   Data           8  qnan.o(.constdata)
    Region$$Table$$Base                      0x0801e09c   Number         0  anon$$obj.o(Region$$Table)
    Region$$Table$$Limit                     0x0801e0bc   Number         0  anon$$obj.o(Region$$Table)
    __ctype                                  0x0801e0c9   Data           0  lc_ctype_c.o(locale$$data)
    g_oled_display_flag                      0x20000000   Data           4  main.o(.data)
    g_oled_display_time_count                0x20000004   Data           4  main.o(.data)
    node1                                    0x20000008   Data           4  main.o(.data)
    SystemCoreClock                          0x20000014   Data           4  system_stm32f10x.o(.data)
    AHBPrescTable                            0x20000018   Data          16  system_stm32f10x.o(.data)
    USART2_RX_STA                            0x20000028   Data           2  usart2.o(.data)
    USART3_RX_STA                            0x2000002c   Data           2  usart3.o(.data)
    UART4_RX_STA                             0x20000034   Data           2  uart4.o(.data)
    MQ135_ADC_ConvertedValue                 0x2000003a   Data           2  mq135.o(.data)
    POINT_COLOR                              0x20000072   Data           2  lcd.o(.data)
    BACK_COLOR                               0x20000074   Data           2  lcd.o(.data)
    __stdout                                 0x2000007c   Data           4  usart.o(.data)
    USART_RX_STA                             0x20000080   Data           2  usart.o(.data)
    CPU_TS_TmrFreq_Hz                        0x20000098   Data           4  cpu_core.o(.data)
    Mem_PoolTbl                              0x2000009c   Data           4  lib_mem.o(.data)
    OSPrioTbl                                0x200000a0   Data           8  os_prio.o(.data)
    OS_AppTaskCreateHookPtr                  0x200000a8   Data           4  os_var.o(.data)
    OS_AppTaskDelHookPtr                     0x200000ac   Data           4  os_var.o(.data)
    OS_AppTaskReturnHookPtr                  0x200000b0   Data           4  os_var.o(.data)
    OS_AppIdleTaskHookPtr                    0x200000b4   Data           4  os_var.o(.data)
    OS_AppStatTaskHookPtr                    0x200000b8   Data           4  os_var.o(.data)
    OS_AppTaskSwHookPtr                      0x200000bc   Data           4  os_var.o(.data)
    OS_AppTimeTickHookPtr                    0x200000c0   Data           4  os_var.o(.data)
    OSIdleTaskCtr                            0x200000c4   Data           4  os_var.o(.data)
    OSIntNestingCtr                          0x200000c8   Data           1  os_var.o(.data)
    OSRunning                                0x200000c9   Data           1  os_var.o(.data)
    OSIntQInPtr                              0x200000cc   Data           4  os_var.o(.data)
    OSIntQOutPtr                             0x200000d0   Data           4  os_var.o(.data)
    OSIntQNbrEntries                         0x200000d4   Data           2  os_var.o(.data)
    OSIntQNbrEntriesMax                      0x200000d6   Data           2  os_var.o(.data)
    OSIntQOvfCtr                             0x200000d8   Data           2  os_var.o(.data)
    OSIntQTaskTimeMax                        0x200000dc   Data           4  os_var.o(.data)
    OSFlagDbgListPtr                         0x200000e0   Data           4  os_var.o(.data)
    OSFlagQty                                0x200000e4   Data           2  os_var.o(.data)
    OSMemDbgListPtr                          0x200000e8   Data           4  os_var.o(.data)
    OSMemQty                                 0x200000ec   Data           2  os_var.o(.data)
    OSMutexDbgListPtr                        0x200000f0   Data           4  os_var.o(.data)
    OSMutexQty                               0x200000f4   Data           2  os_var.o(.data)
    OSPrioCur                                0x200000f6   Data           1  os_var.o(.data)
    OSPrioHighRdy                            0x200000f7   Data           1  os_var.o(.data)
    OSPrioSaved                              0x200000f8   Data           1  os_var.o(.data)
    OSQDbgListPtr                            0x200000fc   Data           4  os_var.o(.data)
    OSQQty                                   0x20000100   Data           2  os_var.o(.data)
    OSSchedLockTimeBegin                     0x20000104   Data           4  os_var.o(.data)
    OSSchedLockTimeMax                       0x20000108   Data           4  os_var.o(.data)
    OSSchedLockTimeMaxCur                    0x2000010c   Data           4  os_var.o(.data)
    OSSchedLockNestingCtr                    0x20000110   Data           1  os_var.o(.data)
    OSSchedRoundRobinDfltTimeQuanta          0x20000114   Data           4  os_var.o(.data)
    OSSchedRoundRobinEn                      0x20000118   Data           1  os_var.o(.data)
    OSSemDbgListPtr                          0x2000011c   Data           4  os_var.o(.data)
    OSSemQty                                 0x20000120   Data           2  os_var.o(.data)
    OSStatResetFlag                          0x20000122   Data           1  os_var.o(.data)
    OSStatTaskCPUUsage                       0x20000124   Data           2  os_var.o(.data)
    OSStatTaskCPUUsageMax                    0x20000126   Data           2  os_var.o(.data)
    OSStatTaskCtr                            0x20000128   Data           4  os_var.o(.data)
    OSStatTaskCtrMax                         0x2000012c   Data           4  os_var.o(.data)
    OSStatTaskCtrRun                         0x20000130   Data           4  os_var.o(.data)
    OSStatTaskRdy                            0x20000134   Data           1  os_var.o(.data)
    OSStatTaskTimeMax                        0x20000138   Data           4  os_var.o(.data)
    OSTaskCtxSwCtr                           0x2000013c   Data           4  os_var.o(.data)
    OSTaskDbgListPtr                         0x20000140   Data           4  os_var.o(.data)
    OSTaskQty                                0x20000144   Data           2  os_var.o(.data)
    OSTaskRegNextAvailID                     0x20000146   Data           1  os_var.o(.data)
    OSTickCtr                                0x20000148   Data           4  os_var.o(.data)
    OSTickTaskTimeMax                        0x2000014c   Data           4  os_var.o(.data)
    OSTmrDbgListPtr                          0x20000150   Data           4  os_var.o(.data)
    OSTmrQty                                 0x20000154   Data           2  os_var.o(.data)
    OSTmrTaskTimeMax                         0x20000158   Data           4  os_var.o(.data)
    OSTmrTickCtr                             0x2000015c   Data           4  os_var.o(.data)
    OSTmrUpdateCnt                           0x20000160   Data           4  os_var.o(.data)
    OSTmrUpdateCtr                           0x20000164   Data           4  os_var.o(.data)
    OSTCBCurPtr                              0x20000168   Data           4  os_var.o(.data)
    OSTCBHighRdyPtr                          0x2000016c   Data           4  os_var.o(.data)
    OS_CPU_ExceptStkBase                     0x20000170   Data           4  os_cpu_c.o(.data)
    EXTI_InitStructure                       0x20000174   Data           8  lora_app.o(.data)
    NVIC_InitStructure                       0x2000017c   Data           4  lora_app.o(.data)
    Lora_mode                                0x20000180   Data           1  lora_app.o(.data)
    set_Already                              0x20000181   Data           1  lora_app.o(.data)
    Dire_Date                                0x20000183   Data           5  lora_app.o(.data)
    obj_addr                                 0x20000188   Data           4  lora_app.o(.data)
    obj_chn                                  0x2000018c   Data           1  lora_app.o(.data)
    StartTaskTCB                             0x20000190   Data         196  main.o(.bss)
    START_TASK_STK                           0x20000254   Data        2048  main.o(.bss)
    DHT11_Task_TCB                           0x20000a54   Data         196  main.o(.bss)
    DHT11_TASK_STK                           0x20000b18   Data        1024  main.o(.bss)
    TDLAS_Task_TCB                           0x20000f18   Data         196  main.o(.bss)
    TDLAS_TASK_STK                           0x20000fdc   Data        3600  main.o(.bss)
    MQ135_Task_TCB                           0x20001dec   Data         196  main.o(.bss)
    MQ135_TASK_STK                           0x20001eb0   Data         512  main.o(.bss)
    MQ4_Task_TCB                             0x200020b0   Data         196  main.o(.bss)
    MQ4_TASK_STK                             0x20002174   Data         512  main.o(.bss)
    IWG_Task_TCB                             0x20002374   Data         196  main.o(.bss)
    IWG_TASK_STK                             0x20002438   Data         512  main.o(.bss)
    SAVE_Task_TCB                            0x20002638   Data         196  main.o(.bss)
    SAVE_TASK_STK                            0x200026fc   Data         512  main.o(.bss)
    LORA_Task_TCB                            0x200028fc   Data         196  main.o(.bss)
    LORA_TASK_STK                            0x200029c0   Data        2048  main.o(.bss)
    RTC_Task_TCB                             0x200031c0   Data         196  main.o(.bss)
    RTC_TASK_STK                             0x20003284   Data         512  main.o(.bss)
    Led0TaskTCB                              0x20003484   Data         196  main.o(.bss)
    LED0_TASK_STK                            0x20003548   Data         512  main.o(.bss)
    Led1TaskTCB                              0x20003748   Data         196  main.o(.bss)
    LED1_TASK_STK                            0x2000380c   Data         512  main.o(.bss)
    BEEP_Task_TCB                            0x20003a0c   Data         196  main.o(.bss)
    BEEP_TASK_STK                            0x20003ad0   Data         512  main.o(.bss)
    KEY_Task_TCB                             0x20003cd0   Data         196  main.o(.bss)
    KEY_TASK_STK                             0x20003d94   Data         512  main.o(.bss)
    Mpu6050TaskTCB                           0x20003f94   Data         196  main.o(.bss)
    MPU6050_TASK_STK                         0x20004058   Data        1024  main.o(.bss)
    TASK_STA_Task_TCB                        0x20004458   Data         196  main.o(.bss)
    TASK_STA_TASK_STK                        0x2000451c   Data         512  main.o(.bss)
    FloatTaskTCB                             0x2000471c   Data         196  main.o(.bss)
    FLOAT_TASK_STK                           0x200047e0   Data         512  main.o(.bss)
    g_flag_grp                               0x200049e0   Data          40  main.o(.bss)
    g_sem_led                                0x20004a08   Data          40  main.o(.bss)
    g_sem_beep                               0x20004a30   Data          40  main.o(.bss)
    g_sem_mpu6050                            0x20004a58   Data          40  main.o(.bss)
    g_mutex_printf                           0x20004a80   Data          44  main.o(.bss)
    g_mutex_oled                             0x20004aac   Data          44  main.o(.bss)
    g_mutex_lcd                              0x20004ad8   Data          44  main.o(.bss)
    g_mutex_NODE                             0x20004b04   Data          44  main.o(.bss)
    g_queue_usart1                           0x20004b30   Data          48  main.o(.bss)
    g_queue_usart2                           0x20004b60   Data          48  main.o(.bss)
    g_queue_usart3                           0x20004b90   Data          48  main.o(.bss)
    g_queue_usart4                           0x20004bc0   Data          48  main.o(.bss)
    g_queue_usart5                           0x20004bf0   Data          48  main.o(.bss)
    g_queue_dht11_to_lora                    0x20004c20   Data          48  main.o(.bss)
    g_queue_dht11_to_txt                     0x20004c50   Data          48  main.o(.bss)
    g_queue_TDLAS_to_lora                    0x20004c80   Data          48  main.o(.bss)
    g_queue_TDLAS_to_txt                     0x20004cb0   Data          48  main.o(.bss)
    g_queue_MQ135_to_lora                    0x20004ce0   Data          48  main.o(.bss)
    g_queue_MQ135_to_txt                     0x20004d10   Data          48  main.o(.bss)
    g_queue_MQ4_to_lora                      0x20004d40   Data          48  main.o(.bss)
    g_queue_MQ4_to_txt                       0x20004d70   Data          48  main.o(.bss)
    node_1                                   0x20004da0   Data          72  main.o(.bss)
    USART2_RX_BUF                            0x20004de8   Data         400  usart2.o(.bss)
    USART2_TX_BUF                            0x20004f78   Data         400  usart2.o(.bss)
    USART3_RX_BUF                            0x20005108   Data        1024  usart3.o(.bss)
    USART3_TX_BUF                            0x20005508   Data         600  usart3.o(.bss)
    USART_InitStructure                      0x20005760   Data          16  usart3.o(.bss)
    UART4_RX_BUF                             0x20005770   Data         600  uart4.o(.bss)
    UART4_TX_BUF                             0x200059c8   Data         600  uart4.o(.bss)
    calendar                                 0x20005c20   Data          10  rtc.o(.bss)
    lcddev                                   0x20005c3c   Data          14  lcd.o(.bss)
    USART_RX_BUF                             0x20005c4a   Data         200  usart.o(.bss)
    CPU_Name                                 0x20005d12   Data          16  cpu_core.o(.bss)
    Mem_PoolHeap                             0x20005d24   Data          72  lib_mem.o(.bss)
    Mem_Heap                                 0x20005d6c   Data        1024  lib_mem.o(.bss)
    OSCfg_IdleTaskStk                        0x2000616c   Data         512  os_cfg_app.o(.bss)
    OSCfg_IntQ                               0x2000636c   Data         320  os_cfg_app.o(.bss)
    OSCfg_IntQTaskStk                        0x200064ac   Data         512  os_cfg_app.o(.bss)
    OSCfg_ISRStk                             0x200066ac   Data         512  os_cfg_app.o(.bss)
    OSCfg_MsgPool                            0x200068ac   Data        1600  os_cfg_app.o(.bss)
    OSCfg_StatTaskStk                        0x20006eec   Data         512  os_cfg_app.o(.bss)
    OSCfg_TickTaskStk                        0x200070ec   Data         512  os_cfg_app.o(.bss)
    OSCfg_TickWheel                          0x200072ec   Data         136  os_cfg_app.o(.bss)
    OSCfg_TmrTaskStk                         0x20007374   Data         512  os_cfg_app.o(.bss)
    OSCfg_TmrWheel                           0x20007574   Data         136  os_cfg_app.o(.bss)
    OSIdleTaskTCB                            0x200075fc   Data         196  os_var.o(.bss)
    OSIntQTaskTCB                            0x200076c0   Data         196  os_var.o(.bss)
    OSMsgPool                                0x20007784   Data          12  os_var.o(.bss)
    OSRdyList                                0x20007790   Data         768  os_var.o(.bss)
    OSStatTaskTCB                            0x20007a90   Data         196  os_var.o(.bss)
    OSTickTaskTCB                            0x20007b54   Data         196  os_var.o(.bss)
    OSTmrTaskTCB                             0x20007c18   Data         196  os_var.o(.bss)
    My_LoRa_CFG                              0x20007cdc   Data          10  lora_app.o(.bss)
    date                                     0x20007ce6   Data          30  lora_app.o(.bss)
    Tran_Data                                0x20007d04   Data          30  lora_app.o(.bss)
    wlcd_buff                                0x20007d22   Data          10  lora_app.o(.bss)
    rlcd_buff                                0x20007d2c   Data          10  lora_app.o(.bss)
    __libspace_start                         0x20007d38   Data          96  libspace.o(.bss)
    __temporary_stack_top$libspace           0x20007d98   Data           0  libspace.o(.bss)
    mem2base                                 0x68000000   Data       983040  malloc.o(.ARM.__AT_0x68000000)
    mem2mapbase                              0x680f0000   Data       61440  malloc.o(.ARM.__AT_0x680F0000)



==============================================================================

Memory Map of the image

  Image Entry point : 0x08000131

  Load Region LR_IROM1 (Base: 0x08000000, Size: 0x0001e378, Max: 0x00080000, ABSOLUTE, COMPRESSED[0x0001e22c])

    Execution Region ER_IROM1 (Base: 0x08000000, Size: 0x0001e1e8, Max: 0x00080000, ABSOLUTE)

    Base Addr    Size         Type   Attr      Idx    E Section Name        Object

    0x08000000   0x00000130   Data   RO          650    RESET               startup_stm32f10x_hd.o
    0x08000130   0x00000008   Code   RO         1644  * !!!main             c_w.l(__main.o)
    0x08000138   0x00000034   Code   RO         2177    !!!scatter          c_w.l(__scatter.o)
    0x0800016c   0x0000005a   Code   RO         2175    !!dczerorl2         c_w.l(__dczerorl2.o)
    0x080001c6   0x00000002   PAD
    0x080001c8   0x0000001c   Code   RO         2179    !!handler_zi        c_w.l(__scatter_zi.o)
    0x080001e4   0x00000000   Code   RO         1613    .ARM.Collect$$_printf_percent$$00000000  c_w.l(_printf_percent.o)
    0x080001e4   0x00000006   Code   RO         1809    .ARM.Collect$$_printf_percent$$00000001  c_w.l(_printf_n.o)
    0x080001ea   0x00000006   Code   RO         1810    .ARM.Collect$$_printf_percent$$00000002  c_w.l(_printf_p.o)
    0x080001f0   0x00000006   Code   RO         1611    .ARM.Collect$$_printf_percent$$00000003  c_w.l(_printf_f.o)
    0x080001f6   0x00000006   Code   RO         1813    .ARM.Collect$$_printf_percent$$00000004  c_w.l(_printf_e.o)
    0x080001fc   0x00000006   Code   RO         1612    .ARM.Collect$$_printf_percent$$00000005  c_w.l(_printf_g.o)
    0x08000202   0x00000006   Code   RO         1814    .ARM.Collect$$_printf_percent$$00000006  c_w.l(_printf_a.o)
    0x08000208   0x0000000a   Code   RO         1819    .ARM.Collect$$_printf_percent$$00000007  c_w.l(_printf_ll.o)
    0x08000212   0x00000006   Code   RO         1609    .ARM.Collect$$_printf_percent$$00000008  c_w.l(_printf_i.o)
    0x08000218   0x00000006   Code   RO         1610    .ARM.Collect$$_printf_percent$$00000009  c_w.l(_printf_d.o)
    0x0800021e   0x00000006   Code   RO         1812    .ARM.Collect$$_printf_percent$$0000000A  c_w.l(_printf_u.o)
    0x08000224   0x00000006   Code   RO         1811    .ARM.Collect$$_printf_percent$$0000000B  c_w.l(_printf_o.o)
    0x0800022a   0x00000006   Code   RO         1608    .ARM.Collect$$_printf_percent$$0000000C  c_w.l(_printf_x.o)
    0x08000230   0x00000006   Code   RO         1816    .ARM.Collect$$_printf_percent$$0000000D  c_w.l(_printf_lli.o)
    0x08000236   0x00000006   Code   RO         1817    .ARM.Collect$$_printf_percent$$0000000E  c_w.l(_printf_lld.o)
    0x0800023c   0x00000006   Code   RO         1818    .ARM.Collect$$_printf_percent$$0000000F  c_w.l(_printf_llu.o)
    0x08000242   0x00000006   Code   RO         1823    .ARM.Collect$$_printf_percent$$00000010  c_w.l(_printf_llo.o)
    0x08000248   0x00000006   Code   RO         1824    .ARM.Collect$$_printf_percent$$00000011  c_w.l(_printf_llx.o)
    0x0800024e   0x0000000a   Code   RO         1820    .ARM.Collect$$_printf_percent$$00000012  c_w.l(_printf_l.o)
    0x08000258   0x00000006   Code   RO         1808    .ARM.Collect$$_printf_percent$$00000013  c_w.l(_printf_c.o)
    0x0800025e   0x00000006   Code   RO         1607    .ARM.Collect$$_printf_percent$$00000014  c_w.l(_printf_s.o)
    0x08000264   0x00000006   Code   RO         1821    .ARM.Collect$$_printf_percent$$00000015  c_w.l(_printf_lc.o)
    0x0800026a   0x00000006   Code   RO         1822    .ARM.Collect$$_printf_percent$$00000016  c_w.l(_printf_ls.o)
    0x08000270   0x00000004   Code   RO         1815    .ARM.Collect$$_printf_percent$$00000017  c_w.l(_printf_percent_end.o)
    0x08000274   0x00000002   Code   RO         2093    .ARM.Collect$$libinit$$00000000  c_w.l(libinit.o)
    0x08000276   0x00000000   Code   RO         1838    .ARM.Collect$$libinit$$00000002  c_w.l(libinit2.o)
    0x08000276   0x00000000   Code   RO         1840    .ARM.Collect$$libinit$$00000004  c_w.l(libinit2.o)
    0x08000276   0x00000000   Code   RO         1843    .ARM.Collect$$libinit$$0000000A  c_w.l(libinit2.o)
    0x08000276   0x00000000   Code   RO         1845    .ARM.Collect$$libinit$$0000000C  c_w.l(libinit2.o)
    0x08000276   0x00000000   Code   RO         1847    .ARM.Collect$$libinit$$0000000E  c_w.l(libinit2.o)
    0x08000276   0x00000006   Code   RO         1848    .ARM.Collect$$libinit$$0000000F  c_w.l(libinit2.o)
    0x0800027c   0x00000000   Code   RO         1850    .ARM.Collect$$libinit$$00000011  c_w.l(libinit2.o)
    0x0800027c   0x0000000c   Code   RO         1851    .ARM.Collect$$libinit$$00000012  c_w.l(libinit2.o)
    0x08000288   0x00000000   Code   RO         1852    .ARM.Collect$$libinit$$00000013  c_w.l(libinit2.o)
    0x08000288   0x00000000   Code   RO         1854    .ARM.Collect$$libinit$$00000015  c_w.l(libinit2.o)
    0x08000288   0x0000000a   Code   RO         1855    .ARM.Collect$$libinit$$00000016  c_w.l(libinit2.o)
    0x08000292   0x00000000   Code   RO         1856    .ARM.Collect$$libinit$$00000017  c_w.l(libinit2.o)
    0x08000292   0x00000000   Code   RO         1858    .ARM.Collect$$libinit$$00000019  c_w.l(libinit2.o)
    0x08000292   0x00000000   Code   RO         1860    .ARM.Collect$$libinit$$0000001B  c_w.l(libinit2.o)
    0x08000292   0x00000000   Code   RO         1862    .ARM.Collect$$libinit$$0000001D  c_w.l(libinit2.o)
    0x08000292   0x00000000   Code   RO         1864    .ARM.Collect$$libinit$$0000001F  c_w.l(libinit2.o)
    0x08000292   0x00000000   Code   RO         1866    .ARM.Collect$$libinit$$00000021  c_w.l(libinit2.o)
    0x08000292   0x00000000   Code   RO         1868    .ARM.Collect$$libinit$$00000023  c_w.l(libinit2.o)
    0x08000292   0x00000000   Code   RO         1870    .ARM.Collect$$libinit$$00000025  c_w.l(libinit2.o)
    0x08000292   0x00000000   Code   RO         1874    .ARM.Collect$$libinit$$0000002C  c_w.l(libinit2.o)
    0x08000292   0x00000000   Code   RO         1876    .ARM.Collect$$libinit$$0000002E  c_w.l(libinit2.o)
    0x08000292   0x00000000   Code   RO         1878    .ARM.Collect$$libinit$$00000030  c_w.l(libinit2.o)
    0x08000292   0x00000000   Code   RO         1880    .ARM.Collect$$libinit$$00000032  c_w.l(libinit2.o)
    0x08000292   0x00000002   Code   RO         1881    .ARM.Collect$$libinit$$00000033  c_w.l(libinit2.o)
    0x08000294   0x00000002   Code   RO         2172    .ARM.Collect$$libshutdown$$00000000  c_w.l(libshutdown.o)
    0x08000296   0x00000000   Code   RO         2118    .ARM.Collect$$libshutdown$$00000003  c_w.l(libshutdown2.o)
    0x08000296   0x00000000   Code   RO         2121    .ARM.Collect$$libshutdown$$00000006  c_w.l(libshutdown2.o)
    0x08000296   0x00000000   Code   RO         2124    .ARM.Collect$$libshutdown$$00000009  c_w.l(libshutdown2.o)
    0x08000296   0x00000000   Code   RO         2126    .ARM.Collect$$libshutdown$$0000000B  c_w.l(libshutdown2.o)
    0x08000296   0x00000000   Code   RO         2129    .ARM.Collect$$libshutdown$$0000000E  c_w.l(libshutdown2.o)
    0x08000296   0x00000002   Code   RO         2130    .ARM.Collect$$libshutdown$$0000000F  c_w.l(libshutdown2.o)
    0x08000298   0x00000000   Code   RO         1742    .ARM.Collect$$rtentry$$00000000  c_w.l(__rtentry.o)
    0x08000298   0x00000000   Code   RO         1946    .ARM.Collect$$rtentry$$00000002  c_w.l(__rtentry2.o)
    0x08000298   0x00000006   Code   RO         1958    .ARM.Collect$$rtentry$$00000004  c_w.l(__rtentry4.o)
    0x0800029e   0x00000000   Code   RO         1948    .ARM.Collect$$rtentry$$00000009  c_w.l(__rtentry2.o)
    0x0800029e   0x00000004   Code   RO         1949    .ARM.Collect$$rtentry$$0000000A  c_w.l(__rtentry2.o)
    0x080002a2   0x00000000   Code   RO         1951    .ARM.Collect$$rtentry$$0000000C  c_w.l(__rtentry2.o)
    0x080002a2   0x00000008   Code   RO         1952    .ARM.Collect$$rtentry$$0000000D  c_w.l(__rtentry2.o)
    0x080002aa   0x00000002   Code   RO         2102    .ARM.Collect$$rtexit$$00000000  c_w.l(rtexit.o)
    0x080002ac   0x00000000   Code   RO         2148    .ARM.Collect$$rtexit$$00000002  c_w.l(rtexit2.o)
    0x080002ac   0x00000004   Code   RO         2149    .ARM.Collect$$rtexit$$00000003  c_w.l(rtexit2.o)
    0x080002b0   0x00000006   Code   RO         2150    .ARM.Collect$$rtexit$$00000004  c_w.l(rtexit2.o)
    0x080002b6   0x00000002   PAD
    0x080002b8   0x00001984   Code   RO            1    .text               main.o
    0x08001c3c   0x00000016   Code   RO          218    .text               stm32f10x_it.o
    0x08001c52   0x00000002   PAD
    0x08001c54   0x000001e0   Code   RO          256    .text               system_stm32f10x.o
    0x08001e34   0x0000004c   Code   RO          274    .text               led.o
    0x08001e80   0x00000204   Code   RO          290    .text               usart2.o
    0x08002084   0x00000364   Code   RO          313    .text               usart3.o
    0x080023e8   0x0000018c   Code   RO          335    .text               uart4.o
    0x08002574   0x000000b0   Code   RO          354    .text               timer.o
    0x08002624   0x000002fc   Code   RO          367    .text               dht11.o
    0x08002920   0x00000038   Code   RO          417    .text               beep.o
    0x08002958   0x000002a0   Code   RO          429    .text               key.o
    0x08002bf8   0x000004d4   Code   RO          449    .text               rtc.o
    0x080030cc   0x00000110   Code   RO          469    .text               mq135.o
    0x080031dc   0x000003ac   Code   RO          484    .text               mpu6050.o
    0x08003588   0x0000024c   Code   RO          500    .text               mpuiic.o
    0x080037d4   0x0000228c   Code   RO          512    .text               inv_mpu.o
    0x08005a60   0x00000d70   Code   RO          536    .text               inv_mpu_dmp_motion_driver.o
    0x080067d0   0x00004a5c   Code   RO          557    .text               lcd.o
    0x0800b22c   0x0000014c   Code   RO          584    .text               delay.o
    0x0800b378   0x0000014c   Code   RO          615    .text               usart.o
    0x0800b4c4   0x00000040   Code   RO          651    .text               startup_stm32f10x_hd.o
    0x0800b504   0x000000dc   Code   RO          655    .text               misc.o
    0x0800b5e0   0x0000035c   Code   RO          667    .text               stm32f10x_gpio.o
    0x0800b93c   0x00000408   Code   RO          679    .text               stm32f10x_usart.o
    0x0800bd44   0x000003a4   Code   RO          691    .text               stm32f10x_rcc.o
    0x0800c0e8   0x0000044e   Code   RO          705    .text               stm32f10x_adc.o
    0x0800c536   0x00000002   PAD
    0x0800c538   0x000000c4   Code   RO          717    .text               stm32f10x_bkp.o
    0x0800c5fc   0x00000254   Code   RO          804    .text               stm32f10x_dma.o
    0x0800c850   0x0000011c   Code   RO          816    .text               stm32f10x_exti.o
    0x0800c96c   0x0000060c   Code   RO          843    .text               stm32f10x_fsmc.o
    0x0800cf78   0x000000cc   Code   RO          885    .text               stm32f10x_pwr.o
    0x0800d044   0x00000148   Code   RO          897    .text               stm32f10x_rtc.o
    0x0800d18c   0x00000e1a   Code   RO          936    .text               stm32f10x_tim.o
    0x0800dfa6   0x00000002   PAD
    0x0800dfa8   0x00000084   Code   RO          963    .text               bsp.o
    0x0800e02c   0x000002a8   Code   RO          978    .text               cpu_core.o
    0x0800e2d4   0x00000034   Code   RO         1016    .text               cpu_a.o
    0x0800e308   0x00000256   Code   RO         1019    .text               lib_ascii.o
    0x0800e55e   0x00000002   PAD
    0x0800e560   0x000009c6   Code   RO         1052    .text               lib_mem.o
    0x0800ef26   0x00000002   PAD
    0x0800ef28   0x0000092c   Code   RO         1071    .text               lib_str.o
    0x0800f854   0x00000220   Code   RO         1088    .text               lib_mem_a.o
    0x0800fa74   0x000000fc   Code   RO         1091    .text               os_cfg_app.o
    0x0800fb70   0x00000e04   Code   RO         1114    .text               os_core.o
    0x08010974   0x000001b0   Code   RO         1126    .text               os_dbg.o
    0x08010b24   0x00000e28   Code   RO         1141    .text               os_flag.o
    0x0801194c   0x00000444   Code   RO         1153    .text               os_int.o
    0x08011d90   0x00000238   Code   RO         1165    .text               os_mem.o
    0x08011fc8   0x0000022c   Code   RO         1177    .text               os_msg.o
    0x080121f4   0x00000ad4   Code   RO         1189    .text               os_mutex.o
    0x08012cc8   0x0000007c   Code   RO         1207    .text               os_prio.o
    0x08012d44   0x000008d8   Code   RO         1226    .text               os_q.o
    0x0801361c   0x00000830   Code   RO         1238    .text               os_sem.o
    0x08013e4c   0x00000638   Code   RO         1250    .text               os_stat.o
    0x08014484   0x00001bb4   Code   RO         1262    .text               os_task.o
    0x08016038   0x000004fc   Code   RO         1274    .text               os_tick.o
    0x08016534   0x00000564   Code   RO         1286    .text               os_time.o
    0x08016a98   0x00000818   Code   RO         1298    .text               os_tmr.o
    0x080172b0   0x0000026c   Code   RO         1327    .text               os_cpu_c.o
    0x0801751c   0x0000074c   Code   RO         1360    .text               lora_app.o
    0x08017c68   0x00000002   Code   RO         1470    .text               c_w.l(use_no_semi_2.o)
    0x08017c6a   0x000000ee   Code   RO         1540    .text               c_w.l(lludivv7m.o)
    0x08017d58   0x00000048   Code   RO         1542    .text               c_w.l(llsdiv.o)
    0x08017da0   0x0000000c   Code   RO         1546    .text               c_w.l(vprintf.o)
    0x08017dac   0x00000024   Code   RO         1548    .text               c_w.l(vsprintf.o)
    0x08017dd0   0x00000018   Code   RO         1550    .text               c_w.l(__2printf.o)
    0x08017de8   0x0000002c   Code   RO         1552    .text               c_w.l(__2sprintf.o)
    0x08017e14   0x0000004e   Code   RO         1560    .text               c_w.l(_printf_pad.o)
    0x08017e62   0x00000052   Code   RO         1562    .text               c_w.l(_printf_str.o)
    0x08017eb4   0x00000078   Code   RO         1564    .text               c_w.l(_printf_dec.o)
    0x08017f2c   0x00000094   Code   RO         1584    .text               c_w.l(_printf_hex_int_ll_ptr.o)
    0x08017fc0   0x00000188   Code   RO         1604    .text               c_w.l(__printf_flags_ss_wp.o)
    0x08018148   0x0000001a   Code   RO         1616    .text               c_w.l(atoi.o)
    0x08018162   0x00000024   Code   RO         1618    .text               c_w.l(strstr.o)
    0x08018186   0x00000058   Code   RO         1620    .text               c_w.l(memcmp.o)
    0x080181de   0x00000048   Code   RO         1622    .text               c_w.l(strcpy.o)
    0x08018226   0x0000003e   Code   RO         1624    .text               c_w.l(strlen.o)
    0x08018264   0x00000096   Code   RO         1626    .text               c_w.l(strncmp.o)
    0x080182fa   0x00000064   Code   RO         1630    .text               c_w.l(rt_memcpy_w.o)
    0x0801835e   0x00000010   Code   RO         1632    .text               c_w.l(aeabi_memset.o)
    0x0801836e   0x00000044   Code   RO         1634    .text               c_w.l(rt_memclr.o)
    0x080183b2   0x0000004e   Code   RO         1636    .text               c_w.l(rt_memclr_w.o)
    0x08018400   0x00000056   Code   RO         1638    .text               c_w.l(strncpy.o)
    0x08018456   0x00000002   PAD
    0x08018458   0x00000080   Code   RO         1640    .text               c_w.l(strcmpv7m.o)
    0x080184d8   0x00000006   Code   RO         1642    .text               c_w.l(heapauxi.o)
    0x080184de   0x00000002   Code   RO         1738    .text               c_w.l(use_no_semi.o)
    0x080184e0   0x00000010   Code   RO         1743    .text               c_w.l(rt_ctype_table.o)
    0x080184f0   0x00000008   Code   RO         1757    .text               c_w.l(rt_errno_addr_intlibspace.o)
    0x080184f8   0x00000016   Code   RO         1779    .text               c_w.l(_rserrno.o)
    0x0801850e   0x00000024   Code   RO         1781    .text               c_w.l(_printf_truncate.o)
    0x08018532   0x000000b2   Code   RO         1783    .text               c_w.l(_printf_intcommon.o)
    0x080185e4   0x00000028   Code   RO         1785    .text               c_w.l(_printf_charcount.o)
    0x0801860c   0x0000041a   Code   RO         1787    .text               c_w.l(_printf_fp_dec.o)
    0x08018a26   0x00000002   PAD
    0x08018a28   0x00000030   Code   RO         1789    .text               c_w.l(_printf_char_common.o)
    0x08018a58   0x0000000a   Code   RO         1791    .text               c_w.l(_sputc.o)
    0x08018a62   0x0000002c   Code   RO         1793    .text               c_w.l(_printf_char.o)
    0x08018a8e   0x00000002   PAD
    0x08018a90   0x00000024   Code   RO         1795    .text               c_w.l(_printf_char_file.o)
    0x08018ab4   0x000000bc   Code   RO         1797    .text               c_w.l(_printf_wctomb.o)
    0x08018b70   0x0000007c   Code   RO         1800    .text               c_w.l(_printf_longlong_dec.o)
    0x08018bec   0x00000070   Code   RO         1806    .text               c_w.l(_printf_oct_int_ll.o)
    0x08018c5c   0x00000070   Code   RO         1833    .text               c_w.l(strtol.o)
    0x08018ccc   0x00000008   Code   RO         1942    .text               c_w.l(libspace.o)
    0x08018cd4   0x00000008   Code   RO         1965    .text               c_w.l(rt_locale_intlibspace.o)
    0x08018cdc   0x0000008a   Code   RO         1975    .text               c_w.l(lludiv10.o)
    0x08018d66   0x00000002   PAD
    0x08018d68   0x000002fc   Code   RO         1979    .text               c_w.l(_printf_fp_hex.o)
    0x08019064   0x00000080   Code   RO         1982    .text               c_w.l(_printf_fp_infnan.o)
    0x080190e4   0x0000002c   Code   RO         1986    .text               c_w.l(_printf_wchar.o)
    0x08019110   0x0000009e   Code   RO         1990    .text               c_w.l(_strtoul.o)
    0x080191ae   0x00000002   PAD
    0x080191b0   0x000000dc   Code   RO         1992    .text               c_w.l(bigflt0.o)
    0x0801928c   0x00000008   Code   RO         2017    .text               c_w.l(ferror.o)
    0x08019294   0x00000040   Code   RO         2021    .text               c_w.l(_wcrtomb.o)
    0x080192d4   0x0000004a   Code   RO         2062    .text               c_w.l(sys_stackheap_outer.o)
    0x0801931e   0x0000001c   Code   RO         2068    .text               c_w.l(_chval.o)
    0x0801933a   0x0000000c   Code   RO         2074    .text               c_w.l(exit.o)
    0x08019346   0x0000003e   Code   RO         1995    CL$$btod_d2e        c_w.l(btod.o)
    0x08019384   0x00000046   Code   RO         1997    CL$$btod_d2e_denorm_low  c_w.l(btod.o)
    0x080193ca   0x00000060   Code   RO         1996    CL$$btod_d2e_norm_op1  c_w.l(btod.o)
    0x0801942a   0x00000338   Code   RO         2005    CL$$btod_div_common  c_w.l(btod.o)
    0x08019762   0x000000c6   Code   RO         2002    CL$$btod_e2e        c_w.l(btod.o)
    0x08019828   0x00000028   Code   RO         1999    CL$$btod_ediv       c_w.l(btod.o)
    0x08019850   0x00000028   Code   RO         1998    CL$$btod_emul       c_w.l(btod.o)
    0x08019878   0x00000244   Code   RO         2004    CL$$btod_mult_common  c_w.l(btod.o)
    0x08019abc   0x00000098   Code   RO         1324    CODE                os_cpu_a.o
    0x08019b54   0x00000028   Code   RO         1927    i.__ARM_fpclassify  m_ws.l(fpclassify.o)
    0x08019b7c   0x000000aa   Code   RO         1929    i.__kernel_poly     m_ws.l(poly.o)
    0x08019c26   0x00000006   Code   RO         1914    i.__mathlib_dbl_infnan  m_ws.l(dunder.o)
    0x08019c2c   0x00000004   Code   RO         1915    i.__mathlib_dbl_infnan2  m_ws.l(dunder.o)
    0x08019c30   0x0000000c   Code   RO         1916    i.__mathlib_dbl_invalid  m_ws.l(dunder.o)
    0x08019c3c   0x00000010   Code   RO         1919    i.__mathlib_dbl_underflow  m_ws.l(dunder.o)
    0x08019c4c   0x0000000e   Code   RO         1597    i._is_digit         c_w.l(__printf_wp.o)
    0x08019c5a   0x00000002   PAD
    0x08019c5c   0x00000270   Code   RO         1717    i.asin              m_ws.l(asin.o)
    0x08019ecc   0x00000220   Code   RO         1904    i.atan              m_ws.l(atan.o)
    0x0801a0ec   0x00000180   Code   RO         1727    i.atan2             m_ws.l(atan2.o)
    0x0801a26c   0x0000004c   Code   RO         1933    i.sqrt              m_ws.l(sqrt.o)
    0x0801a2b8   0x0000002c   Code   RO         2024    locale$$code        c_w.l(lc_ctype_c.o)
    0x0801a2e4   0x0000002c   Code   RO         2027    locale$$code        c_w.l(lc_numeric_c.o)
    0x0801a310   0x00000062   Code   RO         1646    x$fpl$d2f           fz_ws.l(d2f.o)
    0x0801a372   0x00000002   PAD
    0x0801a374   0x00000150   Code   RO         1648    x$fpl$dadd          fz_ws.l(daddsub_clz.o)
    0x0801a4c4   0x00000010   Code   RO         2038    x$fpl$dcheck1       fz_ws.l(dcheck1.o)
    0x0801a4d4   0x000002b0   Code   RO         1655    x$fpl$ddiv          fz_ws.l(ddiv.o)
    0x0801a784   0x0000005e   Code   RO         1658    x$fpl$dfix          fz_ws.l(dfix.o)
    0x0801a7e2   0x00000002   PAD
    0x0801a7e4   0x0000005a   Code   RO         1662    x$fpl$dfixu         fz_ws.l(dfixu.o)
    0x0801a83e   0x0000002e   Code   RO         1667    x$fpl$dflt          fz_ws.l(dflt_clz.o)
    0x0801a86c   0x00000026   Code   RO         1666    x$fpl$dfltu         fz_ws.l(dflt_clz.o)
    0x0801a892   0x00000002   PAD
    0x0801a894   0x00000154   Code   RO         1674    x$fpl$dmul          fz_ws.l(dmul.o)
    0x0801a9e8   0x0000009c   Code   RO         1884    x$fpl$dnaninf       fz_ws.l(dnaninf.o)
    0x0801aa84   0x0000000c   Code   RO         1886    x$fpl$dretinf       fz_ws.l(dretinf.o)
    0x0801aa90   0x00000016   Code   RO         1649    x$fpl$drsb          fz_ws.l(daddsub_clz.o)
    0x0801aaa6   0x00000002   PAD
    0x0801aaa8   0x000001cc   Code   RO         2040    x$fpl$dsqrt         fz_ws.l(dsqrt_noumaal.o)
    0x0801ac74   0x000001d4   Code   RO         1650    x$fpl$dsub          fz_ws.l(daddsub_clz.o)
    0x0801ae48   0x00000056   Code   RO         1678    x$fpl$f2d           fz_ws.l(f2d.o)
    0x0801ae9e   0x00000002   PAD
    0x0801aea0   0x000000c4   Code   RO         1680    x$fpl$fadd          fz_ws.l(faddsub_clz.o)
    0x0801af64   0x00000018   Code   RO         1888    x$fpl$fcmpinf       fz_ws.l(fcmpi.o)
    0x0801af7c   0x00000184   Code   RO         1687    x$fpl$fdiv          fz_ws.l(fdiv.o)
    0x0801b100   0x00000068   Code   RO         1690    x$fpl$feqf          fz_ws.l(feqf.o)
    0x0801b168   0x00000036   Code   RO         1692    x$fpl$ffix          fz_ws.l(ffix.o)
    0x0801b19e   0x00000002   PAD
    0x0801b1a0   0x0000003e   Code   RO         1696    x$fpl$ffixu         fz_ws.l(ffixu.o)
    0x0801b1de   0x00000002   PAD
    0x0801b1e0   0x00000030   Code   RO         1701    x$fpl$fflt          fz_ws.l(fflt_clz.o)
    0x0801b210   0x00000026   Code   RO         1700    x$fpl$ffltu         fz_ws.l(fflt_clz.o)
    0x0801b236   0x00000002   PAD
    0x0801b238   0x00000068   Code   RO         1706    x$fpl$fleqf         fz_ws.l(fleqf.o)
    0x0801b2a0   0x00000102   Code   RO         1708    x$fpl$fmul          fz_ws.l(fmul.o)
    0x0801b3a2   0x0000008c   Code   RO         1890    x$fpl$fnaninf       fz_ws.l(fnaninf.o)
    0x0801b42e   0x0000000a   Code   RO         1892    x$fpl$fretinf       fz_ws.l(fretinf.o)
    0x0801b438   0x00000062   Code   RO         1710    x$fpl$frleqf        fz_ws.l(frleqf.o)
    0x0801b49a   0x00000002   PAD
    0x0801b49c   0x000000ea   Code   RO         1682    x$fpl$fsub          fz_ws.l(faddsub_clz.o)
    0x0801b586   0x00000004   Code   RO         1712    x$fpl$printf1       fz_ws.l(printf1.o)
    0x0801b58a   0x00000004   Code   RO         1894    x$fpl$printf2       fz_ws.l(printf2.o)
    0x0801b58e   0x00000064   Code   RO         2096    x$fpl$retnan        fz_ws.l(retnan.o)
    0x0801b5f2   0x0000005c   Code   RO         1900    x$fpl$scalbn        fz_ws.l(scalbn.o)
    0x0801b64e   0x00000030   Code   RO         2131    x$fpl$trapveneer    fz_ws.l(trapv.o)
    0x0801b67e   0x00000000   Code   RO         1902    x$fpl$usenofp       fz_ws.l(usenofp.o)
    0x0801b67e   0x00000002   PAD
    0x0801b680   0x00000014   Data   RO            3    .constdata          main.o
    0x0801b694   0x00000018   Data   RO          451    .constdata          rtc.o
    0x0801b6ac   0x00000050   Data   RO          513    .constdata          inv_mpu.o
    0x0801b6fc   0x00000bf6   Data   RO          538    .constdata          inv_mpu_dmp_motion_driver.o
    0x0801c2f2   0x000017c0   Data   RO          559    .constdata          lcd.o
    0x0801dab2   0x00000002   PAD
    0x0801dab4   0x00000104   Data   RO          980    .constdata          cpu_core.o
    0x0801dbb8   0x00000094   Data   RO         1072    .constdata          lib_str.o
    0x0801dc4c   0x000000a4   Data   RO         1093    .constdata          os_cfg_app.o
    0x0801dcf0   0x0000016c   Data   RO         1127    .constdata          os_dbg.o
    0x0801de5c   0x00000028   Data   RO         1585    .constdata          c_w.l(_printf_hex_int_ll_ptr.o)
    0x0801de84   0x00000011   Data   RO         1605    .constdata          c_w.l(__printf_flags_ss_wp.o)
    0x0801de95   0x00000003   PAD
    0x0801de98   0x00000050   Data   RO         1718    .constdata          m_ws.l(asin.o)
    0x0801dee8   0x00000008   Data   RO         1798    .constdata          c_w.l(_printf_wctomb.o)
    0x0801def0   0x00000098   Data   RO         1905    .constdata          m_ws.l(atan.o)
    0x0801df88   0x00000008   Data   RO         1931    .constdata          m_ws.l(qnan.o)
    0x0801df90   0x00000026   Data   RO         1980    .constdata          c_w.l(_printf_fp_hex.o)
    0x0801dfb6   0x00000002   PAD
    0x0801dfb8   0x00000094   Data   RO         1993    .constdata          c_w.l(bigflt0.o)
    0x0801e04c   0x0000004d   Data   RO          514    .conststring        inv_mpu.o
    0x0801e099   0x00000003   PAD
    0x0801e09c   0x00000020   Data   RO         2173    Region$$Table       anon$$obj.o
    0x0801e0bc   0x00000110   Data   RO         2023    locale$$data        c_w.l(lc_ctype_c.o)
    0x0801e1cc   0x0000001c   Data   RO         2026    locale$$data        c_w.l(lc_numeric_c.o)


    Execution Region RW_IRAM1 (Base: 0x20000000, Size: 0x00008f98, Max: 0x00010000, ABSOLUTE, COMPRESSED[0x00000044])

    Base Addr    Size         Type   Attr      Idx    E Section Name        Object

    0x20000000   0x00000014   Data   RW            4    .data               main.o
    0x20000014   0x00000014   Data   RW          257    .data               system_stm32f10x.o
    0x20000028   0x00000002   Data   RW          292    .data               usart2.o
    0x2000002a   0x00000002   PAD
    0x2000002c   0x00000008   Data   RW          315    .data               usart3.o
    0x20000034   0x00000002   Data   RW          337    .data               uart4.o
    0x20000036   0x00000001   Data   RW          430    .data               key.o
    0x20000037   0x00000001   PAD
    0x20000038   0x00000002   Data   RW          452    .data               rtc.o
    0x2000003a   0x00000002   Data   RW          470    .data               mq135.o
    0x2000003c   0x00000035   Data   RW          515    .data               inv_mpu.o
    0x20000071   0x00000001   PAD
    0x20000072   0x00000004   Data   RW          560    .data               lcd.o
    0x20000076   0x00000004   Data   RW          585    .data               delay.o
    0x2000007a   0x00000002   PAD
    0x2000007c   0x00000006   Data   RW          617    .data               usart.o
    0x20000082   0x00000014   Data   RW          692    .data               stm32f10x_rcc.o
    0x20000096   0x00000002   PAD
    0x20000098   0x00000004   Data   RW          981    .data               cpu_core.o
    0x2000009c   0x00000004   Data   RW         1054    .data               lib_mem.o
    0x200000a0   0x00000008   Data   RW         1208    .data               os_prio.o
    0x200000a8   0x000000c8   Data   RW         1311    .data               os_var.o
    0x20000170   0x00000004   Data   RW         1328    .data               os_cpu_c.o
    0x20000174   0x0000001a   Data   RW         1362    .data               lora_app.o
    0x2000018e   0x00000002   PAD
    0x20000190   0x00004c58   Zero   RW            2    .bss                main.o
    0x20004de8   0x00000320   Zero   RW          291    .bss                usart2.o
    0x20005108   0x00000668   Zero   RW          314    .bss                usart3.o
    0x20005770   0x000004b0   Zero   RW          336    .bss                uart4.o
    0x20005c20   0x0000000a   Zero   RW          450    .bss                rtc.o
    0x20005c2a   0x00000002   PAD
    0x20005c2c   0x00000010   Zero   RW          537    .bss                inv_mpu_dmp_motion_driver.o
    0x20005c3c   0x0000000e   Zero   RW          558    .bss                lcd.o
    0x20005c4a   0x000000c8   Zero   RW          616    .bss                usart.o
    0x20005d12   0x00000010   Zero   RW          979    .bss                cpu_core.o
    0x20005d22   0x00000002   PAD
    0x20005d24   0x00000448   Zero   RW         1053    .bss                lib_mem.o
    0x2000616c   0x00001490   Zero   RW         1092    .bss                os_cfg_app.o
    0x200075fc   0x000006e0   Zero   RW         1310    .bss                os_var.o
    0x20007cdc   0x0000005a   Zero   RW         1361    .bss                lora_app.o
    0x20007d36   0x00000002   PAD
    0x20007d38   0x00000060   Zero   RW         1943    .bss                c_w.l(libspace.o)
    0x20007d98   0x00000600   Zero   RW          649    HEAP                startup_stm32f10x_hd.o
    0x20008398   0x00000c00   Zero   RW          648    STACK               startup_stm32f10x_hd.o



  Load Region LR$$.ARM.__AT_0x68000000 (Base: 0x68000000, Size: 0x00000000, Max: 0x000f0000, ABSOLUTE)

    Execution Region ER$$.ARM.__AT_0x68000000 (Base: 0x68000000, Size: 0x000f0000, Max: 0x000f0000, ABSOLUTE, UNINIT)

    Base Addr    Size         Type   Attr      Idx    E Section Name        Object

    0x68000000   0x000f0000   Zero   RW         1447    .ARM.__AT_0x68000000  malloc.o



  Load Region LR$$.ARM.__AT_0x680F0000 (Base: 0x680f0000, Size: 0x00000000, Max: 0x0000f000, ABSOLUTE)

    Execution Region ER$$.ARM.__AT_0x680F0000 (Base: 0x680f0000, Size: 0x0000f000, Max: 0x0000f000, ABSOLUTE, UNINIT)

    Base Addr    Size         Type   Attr      Idx    E Section Name        Object

    0x680f0000   0x0000f000   Zero   RW         1448    .ARM.__AT_0x680F0000  malloc.o


==============================================================================

Image component sizes


      Code (inc. data)   RO Data    RW Data    ZI Data      Debug   Object Name

        56          6          0          0          0        516   beep.o
       132         12          0          0          0       1167   bsp.o
        52          0          0          0          0        360   cpu_a.o
       680         14        260          4         16      14431   cpu_core.o
       332         28          0          4          0       1841   delay.o
       764         14          0          0          0       2825   dht11.o
      8844        196        157         53          0      23321   inv_mpu.o
      3440        126       3062          0         16      15171   inv_mpu_dmp_motion_driver.o
       672         74          0          1          0       2103   key.o
     19036        162       6080          4         14      21786   lcd.o
        76          8          0          0          0        523   led.o
       598          0          0          0          0       3728   lib_ascii.o
      2502         32          0          4       1096      21868   lib_mem.o
       544          0          0          0          0        508   lib_mem_a.o
      2348          6        148          0          0      13154   lib_str.o
      1868        522          0         26         90       4340   lora_app.o
      6532       1746         20         20      19544     351434   main.o
         0          0          0          0    1044480       1645   malloc.o
       220         22          0          0          0       1885   misc.o
       940         28          0          0          0       4283   mpu6050.o
       588         14          0          0          0       2070   mpuiic.o
       272         18          0          2          0       1356   mq135.o
       252        166        164          0       5264      21026   os_cfg_app.o
      3588        294          0          0          0      12097   os_core.o
       152         32          0          0          0        420   os_cpu_a.o
       620         66          0          4          0       3877   os_cpu_c.o
       432        286        364          0          0       4845   os_dbg.o
      3624        110          0          0          0       7759   os_flag.o
      1092        146          0          0          0       2332   os_int.o
       568         20          0          0          0       2732   os_mem.o
       556         12          0          0          0       2791   os_msg.o
      2772        114          0          0          0       5450   os_mutex.o
       124          4          0          8          0       1840   os_prio.o
      2264         76          0          0          0       6128   os_q.o
      2096         70          0          0          0       6144   os_sem.o
      1592        180          0          0          0       2833   os_stat.o
      7092        270          0          0          0      13506   os_task.o
      1276         90          0          0          0       3289   os_tick.o
      1380         46          0          0          0       3229   os_time.o
      2072        140          0          0          0       6330   os_tmr.o
         0          0          0        200       1760      19421   os_var.o
      1236         74         24          2         10       4430   rtc.o
        64         26        304          0       4608        820   startup_stm32f10x_hd.o
      1102         26          0          0          0      10921   stm32f10x_adc.o
       196          8          0          0          0       3552   stm32f10x_bkp.o
       596          8          0          0          0       4418   stm32f10x_dma.o
       284         10          0          0          0       2323   stm32f10x_exti.o
      1548         18          0          0          0       5435   stm32f10x_fsmc.o
       860         38          0          0          0       5733   stm32f10x_gpio.o
        22          0          0          0          0       1027   stm32f10x_it.o
       204         14          0          0          0       1955   stm32f10x_pwr.o
       932         36          0         20          0       8940   stm32f10x_rcc.o
       328          4          0          0          0       2710   stm32f10x_rtc.o
      3610         88          0          0          0      22220   stm32f10x_tim.o
      1032         22          0          0          0       8456   stm32f10x_usart.o
         0          0          0          0          0         32   sys.o
       480         38          0         20          0       1827   system_stm32f10x.o
       176          8          0          0          0        964   timer.o
       396         22          0          2       1200       2205   uart4.o
       332         16          0          6        200       3238   usart.o
       516         68          0          2        800       2222   usart2.o
       868         98          0          8       1640       2867   usart3.o

    ----------------------------------------------------------------------
     96840       5772      10620        400    1080744     712659   Object Totals
         0          0         32          0          0          0   (incl. Generated)
        10          0          5         10          6          0   (incl. Padding)

    ----------------------------------------------------------------------

      Code (inc. data)   RO Data    RW Data    ZI Data      Debug   Library Member Name

        24          4          0          0          0         84   __2printf.o
        44          6          0          0          0         84   __2sprintf.o
        90          0          0          0          0          0   __dczerorl2.o
         8          0          0          0          0         68   __main.o
       392          4         17          0          0         92   __printf_flags_ss_wp.o
        14          0          0          0          0         68   __printf_wp.o
         0          0          0          0          0          0   __rtentry.o
        12          0          0          0          0          0   __rtentry2.o
         6          0          0          0          0          0   __rtentry4.o
        52          8          0          0          0          0   __scatter.o
        28          0          0          0          0          0   __scatter_zi.o
        28          0          0          0          0         68   _chval.o
         6          0          0          0          0          0   _printf_a.o
         6          0          0          0          0          0   _printf_c.o
        44          0          0          0          0        108   _printf_char.o
        48          6          0          0          0         96   _printf_char_common.o
        36          4          0          0          0         80   _printf_char_file.o
        40          0          0          0          0         68   _printf_charcount.o
         6          0          0          0          0          0   _printf_d.o
       120         16          0          0          0         92   _printf_dec.o
         6          0          0          0          0          0   _printf_e.o
         6          0          0          0          0          0   _printf_f.o
      1050          0          0          0          0        216   _printf_fp_dec.o
       764         10         38          0          0        100   _printf_fp_hex.o
       128         16          0          0          0         84   _printf_fp_infnan.o
         6          0          0          0          0          0   _printf_g.o
       148          4         40          0          0        160   _printf_hex_int_ll_ptr.o
         6          0          0          0          0          0   _printf_i.o
       178          0          0          0          0         88   _printf_intcommon.o
        10          0          0          0          0          0   _printf_l.o
         6          0          0          0          0          0   _printf_lc.o
        10          0          0          0          0          0   _printf_ll.o
         6          0          0          0          0          0   _printf_lld.o
         6          0          0          0          0          0   _printf_lli.o
         6          0          0          0          0          0   _printf_llo.o
         6          0          0          0          0          0   _printf_llu.o
         6          0          0          0          0          0   _printf_llx.o
       124         16          0          0          0         92   _printf_longlong_dec.o
         6          0          0          0          0          0   _printf_ls.o
         6          0          0          0          0          0   _printf_n.o
         6          0          0          0          0          0   _printf_o.o
       112          8          0          0          0        124   _printf_oct_int_ll.o
         6          0          0          0          0          0   _printf_p.o
        78          0          0          0          0        108   _printf_pad.o
         0          0          0          0          0          0   _printf_percent.o
         4          0          0          0          0          0   _printf_percent_end.o
         6          0          0          0          0          0   _printf_s.o
        82          0          0          0          0         80   _printf_str.o
        36          0          0          0          0         84   _printf_truncate.o
         6          0          0          0          0          0   _printf_u.o
        44          0          0          0          0        108   _printf_wchar.o
       188          6          8          0          0         92   _printf_wctomb.o
         6          0          0          0          0          0   _printf_x.o
        22          0          0          0          0        100   _rserrno.o
        10          0          0          0          0         68   _sputc.o
       158          0          0          0          0         92   _strtoul.o
        64          0          0          0          0         92   _wcrtomb.o
        16          0          0          0          0         68   aeabi_memset.o
        26          0          0          0          0         80   atoi.o
       220          4        148          0          0         96   bigflt0.o
      1910        128          0          0          0        672   btod.o
        12          0          0          0          0         72   exit.o
         8          0          0          0          0         68   ferror.o
         6          0          0          0          0        152   heapauxi.o
        44         10        272          0          0         76   lc_ctype_c.o
        44         10         28          0          0         76   lc_numeric_c.o
         2          0          0          0          0          0   libinit.o
        30          0          0          0          0          0   libinit2.o
         2          0          0          0          0          0   libshutdown.o
         2          0          0          0          0          0   libshutdown2.o
         8          4          0          0         96         68   libspace.o
        72          0          0          0          0         76   llsdiv.o
       138          0          0          0          0         80   lludiv10.o
       238          0          0          0          0        100   lludivv7m.o
        88          0          0          0          0         76   memcmp.o
        16          4          0          0          0         76   rt_ctype_table.o
         8          4          0          0          0         68   rt_errno_addr_intlibspace.o
         8          4          0          0          0         68   rt_locale_intlibspace.o
        68          0          0          0          0         68   rt_memclr.o
        78          0          0          0          0         80   rt_memclr_w.o
       100          0          0          0          0         80   rt_memcpy_w.o
         2          0          0          0          0          0   rtexit.o
        10          0          0          0          0          0   rtexit2.o
       128          0          0          0          0         68   strcmpv7m.o
        72          0          0          0          0         80   strcpy.o
        62          0          0          0          0         76   strlen.o
       150          0          0          0          0         80   strncmp.o
        86          0          0          0          0         76   strncpy.o
        36          0          0          0          0         80   strstr.o
       112          0          0          0          0         88   strtol.o
        74          0          0          0          0         80   sys_stackheap_outer.o
         2          0          0          0          0         68   use_no_semi.o
         2          0          0          0          0         68   use_no_semi_2.o
        12          4          0          0          0         68   vprintf.o
        36          4          0          0          0         76   vsprintf.o
        98          4          0          0          0         92   d2f.o
       826         16          0          0          0        348   daddsub_clz.o
        16          4          0          0          0         68   dcheck1.o
       688        140          0          0          0        208   ddiv.o
        94          4          0          0          0         92   dfix.o
        90          4          0          0          0         92   dfixu.o
        84          0          0          0          0        136   dflt_clz.o
       340         12          0          0          0        104   dmul.o
       156          4          0          0          0         92   dnaninf.o
        12          0          0          0          0         68   dretinf.o
       460         56          0          0          0        120   dsqrt_noumaal.o
        86          4          0          0          0         84   f2d.o
       430          8          0          0          0        168   faddsub_clz.o
        24          0          0          0          0         68   fcmpi.o
       388         76          0          0          0         96   fdiv.o
       104          4          0          0          0         84   feqf.o
        54          4          0          0          0         84   ffix.o
        62          4          0          0          0         84   ffixu.o
        86          0          0          0          0        136   fflt_clz.o
       104          4          0          0          0         84   fleqf.o
       258          4          0          0          0         84   fmul.o
       140          4          0          0          0         84   fnaninf.o
        10          0          0          0          0         68   fretinf.o
        98          0          0          0          0         68   frleqf.o
         4          0          0          0          0         68   printf1.o
         4          0          0          0          0         68   printf2.o
       100          0          0          0          0         68   retnan.o
        92          0          0          0          0         68   scalbn.o
        48          0          0          0          0         68   trapv.o
         0          0          0          0          0          0   usenofp.o
       624         52         80          0          0        168   asin.o
       544         70        152          0          0        124   atan.o
       384         38          0          0          0        144   atan2.o
        38          6          0          0          0        272   dunder.o
        40          0          0          0          0         68   fpclassify.o
       170          0          0          0          0         96   poly.o
         0          0          8          0          0          0   qnan.o
        76          0          0          0          0         84   sqrt.o

    ----------------------------------------------------------------------
     15112        806        796          0         96       9612   Library Totals
        36          0          5          0          0          0   (incl. Padding)

    ----------------------------------------------------------------------

      Code (inc. data)   RO Data    RW Data    ZI Data      Debug   Library Name

      8244        284        551          0         96       5704   c_w.l
      4956        356          0          0          0       2952   fz_ws.l
      1876        166        240          0          0        956   m_ws.l

    ----------------------------------------------------------------------
     15112        806        796          0         96       9612   Library Totals

    ----------------------------------------------------------------------

==============================================================================


      Code (inc. data)   RO Data    RW Data    ZI Data      Debug   

    111952       6578      11416        400    1080840     711035   Grand Totals
    111952       6578      11416         68    1080840     711035   ELF Image Totals (compressed)
    111952       6578      11416         68          0          0   ROM Totals

==============================================================================

    Total RO  Size (Code + RO Data)               123368 ( 120.48kB)
    Total RW  Size (RW Data + ZI Data)           1081240 (1055.90kB)
    Total ROM Size (Code + RO Data + RW Data)     123436 ( 120.54kB)

==============================================================================

