Component: ARM Compiler 5.05 update 1 (build 106) Tool: armlink [4d0efa]

==============================================================================

Section Cross References

    main.o(.text) refers to _printf_percent.o(.ARM.Collect$$_printf_percent$$00000000) for _printf_percent
    main.o(.text) refers to _printf_d.o(.ARM.Collect$$_printf_percent$$00000009) for _printf_d
    main.o(.text) refers to _printf_dec.o(.text) for _printf_int_dec
    main.o(.text) refers to _printf_pad.o(.text) for _printf_pre_padding
    main.o(.text) refers to _printf_f.o(.ARM.Collect$$_printf_percent$$00000003) for _printf_f
    main.o(.text) refers to printf1.o(x$fpl$printf1) for _printf_fp_dec
    main.o(.text) refers to _printf_x.o(.ARM.Collect$$_printf_percent$$0000000C) for _printf_x
    main.o(.text) refers to _printf_hex_int_ll_ptr.o(.text) for _printf_longlong_hex
    main.o(.text) refers to __2sprintf.o(.text) for __2sprintf
    main.o(.text) refers to strcpy.o(.text) for strcpy
    main.o(.text) refers to os_mutex.o(.text) for OSMutexPend
    main.o(.text) refers to vprintf.o(.text) for vprintf
    main.o(.text) refers to misc.o(.text) for NVIC_Init
    main.o(.text) refers to __2printf.o(.text) for __2printf
    main.o(.text) refers to cjson.o(.text) for cJSON_CreateObject
    main.o(.text) refers to cjson_test.o(.text) for print_preallocated
    main.o(.text) refers to rt_memclr_w.o(.text) for __aeabi_memclr4
    main.o(.text) refers to os_q.o(.text) for OSQPend
    main.o(.text) refers to strncmp.o(.text) for strncmp
    main.o(.text) refers to faddsub_clz.o(x$fpl$fadd) for __aeabi_fadd
    main.o(.text) refers to f2d.o(x$fpl$f2d) for __aeabi_f2d
    main.o(.text) refers to lora_app.o(.text) for LoRa_SendData
    main.o(.text) refers to delay.o(.text) for delay_ms
    main.o(.text) refers to inv_mpu.o(.text) for mpu_dmp_get_data
    main.o(.text) refers to mpu6050.o(.text) for MPU_Get_Temperature
    main.o(.text) refers to lcd.o(.text) for LCD_ShowChar
    main.o(.text) refers to fmul.o(x$fpl$fmul) for __aeabi_fmul
    main.o(.text) refers to main.o(.bss) for node_6
    main.o(.text) refers to lora_app.o(.bss) for My_LoRa_CFG
    main.o(.text) refers to sdio_sdcard.o(.bss) for SDCardInfo
    main.o(.text) refers to usart.o(.data) for USART_RX_STA
    main.o(.text) refers to usart.o(.bss) for USART_RX_BUF
    main.o(.text) refers to usart2.o(.data) for USART2_RX_STA
    main.o(.text) refers to main.o(.data) for float_num
    main.o(.text) refers to ffix.o(x$fpl$ffix) for __aeabi_f2iz
    main.o(.text) refers to os_flag.o(.text) for OSFlagPend
    main.o(.text) refers to stm32f10x_gpio.o(.text) for GPIO_ReadInputDataBit
    main.o(.text) refers to stm32f10x_exti.o(.text) for EXTI_ClearITPendingBit
    main.o(.text) refers to atoi.o(.text) for atoi
    main.o(.text) refers to os_time.o(.text) for OSTimeDlyHMSM
    main.o(.text) refers to lcd.o(.data) for POINT_COLOR
    main.o(.text) refers to rtc.o(.bss) for calendar
    main.o(.text) refers to rt_memcpy_v6.o(.text) for __aeabi_memcpy
    main.o(.text) refers to rt_memcpy_w.o(.text) for __aeabi_memcpy4
    main.o(.text) refers to usart3.o(.data) for USART3_RX_STA
    main.o(.text) refers to usart3.o(.bss) for USART3_RX_BUF
    main.o(.text) refers to dflt_clz.o(x$fpl$dflt) for __aeabi_i2d
    main.o(.text) refers to dmul.o(x$fpl$dmul) for __aeabi_dmul
    main.o(.text) refers to dfix.o(x$fpl$dfix) for __aeabi_d2iz
    main.o(.text) refers to daddsub_clz.o(x$fpl$dsub) for __aeabi_dsub
    main.o(.text) refers to ddiv.o(x$fpl$ddiv) for __aeabi_ddiv
    main.o(.text) refers to oled.o(.text) for OLED_ShowString
    main.o(.text) refers to main.o(.conststring) for .conststring
    main.o(.text) refers to mq135.o(.data) for MQ135_ADC_ConvertedValue
    main.o(.text) refers to strncpy.o(.text) for strncpy
    main.o(.text) refers to dht11.o(.text) for DHT11_Read_Data
    main.o(.text) refers to cpu_core.o(.text) for CPU_Init
    main.o(.text) refers to os_stat.o(.text) for OSStatTaskCPUUsageInit
    main.o(.text) refers to os_core.o(.text) for OSSchedRoundRobinCfg
    main.o(.text) refers to cpu_a.o(.text) for CPU_SR_Save
    main.o(.text) refers to os_sem.o(.text) for OSSemCreate
    main.o(.text) refers to os_task.o(.text) for OSTaskCreate
    main.o(.text) refers to main.o(.constdata) for .constdata
    main.o(.text) refers to usart2.o(.bss) for USART2_RX_BUF
    main.o(.text) refers to os_var.o(.data) for OSSchedLockNestingCtr
    main.o(.text) refers to usart.o(.text) for uart_init
    main.o(.text) refers to usart2.o(.text) for usart2_init
    main.o(.text) refers to uart4.o(.text) for uart4_init
    main.o(.text) refers to led.o(.text) for LED_Init
    main.o(.text) refers to key.o(.text) for KEY_Init
    main.o(.text) refers to beep.o(.text) for BEEP_Init
    main.o(.text) refers to w25qxx.o(.text) for W25QXX_Init
    main.o(.text) refers to malloc.o(.text) for my_mem_init
    main.o(.text) refers to sdio_sdcard.o(.text) for SD_Init
[...]
    _fdiv                                    0x080258d5   Thumb Code   384  fdiv.o(x$fpl$fdiv)
    __aeabi_cfcmpeq                          0x08025a59   Thumb Code     0  feqf.o(x$fpl$feqf)
    _fcmpeq                                  0x08025a59   Thumb Code   104  feqf.o(x$fpl$feqf)
    __aeabi_f2iz                             0x08025ac1   Thumb Code     0  ffix.o(x$fpl$ffix)
    _ffix                                    0x08025ac1   Thumb Code    54  ffix.o(x$fpl$ffix)
    __aeabi_f2uiz                            0x08025af9   Thumb Code     0  ffixu.o(x$fpl$ffixu)
    _ffixu                                   0x08025af9   Thumb Code    62  ffixu.o(x$fpl$ffixu)
    __aeabi_i2f                              0x08025b39   Thumb Code     0  fflt_clz.o(x$fpl$fflt)
    _fflt                                    0x08025b39   Thumb Code    48  fflt_clz.o(x$fpl$fflt)
    __aeabi_ui2f                             0x08025b69   Thumb Code     0  fflt_clz.o(x$fpl$ffltu)
    _ffltu                                   0x08025b69   Thumb Code    38  fflt_clz.o(x$fpl$ffltu)
    __aeabi_cfcmple                          0x08025b91   Thumb Code     0  fleqf.o(x$fpl$fleqf)
    _fcmple                                  0x08025b91   Thumb Code   104  fleqf.o(x$fpl$fleqf)
    __fpl_fcmple_InfNaN                      0x08025be3   Thumb Code     0  fleqf.o(x$fpl$fleqf)
    __aeabi_fmul                             0x08025bf9   Thumb Code     0  fmul.o(x$fpl$fmul)
    _fmul                                    0x08025bf9   Thumb Code   258  fmul.o(x$fpl$fmul)
    __fpl_fnaninf                            0x08025cfb   Thumb Code   140  fnaninf.o(x$fpl$fnaninf)
    __fpl_fretinf                            0x08025d87   Thumb Code    10  fretinf.o(x$fpl$fretinf)
    __aeabi_cfrcmple                         0x08025d91   Thumb Code     0  frleqf.o(x$fpl$frleqf)
    _frcmple                                 0x08025d91   Thumb Code    98  frleqf.o(x$fpl$frleqf)
    __aeabi_fsub                             0x08025df5   Thumb Code     0  faddsub_clz.o(x$fpl$fsub)
    _fsub                                    0x08025df5   Thumb Code   234  faddsub_clz.o(x$fpl$fsub)
    _printf_fp_dec                           0x08025edf   Thumb Code     4  printf1.o(x$fpl$printf1)
    _printf_fp_hex                           0x08025ee3   Thumb Code     4  printf2.o(x$fpl$printf2)
    __fpl_return_NaN                         0x08025ee7   Thumb Code   100  retnan.o(x$fpl$retnan)
    __ARM_scalbn                             0x08025f4b   Thumb Code    92  scalbn.o(x$fpl$scalbn)
    _scanf_real                              0x08025fa7   Thumb Code     4  scanf1.o(x$fpl$scanf1)
    _scanf_hex_real                          0x08025fab   Thumb Code     4  scanf2.o(x$fpl$scanf2)
    _scanf_infnan                            0x08025faf   Thumb Code     4  scanf2.o(x$fpl$scanf2)
    __fpl_cmpreturn                          0x08025fb3   Thumb Code    48  trapv.o(x$fpl$trapveneer)
    __I$use$fp                               0x08025fe2   Number         0  usenofp.o(x$fpl$usenofp)
    F6x8                                     0x0802600c   Data         552  oled.o(.constdata)
    F8X16                                    0x08026234   Data        1520  oled.o(.constdata)
    Hzk                                      0x08026824   Data        1216  oled.o(.constdata)
    table_week                               0x08026ce4   Data          12  rtc.o(.constdata)
    mon_table                                0x08026cf0   Data          12  rtc.o(.constdata)
    reg                                      0x08026cfc   Data          27  inv_mpu.o(.constdata)
    hw                                       0x08026d18   Data          12  inv_mpu.o(.constdata)
    test                                     0x08026d24   Data          40  inv_mpu.o(.constdata)
    asc2_1206                                0x08027942   Data        1140  lcd.o(.constdata)
    asc2_1608                                0x08027db6   Data        1520  lcd.o(.constdata)
    asc2_2412                                0x080283a6   Data        3420  lcd.o(.constdata)
    memtblsize                               0x080291b8   Data           8  malloc.o(.constdata)
    memblksize                               0x080291c0   Data           8  malloc.o(.constdata)
    memsize                                  0x080291c8   Data           8  malloc.o(.constdata)
    CPU_EndiannessTest                       0x080292d0   Data           4  cpu_core.o(.constdata)
    OSCfg_IdleTaskStkBasePtr                 0x08029368   Data           4  os_cfg_app.o(.constdata)
    OSCfg_IdleTaskStkLimit                   0x0802936c   Data           4  os_cfg_app.o(.constdata)
    OSCfg_IdleTaskStkSize                    0x08029370   Data           4  os_cfg_app.o(.constdata)
    OSCfg_IdleTaskStkSizeRAM                 0x08029374   Data           4  os_cfg_app.o(.constdata)
    OSCfg_IntQBasePtr                        0x08029378   Data           4  os_cfg_app.o(.constdata)
    OSCfg_IntQSize                           0x0802937c   Data           2  os_cfg_app.o(.constdata)
    OSCfg_IntQSizeRAM                        0x08029380   Data           4  os_cfg_app.o(.constdata)
    OSCfg_IntQTaskStkBasePtr                 0x08029384   Data           4  os_cfg_app.o(.constdata)
    OSCfg_IntQTaskStkLimit                   0x08029388   Data           4  os_cfg_app.o(.constdata)
    OSCfg_IntQTaskStkSize                    0x0802938c   Data           4  os_cfg_app.o(.constdata)
    OSCfg_IntQTaskStkSizeRAM                 0x08029390   Data           4  os_cfg_app.o(.constdata)
    OSCfg_ISRStkBasePtr                      0x08029394   Data           4  os_cfg_app.o(.constdata)
    OSCfg_ISRStkSize                         0x08029398   Data           4  os_cfg_app.o(.constdata)
    OSCfg_ISRStkSizeRAM                      0x0802939c   Data           4  os_cfg_app.o(.constdata)
    OSCfg_MsgPoolSize                        0x080293a0   Data           2  os_cfg_app.o(.constdata)
    OSCfg_MsgPoolSizeRAM                     0x080293a4   Data           4  os_cfg_app.o(.constdata)
    OSCfg_MsgPoolBasePtr                     0x080293a8   Data           4  os_cfg_app.o(.constdata)
    OSCfg_StatTaskPrio                       0x080293ac   Data           1  os_cfg_app.o(.constdata)
    OSCfg_StatTaskRate_Hz                    0x080293b0   Data           4  os_cfg_app.o(.constdata)
    OSCfg_StatTaskStkBasePtr                 0x080293b4   Data           4  os_cfg_app.o(.constdata)
    OSCfg_StatTaskStkLimit                   0x080293b8   Data           4  os_cfg_app.o(.constdata)
    OSCfg_StatTaskStkSize                    0x080293bc   Data           4  os_cfg_app.o(.constdata)
    OSCfg_StatTaskStkSizeRAM                 0x080293c0   Data           4  os_cfg_app.o(.constdata)
    OSCfg_StkSizeMin                         0x080293c4   Data           4  os_cfg_app.o(.constdata)
    OSCfg_TickRate_Hz                        0x080293c8   Data           4  os_cfg_app.o(.constdata)
    OSCfg_TickTaskPrio                       0x080293cc   Data           1  os_cfg_app.o(.constdata)
    OSCfg_TickTaskStkBasePtr                 0x080293d0   Data           4  os_cfg_app.o(.constdata)
    OSCfg_TickTaskStkLimit                   0x080293d4   Data           4  os_cfg_app.o(.constdata)
    OSCfg_TickTaskStkSize                    0x080293d8   Data           4  os_cfg_app.o(.constdata)
    OSCfg_TickTaskStkSizeRAM                 0x080293dc   Data           4  os_cfg_app.o(.constdata)
    OSCfg_TickWheelSize                      0x080293e0   Data           2  os_cfg_app.o(.constdata)
    OSCfg_TickWheelSizeRAM                   0x080293e4   Data           4  os_cfg_app.o(.constdata)
    OSCfg_TmrTaskPrio                        0x080293e8   Data           1  os_cfg_app.o(.constdata)
    OSCfg_TmrTaskRate_Hz                     0x080293ec   Data           4  os_cfg_app.o(.constdata)
    OSCfg_TmrTaskStkBasePtr                  0x080293f0   Data           4  os_cfg_app.o(.constdata)
    OSCfg_TmrTaskStkLimit                    0x080293f4   Data           4  os_cfg_app.o(.constdata)
    OSCfg_TmrTaskStkSize                     0x080293f8   Data           4  os_cfg_app.o(.constdata)
    OSCfg_TmrTaskStkSizeRAM                  0x080293fc   Data           4  os_cfg_app.o(.constdata)
    OSCfg_TmrWheelSize                       0x08029400   Data           2  os_cfg_app.o(.constdata)
    OSCfg_TmrWheelSizeRAM                    0x08029404   Data           4  os_cfg_app.o(.constdata)
    OSCfg_DataSizeRAM                        0x08029408   Data           4  os_cfg_app.o(.constdata)
    OSDbg_DbgEn                              0x0802940c   Data           2  os_dbg.o(.constdata)
    OSDbg_ArgChkEn                           0x0802940e   Data           1  os_dbg.o(.constdata)
    OSDbg_AppHooksEn                         0x0802940f   Data           1  os_dbg.o(.constdata)
    OSDbg_EndiannessTest                     0x08029410   Data           4  os_dbg.o(.constdata)
    OSDbg_CalledFromISRChkEn                 0x08029414   Data           1  os_dbg.o(.constdata)
    OSDbg_FlagEn                             0x08029415   Data           1  os_dbg.o(.constdata)
    OSDbg_FlagGrp                            0x08029418   Data          40  os_dbg.o(.constdata)
    OSDbg_FlagDelEn                          0x08029440   Data           1  os_dbg.o(.constdata)
    OSDbg_FlagModeClrEn                      0x08029441   Data           1  os_dbg.o(.constdata)
    OSDbg_FlagPendAbortEn                    0x08029442   Data           1  os_dbg.o(.constdata)
    OSDbg_FlagGrpSize                        0x08029444   Data           2  os_dbg.o(.constdata)
    OSDbg_FlagWidth                          0x08029446   Data           2  os_dbg.o(.constdata)
    OSDbg_IntQ                               0x08029448   Data           2  os_dbg.o(.constdata)
    OSDbg_ISRPostDeferredEn                  0x0802944a   Data           1  os_dbg.o(.constdata)
    OSDbg_Mem                                0x0802944c   Data          32  os_dbg.o(.constdata)
    OSDbg_MemEn                              0x0802946c   Data           1  os_dbg.o(.constdata)
    OSDbg_MemSize                            0x0802946e   Data           2  os_dbg.o(.constdata)
    OSDbg_MsgEn                              0x08029470   Data           1  os_dbg.o(.constdata)
    OSDbg_MsgSize                            0x08029472   Data           2  os_dbg.o(.constdata)
    OSDbg_MsgPoolSize                        0x08029474   Data           2  os_dbg.o(.constdata)
    OSDbg_MsgQSize                           0x08029476   Data           2  os_dbg.o(.constdata)
    OSDbg_Mutex                              0x08029478   Data          44  os_dbg.o(.constdata)
    OSDbg_MutexEn                            0x080294a4   Data           1  os_dbg.o(.constdata)
    OSDbg_MutexDelEn                         0x080294a5   Data           1  os_dbg.o(.constdata)
    OSDbg_MutexPendAbortEn                   0x080294a6   Data           1  os_dbg.o(.constdata)
    OSDbg_MutexSize                          0x080294a8   Data           2  os_dbg.o(.constdata)
    OSDbg_ObjTypeChkEn                       0x080294aa   Data           1  os_dbg.o(.constdata)
    OSDbg_PendMultiEn                        0x080294ab   Data           1  os_dbg.o(.constdata)
    OSDbg_PendDataSize                       0x080294ac   Data           2  os_dbg.o(.constdata)
    OSDbg_PendListSize                       0x080294ae   Data           2  os_dbg.o(.constdata)
    OSDbg_PendObjSize                        0x080294b0   Data           2  os_dbg.o(.constdata)
    OSDbg_PrioMax                            0x080294b2   Data           2  os_dbg.o(.constdata)
    OSDbg_PrioTblSize                        0x080294b4   Data           2  os_dbg.o(.constdata)
    OSDbg_PtrSize                            0x080294b6   Data           2  os_dbg.o(.constdata)
    OSDbg_Q                                  0x080294b8   Data          48  os_dbg.o(.constdata)
    OSDbg_QEn                                0x080294e8   Data           1  os_dbg.o(.constdata)
    OSDbg_QDelEn                             0x080294e9   Data           1  os_dbg.o(.constdata)
    OSDbg_QFlushEn                           0x080294ea   Data           1  os_dbg.o(.constdata)
    OSDbg_QPendAbortEn                       0x080294eb   Data           1  os_dbg.o(.constdata)
    OSDbg_QSize                              0x080294ec   Data           2  os_dbg.o(.constdata)
    OSDbg_SchedRoundRobinEn                  0x080294ee   Data           1  os_dbg.o(.constdata)
    OSDbg_Sem                                0x080294f0   Data          40  os_dbg.o(.constdata)
    OSDbg_SemEn                              0x08029518   Data           1  os_dbg.o(.constdata)
    OSDbg_SemDelEn                           0x08029519   Data           1  os_dbg.o(.constdata)
    OSDbg_SemPendAbortEn                     0x0802951a   Data           1  os_dbg.o(.constdata)
    OSDbg_SemSetEn                           0x0802951b   Data           1  os_dbg.o(.constdata)
    OSDbg_SemSize                            0x0802951c   Data           2  os_dbg.o(.constdata)
    OSDbg_RdyList                            0x0802951e   Data           2  os_dbg.o(.constdata)
    OSDbg_RdyListSize                        0x08029520   Data           4  os_dbg.o(.constdata)
    OSDbg_StkWidth                           0x08029524   Data           1  os_dbg.o(.constdata)
    OSDbg_StatTaskEn                         0x08029525   Data           1  os_dbg.o(.constdata)
    OSDbg_StatTaskStkChkEn                   0x08029526   Data           1  os_dbg.o(.constdata)
    OSDbg_TaskChangePrioEn                   0x08029527   Data           1  os_dbg.o(.constdata)
    OSDbg_TaskDelEn                          0x08029528   Data           1  os_dbg.o(.constdata)
    OSDbg_TaskQEn                            0x08029529   Data           1  os_dbg.o(.constdata)
    OSDbg_TaskQPendAbortEn                   0x0802952a   Data           1  os_dbg.o(.constdata)
    OSDbg_TaskProfileEn                      0x0802952b   Data           1  os_dbg.o(.constdata)
    OSDbg_TaskRegTblSize                     0x0802952c   Data           2  os_dbg.o(.constdata)
    OSDbg_TaskSemPendAbortEn                 0x0802952e   Data           1  os_dbg.o(.constdata)
    OSDbg_TaskSuspendEn                      0x0802952f   Data           1  os_dbg.o(.constdata)
    OSDbg_TCBSize                            0x08029530   Data           2  os_dbg.o(.constdata)
    OSDbg_TickSpokeSize                      0x08029532   Data           2  os_dbg.o(.constdata)
    OSDbg_TimeDlyHMSMEn                      0x08029534   Data           1  os_dbg.o(.constdata)
    OSDbg_TimeDlyResumeEn                    0x08029535   Data           1  os_dbg.o(.constdata)
    OSDbg_TLS_TblSize                        0x08029536   Data           2  os_dbg.o(.constdata)
    OSDbg_Tmr                                0x08029538   Data          52  os_dbg.o(.constdata)
    OSDbg_TmrEn                              0x0802956c   Data           1  os_dbg.o(.constdata)
    OSDbg_TmrDelEn                           0x0802956d   Data           1  os_dbg.o(.constdata)
    OSDbg_TmrSize                            0x0802956e   Data           2  os_dbg.o(.constdata)
    OSDbg_TmrSpokeSize                       0x08029570   Data           2  os_dbg.o(.constdata)
    OSDbg_VersionNbr                         0x08029572   Data           2  os_dbg.o(.constdata)
    OSDbg_DataSize                           0x08029574   Data           4  os_dbg.o(.constdata)
    FILE_TYPE_TBL                            0x08029578   Data         312  exfuns.o(.constdata)
    __mathlib_zero                           0x08029bd8   Data           8  qnan.o(.constdata)
    Region$$Table$$Base                      0x08029e60   Number         0  anon$$obj.o(Region$$Table)
    Region$$Table$$Limit                     0x08029e80   Number         0  anon$$obj.o(Region$$Table)
    __aeabi_HUGE_VAL                         0x08029e80   Data           0  fpconst.o(c$$dinf)
    __aeabi_HUGE_VALL                        0x08029e80   Data           0  fpconst.o(c$$dinf)
    __aeabi_INFINITY                         0x08029e80   Data           0  fpconst.o(c$$dinf)
    __dInf                                   0x08029e80   Data           0  fpconst.o(c$$dinf)
    __huge_val                               0x08029e80   Data           0  fpconst.o(c$$dinf)
    __ctype                                  0x08029e95   Data           0  lc_ctype_c.o(locale$$data)
    g_oled_display_flag                      0x20000000   Data           4  main.o(.data)
    g_oled_display_time_count                0x20000004   Data           4  main.o(.data)
    SystemCoreClock                          0x20000010   Data           4  system_stm32f10x.o(.data)
    AHBPrescTable                            0x20000014   Data          16  system_stm32f10x.o(.data)
    USART2_RX_STA                            0x20000024   Data           2  usart2.o(.data)
    USART3_RX_STA                            0x20000028   Data           2  usart3.o(.data)
    UART4_RX_STA                             0x20000030   Data           2  uart4.o(.data)
    MQ135_ADC_ConvertedValue                 0x2000003c   Data           4  mq135.o(.data)
    POINT_COLOR                              0x20000076   Data           2  lcd.o(.data)
    BACK_COLOR                               0x20000078   Data           2  lcd.o(.data)
    TransferError                            0x20000086   Data           1  sdio_sdcard.o(.data)
    TransferEnd                              0x20000087   Data           1  sdio_sdcard.o(.data)
    tempbuff                                 0x20000088   Data           4  sdio_sdcard.o(.data)
    W25QXX_TYPE                              0x2000008c   Data           2  w25qxx.o(.data)
    EXTI_InitStructure                       0x20000090   Data           8  lora_app.o(.data)
    NVIC_InitStructure                       0x20000098   Data           4  lora_app.o(.data)
    Lora_mode                                0x2000009c   Data           1  lora_app.o(.data)
    set_Already                              0x2000009d   Data           1  lora_app.o(.data)
    Dire_Date                                0x2000009f   Data           5  lora_app.o(.data)
    obj_addr                                 0x200000a4   Data           4  lora_app.o(.data)
    obj_chn                                  0x200000a8   Data           1  lora_app.o(.data)
    __stdout                                 0x200000b0   Data           4  usart.o(.data)
    USART_RX_STA                             0x200000b4   Data           2  usart.o(.data)
    mallco_dev                               0x200000e0   Data          28  malloc.o(.data)
    CPU_TS_TmrFreq_Hz                        0x200000fc   Data           4  cpu_core.o(.data)
    Mem_PoolTbl                              0x20000100   Data           4  lib_mem.o(.data)
    OSPrioTbl                                0x20000104   Data           8  os_prio.o(.data)
    OS_AppTaskCreateHookPtr                  0x2000010c   Data           4  os_var.o(.data)
    OS_AppTaskDelHookPtr                     0x20000110   Data           4  os_var.o(.data)
    OS_AppTaskReturnHookPtr                  0x20000114   Data           4  os_var.o(.data)
    OS_AppIdleTaskHookPtr                    0x20000118   Data           4  os_var.o(.data)
    OS_AppStatTaskHookPtr                    0x2000011c   Data           4  os_var.o(.data)
    OS_AppTaskSwHookPtr                      0x20000120   Data           4  os_var.o(.data)
    OS_AppTimeTickHookPtr                    0x20000124   Data           4  os_var.o(.data)
    OSIdleTaskCtr                            0x20000128   Data           4  os_var.o(.data)
    OSIntNestingCtr                          0x2000012c   Data           1  os_var.o(.data)
    OSRunning                                0x2000012d   Data           1  os_var.o(.data)
    OSIntQInPtr                              0x20000130   Data           4  os_var.o(.data)
    OSIntQOutPtr                             0x20000134   Data           4  os_var.o(.data)
    OSIntQNbrEntries                         0x20000138   Data           2  os_var.o(.data)
    OSIntQNbrEntriesMax                      0x2000013a   Data           2  os_var.o(.data)
    OSIntQOvfCtr                             0x2000013c   Data           2  os_var.o(.data)
    OSIntQTaskTimeMax                        0x20000140   Data           4  os_var.o(.data)
    OSFlagDbgListPtr                         0x20000144   Data           4  os_var.o(.data)
    OSFlagQty                                0x20000148   Data           2  os_var.o(.data)
    OSMemDbgListPtr                          0x2000014c   Data           4  os_var.o(.data)
    OSMemQty                                 0x20000150   Data           2  os_var.o(.data)
    OSMutexDbgListPtr                        0x20000154   Data           4  os_var.o(.data)
    OSMutexQty                               0x20000158   Data           2  os_var.o(.data)
    OSPrioCur                                0x2000015a   Data           1  os_var.o(.data)
    OSPrioHighRdy                            0x2000015b   Data           1  os_var.o(.data)
    OSPrioSaved                              0x2000015c   Data           1  os_var.o(.data)
    OSQDbgListPtr                            0x20000160   Data           4  os_var.o(.data)
    OSQQty                                   0x20000164   Data           2  os_var.o(.data)
    OSSchedLockTimeBegin                     0x20000168   Data           4  os_var.o(.data)
    OSSchedLockTimeMax                       0x2000016c   Data           4  os_var.o(.data)
    OSSchedLockTimeMaxCur                    0x20000170   Data           4  os_var.o(.data)
    OSSchedLockNestingCtr                    0x20000174   Data           1  os_var.o(.data)
    OSSchedRoundRobinDfltTimeQuanta          0x20000178   Data           4  os_var.o(.data)
    OSSchedRoundRobinEn                      0x2000017c   Data           1  os_var.o(.data)
    OSSemDbgListPtr                          0x20000180   Data           4  os_var.o(.data)
    OSSemQty                                 0x20000184   Data           2  os_var.o(.data)
    OSStatResetFlag                          0x20000186   Data           1  os_var.o(.data)
    OSStatTaskCPUUsage                       0x20000188   Data           2  os_var.o(.data)
    OSStatTaskCPUUsageMax                    0x2000018a   Data           2  os_var.o(.data)
    OSStatTaskCtr                            0x2000018c   Data           4  os_var.o(.data)
    OSStatTaskCtrMax                         0x20000190   Data           4  os_var.o(.data)
    OSStatTaskCtrRun                         0x20000194   Data           4  os_var.o(.data)
    OSStatTaskRdy                            0x20000198   Data           1  os_var.o(.data)
    OSStatTaskTimeMax                        0x2000019c   Data           4  os_var.o(.data)
    OSTaskCtxSwCtr                           0x200001a0   Data           4  os_var.o(.data)
    OSTaskDbgListPtr                         0x200001a4   Data           4  os_var.o(.data)
    OSTaskQty                                0x200001a8   Data           2  os_var.o(.data)
    OSTaskRegNextAvailID                     0x200001aa   Data           1  os_var.o(.data)
    OSTickCtr                                0x200001ac   Data           4  os_var.o(.data)
    OSTickTaskTimeMax                        0x200001b0   Data           4  os_var.o(.data)
    OSTmrDbgListPtr                          0x200001b4   Data           4  os_var.o(.data)
    OSTmrQty                                 0x200001b8   Data           2  os_var.o(.data)
    OSTmrTaskTimeMax                         0x200001bc   Data           4  os_var.o(.data)
    OSTmrTickCtr                             0x200001c0   Data           4  os_var.o(.data)
    OSTmrUpdateCnt                           0x200001c4   Data           4  os_var.o(.data)
    OSTmrUpdateCtr                           0x200001c8   Data           4  os_var.o(.data)
    OSTCBCurPtr                              0x200001cc   Data           4  os_var.o(.data)
    OSTCBHighRdyPtr                          0x200001d0   Data           4  os_var.o(.data)
    OS_CPU_ExceptStkBase                     0x200001d4   Data           4  os_cpu_c.o(.data)
    fs                                       0x200001d8   Data           8  exfuns.o(.data)
    file                                     0x200001e0   Data           4  exfuns.o(.data)
    ftemp                                    0x200001e4   Data           4  exfuns.o(.data)
    br                                       0x200001e8   Data           4  exfuns.o(.data)
    bw                                       0x200001ec   Data           4  exfuns.o(.data)
    fatbuf                                   0x200001f0   Data           4  exfuns.o(.data)
    FLASH_SECTOR_COUNT                       0x200001f4   Data           2  diskio.o(.data)
    StartTaskTCB                             0x20000208   Data         196  main.o(.bss)
    START_TASK_STK                           0x200002cc   Data        2048  main.o(.bss)
    DHT11_Task_TCB                           0x20000acc   Data         196  main.o(.bss)
    DHT11_TASK_STK                           0x20000b90   Data         512  main.o(.bss)
    TDLAS_Task_TCB                           0x20000d90   Data         196  main.o(.bss)
    TDLAS_TASK_STK                           0x20000e54   Data        2048  main.o(.bss)
    MQ135_Task_TCB                           0x20001654   Data         196  main.o(.bss)
    MQ135_TASK_STK                           0x20001718   Data         512  main.o(.bss)
    MQ4_Task_TCB                             0x20001918   Data         196  main.o(.bss)
    MQ4_TASK_STK                             0x200019dc   Data         512  main.o(.bss)
    IWG_Task_TCB                             0x20001bdc   Data         196  main.o(.bss)
    IWG_TASK_STK                             0x20001ca0   Data         512  main.o(.bss)
    SAVE_Task_TCB                            0x20001ea0   Data         196  main.o(.bss)
    SAVE_TASK_STK                            0x20001f64   Data        2048  main.o(.bss)
    LORA_Task_TCB                            0x20002764   Data         196  main.o(.bss)
    LORA_TASK_STK                            0x20002828   Data        2048  main.o(.bss)
    RTC_Task_TCB                             0x20003028   Data         196  main.o(.bss)
    RTC_TASK_STK                             0x200030ec   Data         512  main.o(.bss)
    Led0TaskTCB                              0x200032ec   Data         196  main.o(.bss)
    LED0_TASK_STK                            0x200033b0   Data         512  main.o(.bss)
    Led1TaskTCB                              0x200035b0   Data         196  main.o(.bss)
    LED1_TASK_STK                            0x20003674   Data         512  main.o(.bss)
    BEEP_Task_TCB                            0x20003874   Data         196  main.o(.bss)
    BEEP_TASK_STK                            0x20003938   Data         512  main.o(.bss)
    KEY_Task_TCB                             0x20003b38   Data         196  main.o(.bss)
    KEY_TASK_STK                             0x20003bfc   Data         512  main.o(.bss)
    Mpu6050TaskTCB                           0x20003dfc   Data         196  main.o(.bss)
    MPU6050_TASK_STK                         0x20003ec0   Data         512  main.o(.bss)
    TASK_STA_Task_TCB                        0x200040c0   Data         196  main.o(.bss)
    TASK_STA_TASK_STK                        0x20004184   Data         512  main.o(.bss)
    FloatTaskTCB                             0x20004384   Data         196  main.o(.bss)
    FLOAT_TASK_STK                           0x20004448   Data         512  main.o(.bss)
    UPLOADTaskTCB                            0x20004648   Data         196  main.o(.bss)
    UPLOAD_TASK_STK                          0x20004710   Data         512  main.o(.bss)
    g_flag_grp                               0x20004910   Data          40  main.o(.bss)
    g_sem_led                                0x20004938   Data          40  main.o(.bss)
    g_sem_beep                               0x20004960   Data          40  main.o(.bss)
    g_mutex_printf                           0x20004988   Data          44  main.o(.bss)
    g_mutex_oled                             0x200049b4   Data          44  main.o(.bss)
    g_mutex_lcd                              0x200049e0   Data          44  main.o(.bss)
    g_mutex_NODE                             0x20004a0c   Data          44  main.o(.bss)
    g_queue_usart1                           0x20004a38   Data          48  main.o(.bss)
    g_queue_usart2                           0x20004a68   Data          48  main.o(.bss)
    g_queue_usart3                           0x20004a98   Data          48  main.o(.bss)
    g_queue_usart4                           0x20004ac8   Data          48  main.o(.bss)
    g_queue_usart5                           0x20004af8   Data          48  main.o(.bss)
    g_queue_dht11_to_lora                    0x20004b28   Data          48  main.o(.bss)
    g_queue_dht11_to_txt                     0x20004b58   Data          48  main.o(.bss)
    g_queue_TDLAS_to_lora                    0x20004b88   Data          48  main.o(.bss)
    g_queue_TDLAS_to_txt                     0x20004bb8   Data          48  main.o(.bss)
    g_queue_MQ135_to_lora                    0x20004be8   Data          48  main.o(.bss)
    g_queue_MQ135_to_txt                     0x20004c18   Data          48  main.o(.bss)
    g_queue_MQ4_to_lora                      0x20004c48   Data          48  main.o(.bss)
    g_queue_MQ4_to_txt                       0x20004c78   Data          48  main.o(.bss)
    node_temp                                0x20004ca8   Data          72  main.o(.bss)
    node_1                                   0x20004cf0   Data          72  main.o(.bss)
    node_2                                   0x20004d38   Data          72  main.o(.bss)
    node_3                                   0x20004d80   Data          72  main.o(.bss)
    node_4                                   0x20004dc8   Data          72  main.o(.bss)
    node_5                                   0x20004e10   Data          72  main.o(.bss)
    node_6                                   0x20004e58   Data          72  main.o(.bss)
    USART2_RX_BUF                            0x20004ea0   Data         600  usart2.o(.bss)
    USART2_TX_BUF                            0x200050f8   Data         600  usart2.o(.bss)
    USART3_RX_BUF                            0x20005350   Data        1024  usart3.o(.bss)
    USART3_TX_BUF                            0x20005750   Data         600  usart3.o(.bss)
    USART_InitStructure                      0x200059a8   Data          16  usart3.o(.bss)
    UART4_RX_BUF                             0x200059b8   Data         600  uart4.o(.bss)
    UART4_TX_BUF                             0x20005c10   Data         600  uart4.o(.bss)
    calendar                                 0x20005e68   Data          10  rtc.o(.bss)
    lcddev                                   0x20005e84   Data          14  lcd.o(.bss)
    SDCardInfo                               0x20005f00   Data          88  sdio_sdcard.o(.bss)
    SDIO_DATA_BUFFER                         0x20005f58   Data         512  sdio_sdcard.o(.bss)
    W25QXX_BUFFER                            0x20006158   Data        4096  w25qxx.o(.bss)
    My_LoRa_CFG                              0x20007158   Data          10  lora_app.o(.bss)
    date                                     0x20007162   Data          30  lora_app.o(.bss)
    Tran_Data                                0x20007180   Data          30  lora_app.o(.bss)
    wlcd_buff                                0x2000719e   Data          10  lora_app.o(.bss)
    rlcd_buff                                0x200071a8   Data          10  lora_app.o(.bss)
    USART_RX_BUF                             0x200071b2   Data         200  usart.o(.bss)
    mem1base                                 0x200072a0   Data        4096  malloc.o(.bss)
    mem1mapbase                              0x200082a0   Data         256  malloc.o(.bss)
    CPU_Name                                 0x200083a0   Data          16  cpu_core.o(.bss)
    Mem_PoolHeap                             0x200083b0   Data          72  lib_mem.o(.bss)
    Mem_Heap                                 0x200083f8   Data        1024  lib_mem.o(.bss)
    OSCfg_IdleTaskStk                        0x200087f8   Data         512  os_cfg_app.o(.bss)
    OSCfg_IntQ                               0x200089f8   Data         320  os_cfg_app.o(.bss)
    OSCfg_IntQTaskStk                        0x20008b38   Data         512  os_cfg_app.o(.bss)
    OSCfg_ISRStk                             0x20008d38   Data         512  os_cfg_app.o(.bss)
    OSCfg_MsgPool                            0x20008f38   Data        1600  os_cfg_app.o(.bss)
    OSCfg_StatTaskStk                        0x20009578   Data         512  os_cfg_app.o(.bss)
    OSCfg_TickTaskStk                        0x20009778   Data         512  os_cfg_app.o(.bss)
    OSCfg_TickWheel                          0x20009978   Data         136  os_cfg_app.o(.bss)
    OSCfg_TmrTaskStk                         0x20009a00   Data         512  os_cfg_app.o(.bss)
    OSCfg_TmrWheel                           0x20009c00   Data         136  os_cfg_app.o(.bss)
    OSIdleTaskTCB                            0x20009c88   Data         196  os_var.o(.bss)
    OSIntQTaskTCB                            0x20009d4c   Data         196  os_var.o(.bss)
    OSMsgPool                                0x20009e10   Data          12  os_var.o(.bss)
    OSRdyList                                0x20009e1c   Data         768  os_var.o(.bss)
    OSStatTaskTCB                            0x2000a11c   Data         196  os_var.o(.bss)
    OSTickTaskTCB                            0x2000a1e0   Data         196  os_var.o(.bss)
    OSTmrTaskTCB                             0x2000a2a4   Data         196  os_var.o(.bss)
    ftinfo                                   0x2000a368   Data          33  fontupd.o(.bss)
    __libspace_start                         0x2000a38c   Data          96  libspace.o(.bss)
    __temporary_stack_top$libspace           0x2000a3ec   Data           0  libspace.o(.bss)
    mem2base                                 0x68000000   Data       983040  malloc.o(.ARM.__AT_0x68000000)
    mem2mapbase                              0x680f0000   Data       61440  malloc.o(.ARM.__AT_0x680F0000)



==============================================================================

Memory Map of the image

  Image Entry point : 0x08000131

  Load Region LR_IROM1 (Base: 0x08000000, Size: 0x0002a1b8, Max: 0x00080000, ABSOLUTE, COMPRESSED[0x0002a01c])

    Execution Region ER_IROM1 (Base: 0x08000000, Size: 0x00029fb4, Max: 0x00080000, ABSOLUTE)

    Base Addr    Size         Type   Attr      Idx    E Section Name        Object

    0x08000000   0x00000130   Data   RO          774    RESET               startup_stm32f10x_hd.o
    0x08000130   0x00000008   Code   RO         1858  * !!!main             c_w.l(__main.o)
    0x08000138   0x00000034   Code   RO         2388    !!!scatter          c_w.l(__scatter.o)
    0x0800016c   0x0000005a   Code   RO         2386    !!dczerorl2         c_w.l(__dczerorl2.o)
    0x080001c6   0x00000002   PAD
    0x080001c8   0x0000001c   Code   RO         2390    !!handler_zi        c_w.l(__scatter_zi.o)
    0x080001e4   0x00000000   Code   RO         1825    .ARM.Collect$$_printf_percent$$00000000  c_w.l(_printf_percent.o)
    0x080001e4   0x00000006   Code   RO         2022    .ARM.Collect$$_printf_percent$$00000001  c_w.l(_printf_n.o)
    0x080001ea   0x00000006   Code   RO         2023    .ARM.Collect$$_printf_percent$$00000002  c_w.l(_printf_p.o)
    0x080001f0   0x00000006   Code   RO         1823    .ARM.Collect$$_printf_percent$$00000003  c_w.l(_printf_f.o)
    0x080001f6   0x00000006   Code   RO         2026    .ARM.Collect$$_printf_percent$$00000004  c_w.l(_printf_e.o)
    0x080001fc   0x00000006   Code   RO         1824    .ARM.Collect$$_printf_percent$$00000005  c_w.l(_printf_g.o)
    0x08000202   0x00000006   Code   RO         2027    .ARM.Collect$$_printf_percent$$00000006  c_w.l(_printf_a.o)
    0x08000208   0x0000000a   Code   RO         2032    .ARM.Collect$$_printf_percent$$00000007  c_w.l(_printf_ll.o)
    0x08000212   0x00000006   Code   RO         1821    .ARM.Collect$$_printf_percent$$00000008  c_w.l(_printf_i.o)
    0x08000218   0x00000006   Code   RO         1822    .ARM.Collect$$_printf_percent$$00000009  c_w.l(_printf_d.o)
    0x0800021e   0x00000006   Code   RO         2025    .ARM.Collect$$_printf_percent$$0000000A  c_w.l(_printf_u.o)
    0x08000224   0x00000006   Code   RO         2024    .ARM.Collect$$_printf_percent$$0000000B  c_w.l(_printf_o.o)
    0x0800022a   0x00000006   Code   RO         1820    .ARM.Collect$$_printf_percent$$0000000C  c_w.l(_printf_x.o)
    0x08000230   0x00000006   Code   RO         2029    .ARM.Collect$$_printf_percent$$0000000D  c_w.l(_printf_lli.o)
    0x08000236   0x00000006   Code   RO         2030    .ARM.Collect$$_printf_percent$$0000000E  c_w.l(_printf_lld.o)
    0x0800023c   0x00000006   Code   RO         2031    .ARM.Collect$$_printf_percent$$0000000F  c_w.l(_printf_llu.o)
    0x08000242   0x00000006   Code   RO         2036    .ARM.Collect$$_printf_percent$$00000010  c_w.l(_printf_llo.o)
    0x08000248   0x00000006   Code   RO         2037    .ARM.Collect$$_printf_percent$$00000011  c_w.l(_printf_llx.o)
    0x0800024e   0x0000000a   Code   RO         2033    .ARM.Collect$$_printf_percent$$00000012  c_w.l(_printf_l.o)
    0x08000258   0x00000006   Code   RO         1818    .ARM.Collect$$_printf_percent$$00000013  c_w.l(_printf_c.o)
    0x0800025e   0x00000006   Code   RO         1819    .ARM.Collect$$_printf_percent$$00000014  c_w.l(_printf_s.o)
    0x08000264   0x00000006   Code   RO         2034    .ARM.Collect$$_printf_percent$$00000015  c_w.l(_printf_lc.o)
    0x0800026a   0x00000006   Code   RO         2035    .ARM.Collect$$_printf_percent$$00000016  c_w.l(_printf_ls.o)
    0x08000270   0x00000004   Code   RO         2028    .ARM.Collect$$_printf_percent$$00000017  c_w.l(_printf_percent_end.o)
    0x08000274   0x00000002   Code   RO         2306    .ARM.Collect$$libinit$$00000000  c_w.l(libinit.o)
    0x08000276   0x00000000   Code   RO         2051    .ARM.Collect$$libinit$$00000002  c_w.l(libinit2.o)
    0x08000276   0x00000000   Code   RO         2053    .ARM.Collect$$libinit$$00000004  c_w.l(libinit2.o)
    0x08000276   0x00000008   Code   RO         2054    .ARM.Collect$$libinit$$00000005  c_w.l(libinit2.o)
    0x0800027e   0x00000000   Code   RO         2056    .ARM.Collect$$libinit$$0000000A  c_w.l(libinit2.o)
    0x0800027e   0x00000000   Code   RO         2058    .ARM.Collect$$libinit$$0000000C  c_w.l(libinit2.o)
    0x0800027e   0x00000000   Code   RO         2060    .ARM.Collect$$libinit$$0000000E  c_w.l(libinit2.o)
    0x0800027e   0x00000006   Code   RO         2061    .ARM.Collect$$libinit$$0000000F  c_w.l(libinit2.o)
    0x08000284   0x00000000   Code   RO         2063    .ARM.Collect$$libinit$$00000011  c_w.l(libinit2.o)
    0x08000284   0x0000000c   Code   RO         2064    .ARM.Collect$$libinit$$00000012  c_w.l(libinit2.o)
    0x08000290   0x00000000   Code   RO         2065    .ARM.Collect$$libinit$$00000013  c_w.l(libinit2.o)
    0x08000290   0x00000000   Code   RO         2067    .ARM.Collect$$libinit$$00000015  c_w.l(libinit2.o)
    0x08000290   0x0000000a   Code   RO         2068    .ARM.Collect$$libinit$$00000016  c_w.l(libinit2.o)
    0x0800029a   0x00000000   Code   RO         2069    .ARM.Collect$$libinit$$00000017  c_w.l(libinit2.o)
    0x0800029a   0x00000000   Code   RO         2071    .ARM.Collect$$libinit$$00000019  c_w.l(libinit2.o)
    0x0800029a   0x00000000   Code   RO         2073    .ARM.Collect$$libinit$$0000001B  c_w.l(libinit2.o)
    0x0800029a   0x00000000   Code   RO         2075    .ARM.Collect$$libinit$$0000001D  c_w.l(libinit2.o)
    0x0800029a   0x00000000   Code   RO         2077    .ARM.Collect$$libinit$$0000001F  c_w.l(libinit2.o)
    0x0800029a   0x00000000   Code   RO         2079    .ARM.Collect$$libinit$$00000021  c_w.l(libinit2.o)
    0x0800029a   0x00000000   Code   RO         2081    .ARM.Collect$$libinit$$00000023  c_w.l(libinit2.o)
    0x0800029a   0x00000000   Code   RO         2083    .ARM.Collect$$libinit$$00000025  c_w.l(libinit2.o)
    0x0800029a   0x00000000   Code   RO         2087    .ARM.Collect$$libinit$$0000002C  c_w.l(libinit2.o)
    0x0800029a   0x00000000   Code   RO         2089    .ARM.Collect$$libinit$$0000002E  c_w.l(libinit2.o)
    0x0800029a   0x00000000   Code   RO         2091    .ARM.Collect$$libinit$$00000030  c_w.l(libinit2.o)
    0x0800029a   0x00000000   Code   RO         2093    .ARM.Collect$$libinit$$00000032  c_w.l(libinit2.o)
    0x0800029a   0x00000002   Code   RO         2094    .ARM.Collect$$libinit$$00000033  c_w.l(libinit2.o)
    0x0800029c   0x00000002   Code   RO         2383    .ARM.Collect$$libshutdown$$00000000  c_w.l(libshutdown.o)
    0x0800029e   0x00000000   Code   RO         2331    .ARM.Collect$$libshutdown$$00000003  c_w.l(libshutdown2.o)
    0x0800029e   0x00000000   Code   RO         2334    .ARM.Collect$$libshutdown$$00000006  c_w.l(libshutdown2.o)
    0x0800029e   0x00000000   Code   RO         2337    .ARM.Collect$$libshutdown$$00000009  c_w.l(libshutdown2.o)
    0x0800029e   0x00000000   Code   RO         2339    .ARM.Collect$$libshutdown$$0000000B  c_w.l(libshutdown2.o)
    0x0800029e   0x00000000   Code   RO         2342    .ARM.Collect$$libshutdown$$0000000E  c_w.l(libshutdown2.o)
    0x0800029e   0x00000002   Code   RO         2343    .ARM.Collect$$libshutdown$$0000000F  c_w.l(libshutdown2.o)
    0x080002a0   0x00000000   Code   RO         1956    .ARM.Collect$$rtentry$$00000000  c_w.l(__rtentry.o)
    0x080002a0   0x00000000   Code   RO         2159    .ARM.Collect$$rtentry$$00000002  c_w.l(__rtentry2.o)
    0x080002a0   0x00000006   Code   RO         2171    .ARM.Collect$$rtentry$$00000004  c_w.l(__rtentry4.o)
    0x080002a6   0x00000000   Code   RO         2161    .ARM.Collect$$rtentry$$00000009  c_w.l(__rtentry2.o)
    0x080002a6   0x00000004   Code   RO         2162    .ARM.Collect$$rtentry$$0000000A  c_w.l(__rtentry2.o)
    0x080002aa   0x00000000   Code   RO         2164    .ARM.Collect$$rtentry$$0000000C  c_w.l(__rtentry2.o)
    0x080002aa   0x00000008   Code   RO         2165    .ARM.Collect$$rtentry$$0000000D  c_w.l(__rtentry2.o)
    0x080002b2   0x00000002   Code   RO         2315    .ARM.Collect$$rtexit$$00000000  c_w.l(rtexit.o)
    0x080002b4   0x00000000   Code   RO         2359    .ARM.Collect$$rtexit$$00000002  c_w.l(rtexit2.o)
    0x080002b4   0x00000004   Code   RO         2360    .ARM.Collect$$rtexit$$00000003  c_w.l(rtexit2.o)
    0x080002b8   0x00000006   Code   RO         2361    .ARM.Collect$$rtexit$$00000004  c_w.l(rtexit2.o)
    0x080002be   0x00000002   PAD
    0x080002c0   0x00000000   Code   RO         2182    .emb_text           c_w.l(maybetermalloc1.o)
    0x080002c0   0x00002390   Code   RO            1    .text               main.o
    0x08002650   0x00000016   Code   RO          263    .text               stm32f10x_it.o
    0x08002666   0x00000002   PAD
    0x08002668   0x000001e0   Code   RO          301    .text               system_stm32f10x.o
    0x08002848   0x0000004c   Code   RO          319    .text               led.o
    0x08002894   0x00000220   Code   RO          335    .text               usart2.o
    0x08002ab4   0x00000388   Code   RO          358    .text               usart3.o
    0x08002e3c   0x0000018c   Code   RO          380    .text               uart4.o
    0x08002fc8   0x000000b0   Code   RO          399    .text               timer.o
    0x08003078   0x000002fc   Code   RO          412    .text               dht11.o
    0x08003374   0x00000770   Code   RO          424    .text               oled.o
    0x08003ae4   0x00000038   Code   RO          462    .text               beep.o
    0x08003b1c   0x000002a0   Code   RO          474    .text               key.o
    0x08003dbc   0x000004d4   Code   RO          494    .text               rtc.o
    0x08004290   0x000003ac   Code   RO          529    .text               mpu6050.o
    0x0800463c   0x0000024c   Code   RO          545    .text               mpuiic.o
    0x08004888   0x0000228c   Code   RO          557    .text               inv_mpu.o
    0x08006b14   0x00000d70   Code   RO          581    .text               inv_mpu_dmp_motion_driver.o
    0x08007884   0x00004a5c   Code   RO          602    .text               lcd.o
    0x0800c2e0   0x00001c30   Code   RO          629    .text               sdio_sdcard.o
    0x0800df10   0x00000368   Code   RO          655    .text               w25qxx.o
    0x0800e278   0x00000108   Code   RO          677    .text               spi.o
    0x0800e380   0x00000754   Code   RO          689    .text               lora_app.o
    0x0800ead4   0x0000014c   Code   RO          708    .text               delay.o
    0x0800ec20   0x0000000c   Code   RO          723    .text               sys.o
    0x0800ec2c   0x000001d4   Code   RO          739    .text               usart.o
    0x0800ee00   0x00000040   Code   RO          775    .text               startup_stm32f10x_hd.o
    0x0800ee40   0x000000dc   Code   RO          779    .text               misc.o
    0x0800ef1c   0x0000035c   Code   RO          791    .text               stm32f10x_gpio.o
    0x0800f278   0x00000408   Code   RO          803    .text               stm32f10x_usart.o
    0x0800f680   0x000003a4   Code   RO          815    .text               stm32f10x_rcc.o
    0x0800fa24   0x000000c4   Code   RO          841    .text               stm32f10x_bkp.o
    0x0800fae8   0x00000254   Code   RO          928    .text               stm32f10x_dma.o
    0x0800fd3c   0x0000011c   Code   RO          940    .text               stm32f10x_exti.o
    0x0800fe58   0x0000060c   Code   RO          967    .text               stm32f10x_fsmc.o
    0x08010464   0x000000cc   Code   RO         1009    .text               stm32f10x_pwr.o
    0x08010530   0x00000148   Code   RO         1021    .text               stm32f10x_rtc.o
    0x08010678   0x000001d4   Code   RO         1033    .text               stm32f10x_sdio.o
    0x0801084c   0x0000030c   Code   RO         1045    .text               stm32f10x_spi.o
    0x08010b58   0x00000e1a   Code   RO         1057    .text               stm32f10x_tim.o
    0x08011972   0x00000002   PAD
    0x08011974   0x0000226c   Code   RO         1084    .text               cjson.o
    0x08013be0   0x000005c8   Code   RO         1118    .text               cjson_test.o
    0x080141a8   0x00000230   Code   RO         1135    .text               malloc.o
    0x080143d8   0x00000084   Code   RO         1157    .text               bsp.o
    0x0801445c   0x000002a8   Code   RO         1172    .text               cpu_core.o
    0x08014704   0x00000034   Code   RO         1210    .text               cpu_a.o
    0x08014738   0x00000256   Code   RO         1213    .text               lib_ascii.o
    0x0801498e   0x00000002   PAD
    0x08014990   0x000009c6   Code   RO         1246    .text               lib_mem.o
    0x08015356   0x00000002   PAD
    0x08015358   0x0000092c   Code   RO         1265    .text               lib_str.o
    0x08015c84   0x00000220   Code   RO         1282    .text               lib_mem_a.o
    0x08015ea4   0x000000fc   Code   RO         1285    .text               os_cfg_app.o
    0x08015fa0   0x00000e04   Code   RO         1308    .text               os_core.o
    0x08016da4   0x000001b0   Code   RO         1320    .text               os_dbg.o
    0x08016f54   0x00000e28   Code   RO         1335    .text               os_flag.o
    0x08017d7c   0x00000444   Code   RO         1347    .text               os_int.o
    0x080181c0   0x00000238   Code   RO         1359    .text               os_mem.o
    0x080183f8   0x0000022c   Code   RO         1371    .text               os_msg.o
    0x08018624   0x00000ad4   Code   RO         1383    .text               os_mutex.o
    0x080190f8   0x0000007c   Code   RO         1401    .text               os_prio.o
    0x08019174   0x000008d8   Code   RO         1420    .text               os_q.o
    0x08019a4c   0x00000830   Code   RO         1432    .text               os_sem.o
    0x0801a27c   0x00000638   Code   RO         1444    .text               os_stat.o
    0x0801a8b4   0x00001bb4   Code   RO         1456    .text               os_task.o
    0x0801c468   0x000004fc   Code   RO         1468    .text               os_tick.o
    0x0801c964   0x00000564   Code   RO         1480    .text               os_time.o
    0x0801cec8   0x00000818   Code   RO         1492    .text               os_tmr.o
    0x0801d6e0   0x0000026c   Code   RO         1521    .text               os_cpu_c.o
    0x0801d94c   0x000001a8   Code   RO         1593    .text               exfuns.o
    0x0801daf4   0x000000cc   Code   RO         1633    .text               mycc936.o
    0x0801dbc0   0x00000200   Code   RO         1646    .text               diskio.o
    0x0801ddc0   0x000032e4   Code   RO         1664    .text               ff.o
    0x080210a4   0x00000002   Code   RO         1681    .text               c_w.l(use_no_semi_2.o)
    0x080210a6   0x0000005e   Code   RO         1689    .text               c_w.l(h1_alloc.o)
    0x08021104   0x0000004e   Code   RO         1691    .text               c_w.l(h1_free.o)
    0x08021152   0x000000b8   Code   RO         1693    .text               c_w.l(h1_realloc.o)
    0x0802120a   0x000000ee   Code   RO         1751    .text               c_w.l(lludivv7m.o)
    0x080212f8   0x00000048   Code   RO         1753    .text               c_w.l(llsdiv.o)
    0x08021340   0x0000001a   Code   RO         1755    .text               c_w.l(tolower.o)
    0x0802135a   0x00000002   PAD
    0x0802135c   0x0000000c   Code   RO         1757    .text               c_w.l(vprintf.o)
    0x08021368   0x00000024   Code   RO         1759    .text               c_w.l(vsprintf.o)
    0x0802138c   0x00000018   Code   RO         1761    .text               c_w.l(__2printf.o)
    0x080213a4   0x0000002c   Code   RO         1763    .text               c_w.l(__2sprintf.o)
    0x080213d0   0x0000004e   Code   RO         1771    .text               c_w.l(_printf_pad.o)
    0x0802141e   0x00000052   Code   RO         1773    .text               c_w.l(_printf_str.o)
    0x08021470   0x00000078   Code   RO         1775    .text               c_w.l(_printf_dec.o)
    0x080214e8   0x00000094   Code   RO         1795    .text               c_w.l(_printf_hex_int_ll_ptr.o)
    0x0802157c   0x00000188   Code   RO         1815    .text               c_w.l(__printf_flags_ss_wp.o)
    0x08021704   0x0000003c   Code   RO         1826    .text               c_w.l(__0sscanf.o)
    0x08021740   0x0000001a   Code   RO         1828    .text               c_w.l(atoi.o)
    0x0802175a   0x00000024   Code   RO         1830    .text               c_w.l(strstr.o)
    0x0802177e   0x00000058   Code   RO         1832    .text               c_w.l(memcmp.o)
    0x080217d6   0x00000048   Code   RO         1834    .text               c_w.l(strcpy.o)
    0x0802181e   0x0000003e   Code   RO         1836    .text               c_w.l(strlen.o)
    0x0802185c   0x00000096   Code   RO         1838    .text               c_w.l(strncmp.o)
    0x080218f2   0x0000008a   Code   RO         1842    .text               c_w.l(rt_memcpy_v6.o)
    0x0802197c   0x00000064   Code   RO         1844    .text               c_w.l(rt_memcpy_w.o)
    0x080219e0   0x00000010   Code   RO         1846    .text               c_w.l(aeabi_memset.o)
    0x080219f0   0x00000044   Code   RO         1848    .text               c_w.l(rt_memclr.o)
    0x08021a34   0x0000004e   Code   RO         1850    .text               c_w.l(rt_memclr_w.o)
    0x08021a82   0x00000056   Code   RO         1852    .text               c_w.l(strncpy.o)
    0x08021ad8   0x00000080   Code   RO         1854    .text               c_w.l(strcmpv7m.o)
    0x08021b58   0x00000006   Code   RO         1856    .text               c_w.l(heapauxi.o)
    0x08021b5e   0x00000002   Code   RO         1952    .text               c_w.l(use_no_semi.o)
    0x08021b60   0x00000010   Code   RO         1957    .text               c_w.l(rt_ctype_table.o)
    0x08021b70   0x00000008   Code   RO         1966    .text               c_w.l(rt_heap_descriptor_intlibspace.o)
    0x08021b78   0x00000008   Code   RO         1971    .text               c_w.l(rt_errno_addr_intlibspace.o)
    0x08021b80   0x00000004   Code   RO         1973    .text               c_w.l(hguard.o)
    0x08021b84   0x0000008a   Code   RO         1975    .text               c_w.l(init_alloc.o)
    0x08021c0e   0x0000000e   Code   RO         1979    .text               c_w.l(h1_init.o)
    0x08021c1c   0x00000016   Code   RO         1993    .text               c_w.l(_rserrno.o)
    0x08021c32   0x00000024   Code   RO         1995    .text               c_w.l(_printf_truncate.o)
    0x08021c56   0x000000b2   Code   RO         1997    .text               c_w.l(_printf_intcommon.o)
    0x08021d08   0x00000028   Code   RO         1999    .text               c_w.l(_printf_charcount.o)
    0x08021d30   0x0000041a   Code   RO         2001    .text               c_w.l(_printf_fp_dec.o)
    0x0802214a   0x00000002   PAD
    0x0802214c   0x00000030   Code   RO         2003    .text               c_w.l(_printf_char_common.o)
    0x0802217c   0x0000000a   Code   RO         2005    .text               c_w.l(_sputc.o)
    0x08022186   0x0000002c   Code   RO         2007    .text               c_w.l(_printf_char.o)
    0x080221b2   0x00000002   PAD
    0x080221b4   0x00000024   Code   RO         2009    .text               c_w.l(_printf_char_file.o)
    0x080221d8   0x000000bc   Code   RO         2011    .text               c_w.l(_printf_wctomb.o)
    0x08022294   0x0000007c   Code   RO         2014    .text               c_w.l(_printf_longlong_dec.o)
    0x08022310   0x00000070   Code   RO         2020    .text               c_w.l(_printf_oct_int_ll.o)
    0x08022380   0x000004a4   Code   RO         2038    .text               c_w.l(scanf_fp.o)
    0x08022824   0x0000002c   Code   RO         2040    .text               c_w.l(scanf_char.o)
    0x08022850   0x00000040   Code   RO         2042    .text               c_w.l(_sgetc.o)
    0x08022890   0x000000a0   Code   RO         2044    .text               c_w.l(strtod.o)
    0x08022930   0x00000070   Code   RO         2046    .text               c_w.l(strtol.o)
    0x080229a0   0x00000008   Code   RO         2155    .text               c_w.l(libspace.o)
    0x080229a8   0x00000008   Code   RO         2178    .text               c_w.l(rt_locale_intlibspace.o)
    0x080229b0   0x00000034   Code   RO         2184    .text               c_w.l(h1_extend.o)
    0x080229e4   0x0000008a   Code   RO         2188    .text               c_w.l(lludiv10.o)
    0x08022a6e   0x00000012   Code   RO         2190    .text               c_w.l(isspace.o)
    0x08022a80   0x000002fc   Code   RO         2192    .text               c_w.l(_printf_fp_hex.o)
    0x08022d7c   0x00000080   Code   RO         2195    .text               c_w.l(_printf_fp_infnan.o)
    0x08022dfc   0x0000002c   Code   RO         2199    .text               c_w.l(_printf_wchar.o)
    0x08022e28   0x00000374   Code   RO         2201    .text               c_w.l(_scanf.o)
    0x0802319c   0x0000009e   Code   RO         2203    .text               c_w.l(_strtoul.o)
    0x0802323a   0x00000002   PAD
    0x0802323c   0x000000dc   Code   RO         2205    .text               c_w.l(bigflt0.o)
    0x08023318   0x00000008   Code   RO         2230    .text               c_w.l(ferror.o)
    0x08023320   0x00000040   Code   RO         2234    .text               c_w.l(_wcrtomb.o)
    0x08023360   0x0000000e   Code   RO         2242    .text               c_w.l(defsig_rtmem_outer.o)
    0x0802336e   0x0000004a   Code   RO         2275    .text               c_w.l(sys_stackheap_outer.o)
    0x080233b8   0x0000001c   Code   RO         2281    .text               c_w.l(_chval.o)
    0x080233d4   0x00000318   Code   RO         2283    .text               c_w.l(scanf_hexfp.o)
    0x080236ec   0x00000134   Code   RO         2285    .text               c_w.l(scanf_infnan.o)
    0x08023820   0x0000000c   Code   RO         2287    .text               c_w.l(exit.o)
    0x0802382c   0x0000000a   Code   RO         2289    .text               c_w.l(defsig_exit.o)
    0x08023836   0x00000002   PAD
    0x08023838   0x00000050   Code   RO         2295    .text               c_w.l(defsig_rtmem_inner.o)
    0x08023888   0x00000026   Code   RO         2321    .text               c_w.l(llshl.o)
    0x080238ae   0x00000032   Code   RO         2325    .text               c_w.l(defsig_general.o)
    0x080238e0   0x0000003e   Code   RO         2208    CL$$btod_d2e        c_w.l(btod.o)
    0x0802391e   0x00000046   Code   RO         2210    CL$$btod_d2e_denorm_low  c_w.l(btod.o)
    0x08023964   0x00000060   Code   RO         2209    CL$$btod_d2e_norm_op1  c_w.l(btod.o)
    0x080239c4   0x00000338   Code   RO         2218    CL$$btod_div_common  c_w.l(btod.o)
    0x08023cfc   0x00000054   Code   RO         2216    CL$$btod_e2d        c_w.l(btod.o)
    0x08023d50   0x000000c6   Code   RO         2215    CL$$btod_e2e        c_w.l(btod.o)
    0x08023e16   0x00000028   Code   RO         2212    CL$$btod_ediv       c_w.l(btod.o)
    0x08023e3e   0x00000028   Code   RO         2214    CL$$btod_edivd      c_w.l(btod.o)
    0x08023e66   0x00000028   Code   RO         2211    CL$$btod_emul       c_w.l(btod.o)
    0x08023e8e   0x00000028   Code   RO         2213    CL$$btod_emuld      c_w.l(btod.o)
    0x08023eb6   0x00000244   Code   RO         2217    CL$$btod_mult_common  c_w.l(btod.o)
    0x080240fa   0x00000002   PAD
    0x080240fc   0x00000098   Code   RO         1518    CODE                os_cpu_a.o
    0x08024194   0x00000028   Code   RO         2140    i.__ARM_fpclassify  m_ws.l(fpclassify.o)
    0x080241bc   0x000000aa   Code   RO         2142    i.__kernel_poly     m_ws.l(poly.o)
    0x08024266   0x00000006   Code   RO         2127    i.__mathlib_dbl_infnan  m_ws.l(dunder.o)
    0x0802426c   0x00000004   Code   RO         2128    i.__mathlib_dbl_infnan2  m_ws.l(dunder.o)
    0x08024270   0x0000000c   Code   RO         2129    i.__mathlib_dbl_invalid  m_ws.l(dunder.o)
    0x0802427c   0x0000000e   Code   RO         2130    i.__mathlib_dbl_overflow  m_ws.l(dunder.o)
    0x0802428a   0x00000002   PAD
    0x0802428c   0x00000010   Code   RO         2132    i.__mathlib_dbl_underflow  m_ws.l(dunder.o)
    0x0802429c   0x00000010   Code   RO         2268    i.__mathlib_narrow  m_ws.l(narrow.o)
    0x080242ac   0x00000088   Code   RO         2269    i.__mathlib_tofloat  m_ws.l(narrow.o)
    0x08024334   0x00000016   Code   RO         2347    i.__support_ldexp   m_ws.l(ldexp.o)
    0x0802434a   0x0000000e   Code   RO         1808    i._is_digit         c_w.l(__printf_wp.o)
    0x08024358   0x00000270   Code   RO         1931    i.asin              m_ws.l(asin.o)
    0x080245c8   0x00000220   Code   RO         2117    i.atan              m_ws.l(atan.o)
    0x080247e8   0x00000180   Code   RO         1941    i.atan2             m_ws.l(atan2.o)
    0x08024968   0x00000058   Code   RO         2312    i.frexp             m_ws.l(frexp.o)
    0x080249c0   0x00000074   Code   RO         2348    i.ldexp             m_ws.l(ldexp.o)
    0x08024a34   0x0000004c   Code   RO         2146    i.sqrt              m_ws.l(sqrt.o)
    0x08024a80   0x0000001c   Code   RO         1949    i.strtod            m_ws.l(strtod.o)
    0x08024a9c   0x0000002c   Code   RO         2237    locale$$code        c_w.l(lc_ctype_c.o)
    0x08024ac8   0x0000002c   Code   RO         2240    locale$$code        c_w.l(lc_numeric_c.o)
    0x08024af4   0x00000062   Code   RO         1860    x$fpl$d2f           fz_ws.l(d2f.o)
    0x08024b56   0x00000002   PAD
    0x08024b58   0x00000150   Code   RO         1862    x$fpl$dadd          fz_ws.l(daddsub_clz.o)
    0x08024ca8   0x00000010   Code   RO         2251    x$fpl$dcheck1       fz_ws.l(dcheck1.o)
    0x08024cb8   0x00000018   Code   RO         2095    x$fpl$dcmpinf       fz_ws.l(dcmpi.o)
    0x08024cd0   0x000002b0   Code   RO         1869    x$fpl$ddiv          fz_ws.l(ddiv.o)
    0x08024f80   0x00000078   Code   RO         2307    x$fpl$deqf          fz_ws.l(deqf.o)
    0x08024ff8   0x0000005e   Code   RO         1872    x$fpl$dfix          fz_ws.l(dfix.o)
    0x08025056   0x00000002   PAD
    0x08025058   0x0000005a   Code   RO         1876    x$fpl$dfixu         fz_ws.l(dfixu.o)
    0x080250b2   0x0000002e   Code   RO         1881    x$fpl$dflt          fz_ws.l(dflt_clz.o)
    0x080250e0   0x00000026   Code   RO         1880    x$fpl$dfltu         fz_ws.l(dflt_clz.o)
    0x08025106   0x00000002   PAD
    0x08025108   0x00000078   Code   RO         1886    x$fpl$dleqf         fz_ws.l(dleqf.o)
    0x08025180   0x00000154   Code   RO         1888    x$fpl$dmul          fz_ws.l(dmul.o)
    0x080252d4   0x0000009c   Code   RO         2097    x$fpl$dnaninf       fz_ws.l(dnaninf.o)
    0x08025370   0x0000000c   Code   RO         2099    x$fpl$dretinf       fz_ws.l(dretinf.o)
    0x0802537c   0x0000006c   Code   RO         1890    x$fpl$drleqf        fz_ws.l(drleqf.o)
    0x080253e8   0x00000016   Code   RO         1863    x$fpl$drsb          fz_ws.l(daddsub_clz.o)
    0x080253fe   0x00000002   PAD
    0x08025400   0x000001cc   Code   RO         2253    x$fpl$dsqrt         fz_ws.l(dsqrt_noumaal.o)
    0x080255cc   0x000001d4   Code   RO         1864    x$fpl$dsub          fz_ws.l(daddsub_clz.o)
    0x080257a0   0x00000056   Code   RO         1892    x$fpl$f2d           fz_ws.l(f2d.o)
    0x080257f6   0x00000002   PAD
    0x080257f8   0x000000c4   Code   RO         1894    x$fpl$fadd          fz_ws.l(faddsub_clz.o)
    0x080258bc   0x00000018   Code   RO         2101    x$fpl$fcmpinf       fz_ws.l(fcmpi.o)
    0x080258d4   0x00000184   Code   RO         1901    x$fpl$fdiv          fz_ws.l(fdiv.o)
    0x08025a58   0x00000068   Code   RO         1904    x$fpl$feqf          fz_ws.l(feqf.o)
    0x08025ac0   0x00000036   Code   RO         1906    x$fpl$ffix          fz_ws.l(ffix.o)
    0x08025af6   0x00000002   PAD
    0x08025af8   0x0000003e   Code   RO         1910    x$fpl$ffixu         fz_ws.l(ffixu.o)
    0x08025b36   0x00000002   PAD
    0x08025b38   0x00000030   Code   RO         1915    x$fpl$fflt          fz_ws.l(fflt_clz.o)
    0x08025b68   0x00000026   Code   RO         1914    x$fpl$ffltu         fz_ws.l(fflt_clz.o)
    0x08025b8e   0x00000002   PAD
    0x08025b90   0x00000068   Code   RO         1920    x$fpl$fleqf         fz_ws.l(fleqf.o)
    0x08025bf8   0x00000102   Code   RO         1922    x$fpl$fmul          fz_ws.l(fmul.o)
    0x08025cfa   0x0000008c   Code   RO         2103    x$fpl$fnaninf       fz_ws.l(fnaninf.o)
    0x08025d86   0x0000000a   Code   RO         2105    x$fpl$fretinf       fz_ws.l(fretinf.o)
    0x08025d90   0x00000062   Code   RO         1924    x$fpl$frleqf        fz_ws.l(frleqf.o)
    0x08025df2   0x00000002   PAD
    0x08025df4   0x000000ea   Code   RO         1896    x$fpl$fsub          fz_ws.l(faddsub_clz.o)
    0x08025ede   0x00000004   Code   RO         1926    x$fpl$printf1       fz_ws.l(printf1.o)
    0x08025ee2   0x00000004   Code   RO         2107    x$fpl$printf2       fz_ws.l(printf2.o)
    0x08025ee6   0x00000064   Code   RO         2309    x$fpl$retnan        fz_ws.l(retnan.o)
    0x08025f4a   0x0000005c   Code   RO         2113    x$fpl$scalbn        fz_ws.l(scalbn.o)
    0x08025fa6   0x00000004   Code   RO         1928    x$fpl$scanf1        fz_ws.l(scanf1.o)
    0x08025faa   0x00000008   Code   RO         2262    x$fpl$scanf2        fz_ws.l(scanf2.o)
    0x08025fb2   0x00000030   Code   RO         2344    x$fpl$trapveneer    fz_ws.l(trapv.o)
    0x08025fe2   0x00000000   Code   RO         2115    x$fpl$usenofp       fz_ws.l(usenofp.o)
    0x08025fe2   0x00000002   PAD
    0x08025fe4   0x00000028   Data   RO            3    .constdata          main.o
    0x0802600c   0x00000cd8   Data   RO          425    .constdata          oled.o
    0x08026ce4   0x00000018   Data   RO          496    .constdata          rtc.o
    0x08026cfc   0x00000050   Data   RO          558    .constdata          inv_mpu.o
    0x08026d4c   0x00000bf6   Data   RO          583    .constdata          inv_mpu_dmp_motion_driver.o
    0x08027942   0x000017c0   Data   RO          604    .constdata          lcd.o
    0x08029102   0x00000006   PAD
    0x08029108   0x000000b0   Data   RO         1119    .constdata          cjson_test.o
    0x080291b8   0x00000018   Data   RO         1139    .constdata          malloc.o
    0x080291d0   0x00000104   Data   RO         1174    .constdata          cpu_core.o
    0x080292d4   0x00000094   Data   RO         1266    .constdata          lib_str.o
    0x08029368   0x000000a4   Data   RO         1287    .constdata          os_cfg_app.o
    0x0802940c   0x0000016c   Data   RO         1321    .constdata          os_dbg.o
    0x08029578   0x00000138   Data   RO         1595    .constdata          exfuns.o
    0x080296b0   0x000003c0   Data   RO         1634    .constdata          mycc936.o
    0x08029a70   0x0000003a   Data   RO         1665    .constdata          ff.o
    0x08029aaa   0x00000028   Data   RO         1796    .constdata          c_w.l(_printf_hex_int_ll_ptr.o)
    0x08029ad2   0x00000011   Data   RO         1816    .constdata          c_w.l(__printf_flags_ss_wp.o)
    0x08029ae3   0x00000005   PAD
    0x08029ae8   0x00000050   Data   RO         1932    .constdata          m_ws.l(asin.o)
    0x08029b38   0x00000008   Data   RO         2012    .constdata          c_w.l(_printf_wctomb.o)
    0x08029b40   0x00000098   Data   RO         2118    .constdata          m_ws.l(atan.o)
    0x08029bd8   0x00000008   Data   RO         2144    .constdata          m_ws.l(qnan.o)
    0x08029be0   0x00000026   Data   RO         2193    .constdata          c_w.l(_printf_fp_hex.o)
    0x08029c06   0x00000002   PAD
    0x08029c08   0x00000094   Data   RO         2206    .constdata          c_w.l(bigflt0.o)
    0x08029c9c   0x0000004a   Data   RO            4    .conststring        main.o
    0x08029ce6   0x00000002   PAD
    0x08029ce8   0x0000004d   Data   RO          559    .conststring        inv_mpu.o
    0x08029d35   0x00000003   PAD
    0x08029d38   0x000000c1   Data   RO         1120    .conststring        cjson_test.o
    0x08029df9   0x00000003   PAD
    0x08029dfc   0x00000064   Data   RO         1596    .conststring        exfuns.o
    0x08029e60   0x00000020   Data   RO         2384    Region$$Table       anon$$obj.o
    0x08029e80   0x00000008   Data   RO         2255    c$$dinf             fz_ws.l(fpconst.o)
    0x08029e88   0x00000110   Data   RO         2236    locale$$data        c_w.l(lc_ctype_c.o)
    0x08029f98   0x0000001c   Data   RO         2239    locale$$data        c_w.l(lc_numeric_c.o)


    Execution Region RW_IRAM1 (Base: 0x20000000, Size: 0x0000bff0, Max: 0x00010000, ABSOLUTE, COMPRESSED[0x00000068])

    Base Addr    Size         Type   Attr      Idx    E Section Name        Object

    0x20000000   0x00000010   Data   RW            5    .data               main.o
    0x20000010   0x00000014   Data   RW          302    .data               system_stm32f10x.o
    0x20000024   0x00000002   Data   RW          337    .data               usart2.o
    0x20000026   0x00000002   PAD
    0x20000028   0x00000008   Data   RW          360    .data               usart3.o
    0x20000030   0x00000002   Data   RW          382    .data               uart4.o
    0x20000032   0x00000004   Data   RW          426    .data               oled.o
    0x20000036   0x00000001   Data   RW          475    .data               key.o
    0x20000037   0x00000001   PAD
    0x20000038   0x00000002   Data   RW          497    .data               rtc.o
    0x2000003a   0x00000002   PAD
    0x2000003c   0x00000004   Data   RW          515    .data               mq135.o
    0x20000040   0x00000035   Data   RW          560    .data               inv_mpu.o
    0x20000075   0x00000001   PAD
    0x20000076   0x00000004   Data   RW          605    .data               lcd.o
    0x2000007a   0x00000002   PAD
    0x2000007c   0x00000010   Data   RW          631    .data               sdio_sdcard.o
    0x2000008c   0x00000002   Data   RW          657    .data               w25qxx.o
    0x2000008e   0x00000002   PAD
    0x20000090   0x0000001a   Data   RW          691    .data               lora_app.o
    0x200000aa   0x00000004   Data   RW          709    .data               delay.o
    0x200000ae   0x00000002   PAD
    0x200000b0   0x00000006   Data   RW          741    .data               usart.o
    0x200000b6   0x00000014   Data   RW          816    .data               stm32f10x_rcc.o
    0x200000ca   0x00000002   PAD
    0x200000cc   0x00000014   Data   RW         1086    .data               cjson.o
    0x200000e0   0x0000001c   Data   RW         1140    .data               malloc.o
    0x200000fc   0x00000004   Data   RW         1175    .data               cpu_core.o
    0x20000100   0x00000004   Data   RW         1248    .data               lib_mem.o
    0x20000104   0x00000008   Data   RW         1402    .data               os_prio.o
    0x2000010c   0x000000c8   Data   RW         1505    .data               os_var.o
    0x200001d4   0x00000004   Data   RW         1522    .data               os_cpu_c.o
    0x200001d8   0x0000001c   Data   RW         1597    .data               exfuns.o
    0x200001f4   0x00000002   Data   RW         1647    .data               diskio.o
    0x200001f6   0x00000002   PAD
    0x200001f8   0x0000000a   Data   RW         1666    .data               ff.o
    0x20000202   0x00000006   PAD
    0x20000208   0x00004c98   Zero   RW            2    .bss                main.o
    0x20004ea0   0x000004b0   Zero   RW          336    .bss                usart2.o
    0x20005350   0x00000668   Zero   RW          359    .bss                usart3.o
    0x200059b8   0x000004b0   Zero   RW          381    .bss                uart4.o
    0x20005e68   0x0000000a   Zero   RW          495    .bss                rtc.o
    0x20005e72   0x00000002   PAD
    0x20005e74   0x00000010   Zero   RW          582    .bss                inv_mpu_dmp_motion_driver.o
    0x20005e84   0x0000000e   Zero   RW          603    .bss                lcd.o
    0x20005e92   0x00000006   PAD
    0x20005e98   0x000002c0   Zero   RW          630    .bss                sdio_sdcard.o
    0x20006158   0x00001000   Zero   RW          656    .bss                w25qxx.o
    0x20007158   0x0000005a   Zero   RW          690    .bss                lora_app.o
    0x200071b2   0x000000c8   Zero   RW          740    .bss                usart.o
    0x2000727a   0x0000000f   Zero   RW         1085    .bss                cjson.o
    0x20007289   0x00000017   PAD
    0x200072a0   0x00001100   Zero   RW         1138    .bss                malloc.o
    0x200083a0   0x00000010   Zero   RW         1173    .bss                cpu_core.o
    0x200083b0   0x00000448   Zero   RW         1247    .bss                lib_mem.o
    0x200087f8   0x00001490   Zero   RW         1286    .bss                os_cfg_app.o
    0x20009c88   0x000006e0   Zero   RW         1504    .bss                os_var.o
    0x2000a368   0x00000021   Zero   RW         1555    .bss                fontupd.o
    0x2000a389   0x00000003   PAD
    0x2000a38c   0x00000060   Zero   RW         2156    .bss                c_w.l(libspace.o)
    0x2000a3ec   0x00000004   PAD
    0x2000a3f0   0x00001000   Zero   RW          773    HEAP                startup_stm32f10x_hd.o
    0x2000b3f0   0x00000c00   Zero   RW          772    STACK               startup_stm32f10x_hd.o



  Load Region LR$$.ARM.__AT_0x68000000 (Base: 0x68000000, Size: 0x00000000, Max: 0x000f0000, ABSOLUTE)

    Execution Region ER$$.ARM.__AT_0x68000000 (Base: 0x68000000, Size: 0x000f0000, Max: 0x000f0000, ABSOLUTE, UNINIT)

    Base Addr    Size         Type   Attr      Idx    E Section Name        Object

    0x68000000   0x000f0000   Zero   RW         1136    .ARM.__AT_0x68000000  malloc.o



  Load Region LR$$.ARM.__AT_0x680F0000 (Base: 0x680f0000, Size: 0x00000000, Max: 0x0000f000, ABSOLUTE)

    Execution Region ER$$.ARM.__AT_0x680F0000 (Base: 0x680f0000, Size: 0x0000f000, Max: 0x0000f000, ABSOLUTE, UNINIT)

    Base Addr    Size         Type   Attr      Idx    E Section Name        Object

    0x680f0000   0x0000f000   Zero   RW         1137    .ARM.__AT_0x680F0000  malloc.o


==============================================================================

Image component sizes


      Code (inc. data)   RO Data    RW Data    ZI Data      Debug   Object Name

        56          6          0          0          0        516   beep.o
       132         12          0          0          0       1167   bsp.o
      8812        176          0         20         15      44619   cjson.o
      1480        510        369          0          0       3548   cjson_test.o
        52          0          0          0          0        360   cpu_a.o
       680         14        260          4         16      14431   cpu_core.o
       332         28          0          4          0       1841   delay.o
       764         14          0          0          0       2825   dht11.o
       512          8          0          2          0       4274   diskio.o
       424         22        412         28          0       2776   exfuns.o
     13028        144         58         10          0      34054   ff.o
         0          0          0          0         33       4213   fontupd.o
      8844        196        157         53          0      23321   inv_mpu.o
      3440        126       3062          0         16      15171   inv_mpu_dmp_motion_driver.o
       672         74          0          1          0       3319   key.o
     19036        162       6080          4         14      21786   lcd.o
        76          8          0          0          0        523   led.o
       598          0          0          0          0       3728   lib_ascii.o
      2502         32          0          4       1096      21868   lib_mem.o
       544          0          0          0          0        508   lib_mem_a.o
      2348          6        148          0          0      13154   lib_str.o
      1876        520          0         26         90       4332   lora_app.o
      9104       2568        114         16      19608     366112   main.o
       560         18         24         28    1048832       4829   malloc.o
       220         22          0          0          0       1885   misc.o
       940         28          0          0          0       4283   mpu6050.o
       588         14          0          0          0       2070   mpuiic.o
         0          0          0          4          0        299   mq135.o
       204         12        960          0          0       1641   mycc936.o
      1904         34       3288          4          0       6973   oled.o
       252        166        164          0       5264      21026   os_cfg_app.o
      3588        294          0          0          0      12097   os_core.o
       152         32          0          0          0        420   os_cpu_a.o
       620         66          0          4          0       3877   os_cpu_c.o
       432        286        364          0          0       4845   os_dbg.o
      3624        110          0          0          0       7759   os_flag.o
      1092        146          0          0          0       2332   os_int.o
       568         20          0          0          0       2732   os_mem.o
       556         12          0          0          0       2791   os_msg.o
      2772        114          0          0          0       5450   os_mutex.o
       124          4          0          8          0       1840   os_prio.o
      2264         76          0          0          0       6128   os_q.o
      2096         70          0          0          0       6144   os_sem.o
      1592        180          0          0          0       2833   os_stat.o
      7092        270          0          0          0      13506   os_task.o
      1276         90          0          0          0       3289   os_tick.o
      1380         46          0          0          0       3229   os_time.o
      2072        140          0          0          0       6330   os_tmr.o
         0          0          0        200       1760      19421   os_var.o
      1236         74         24          2         10       4430   rtc.o
      7216        256          0         16        704      24800   sdio_sdcard.o
       264         10          0          0          0       1125   spi.o
        64         26        304          0       7168        820   startup_stm32f10x_hd.o
       196          8          0          0          0       3552   stm32f10x_bkp.o
       596          8          0          0          0       4418   stm32f10x_dma.o
       284         10          0          0          0       2323   stm32f10x_exti.o
      1548         18          0          0          0       5435   stm32f10x_fsmc.o
       860         38          0          0          0       5733   stm32f10x_gpio.o
        22          0          0          0          0       1027   stm32f10x_it.o
       204         14          0          0          0       1955   stm32f10x_pwr.o
       932         36          0         20          0       8940   stm32f10x_rcc.o
       328          4          0          0          0       2710   stm32f10x_rtc.o
       468         22          0          0          0       7176   stm32f10x_sdio.o
       780         14          0          0          0       6614   stm32f10x_spi.o
      3610         88          0          0          0      22220   stm32f10x_tim.o
      1032         22          0          0          0       8456   stm32f10x_usart.o
        12          0          0          0          0        647   sys.o
       480         38          0         20          0       1827   system_stm32f10x.o
       176          8          0          0          0        964   timer.o
       396         22          0          2       1200       2205   uart4.o
       468         64          0          6        200       3318   usart.o
       544         70          0          2       1200       2278   usart2.o
       904         98          0          8       1640       2887   usart3.o
       872         30          0          2       4096       4409   w25qxx.o

    ----------------------------------------------------------------------
    134780       7854      15834        516    1093000     866744   Object Totals
         0          0         32          0          0          0   (incl. Generated)
         8          0         14         18         38          0   (incl. Padding)

    ----------------------------------------------------------------------

      Code (inc. data)   RO Data    RW Data    ZI Data      Debug   Library Member Name

        60          8          0          0          0         84   __0sscanf.o
        24          4          0          0          0         84   __2printf.o
        44          6          0          0          0         84   __2sprintf.o
        90          0          0          0          0          0   __dczerorl2.o
         8          0          0          0          0         68   __main.o
       392          4         17          0          0         92   __printf_flags_ss_wp.o
        14          0          0          0          0         68   __printf_wp.o
         0          0          0          0          0          0   __rtentry.o
        12          0          0          0          0          0   __rtentry2.o
         6          0          0          0          0          0   __rtentry4.o
        52          8          0          0          0          0   __scatter.o
        28          0          0          0          0          0   __scatter_zi.o
        28          0          0          0          0         68   _chval.o
         6          0          0          0          0          0   _printf_a.o
         6          0          0          0          0          0   _printf_c.o
        44          0          0          0          0        108   _printf_char.o
        48          6          0          0          0         96   _printf_char_common.o
        36          4          0          0          0         80   _printf_char_file.o
        40          0          0          0          0         68   _printf_charcount.o
         6          0          0          0          0          0   _printf_d.o
       120         16          0          0          0         92   _printf_dec.o
         6          0          0          0          0          0   _printf_e.o
         6          0          0          0          0          0   _printf_f.o
      1050          0          0          0          0        216   _printf_fp_dec.o
       764         10         38          0          0        100   _printf_fp_hex.o
       128         16          0          0          0         84   _printf_fp_infnan.o
         6          0          0          0          0          0   _printf_g.o
       148          4         40          0          0        160   _printf_hex_int_ll_ptr.o
         6          0          0          0          0          0   _printf_i.o
       178          0          0          0          0         88   _printf_intcommon.o
        10          0          0          0          0          0   _printf_l.o
         6          0          0          0          0          0   _printf_lc.o
        10          0          0          0          0          0   _printf_ll.o
         6          0          0          0          0          0   _printf_lld.o
         6          0          0          0          0          0   _printf_lli.o
         6          0          0          0          0          0   _printf_llo.o
         6          0          0          0          0          0   _printf_llu.o
         6          0          0          0          0          0   _printf_llx.o
       124         16          0          0          0         92   _printf_longlong_dec.o
         6          0          0          0          0          0   _printf_ls.o
         6          0          0          0          0          0   _printf_n.o
         6          0          0          0          0          0   _printf_o.o
       112          8          0          0          0        124   _printf_oct_int_ll.o
         6          0          0          0          0          0   _printf_p.o
        78          0          0          0          0        108   _printf_pad.o
         0          0          0          0          0          0   _printf_percent.o
         4          0          0          0          0          0   _printf_percent_end.o
         6          0          0          0          0          0   _printf_s.o
        82          0          0          0          0         80   _printf_str.o
        36          0          0          0          0         84   _printf_truncate.o
         6          0          0          0          0          0   _printf_u.o
        44          0          0          0          0        108   _printf_wchar.o
       188          6          8          0          0         92   _printf_wctomb.o
         6          0          0          0          0          0   _printf_x.o
        22          0          0          0          0        100   _rserrno.o
       884          6          0          0          0        100   _scanf.o
        64          0          0          0          0         84   _sgetc.o
        10          0          0          0          0         68   _sputc.o
       158          0          0          0          0         92   _strtoul.o
        64          0          0          0          0         92   _wcrtomb.o
        16          0          0          0          0         68   aeabi_memset.o
        26          0          0          0          0         80   atoi.o
       220          4        148          0          0         96   bigflt0.o
      2074        132          0          0          0        940   btod.o
        10          0          0          0          0         68   defsig_exit.o
        50          0          0          0          0         88   defsig_general.o
        80         58          0          0          0         76   defsig_rtmem_inner.o
        14          0          0          0          0         80   defsig_rtmem_outer.o
        12          0          0          0          0         72   exit.o
         8          0          0          0          0         68   ferror.o
        94          0          0          0          0         80   h1_alloc.o
        52          0          0          0          0         68   h1_extend.o
        78          0          0          0          0         80   h1_free.o
        14          0          0          0          0         84   h1_init.o
       184          0          0          0          0         92   h1_realloc.o
         6          0          0          0          0        152   heapauxi.o
         4          0          0          0          0        136   hguard.o
       138          0          0          0          0        168   init_alloc.o
        18          0          0          0          0         76   isspace.o
        44         10        272          0          0         76   lc_ctype_c.o
        44         10         28          0          0         76   lc_numeric_c.o
         2          0          0          0          0          0   libinit.o
        38          0          0          0          0          0   libinit2.o
         2          0          0          0          0          0   libshutdown.o
         2          0          0          0          0          0   libshutdown2.o
         8          4          0          0         96         68   libspace.o
        72          0          0          0          0         76   llsdiv.o
        38          0          0          0          0         68   llshl.o
       138          0          0          0          0         80   lludiv10.o
       238          0          0          0          0        100   lludivv7m.o
         0          0          0          0          0          0   maybetermalloc1.o
        88          0          0          0          0         76   memcmp.o
        16          4          0          0          0         76   rt_ctype_table.o
         8          4          0          0          0         68   rt_errno_addr_intlibspace.o
         8          4          0          0          0         68   rt_heap_descriptor_intlibspace.o
         8          4          0          0          0         68   rt_locale_intlibspace.o
        68          0          0          0          0         68   rt_memclr.o
        78          0          0          0          0         80   rt_memclr_w.o
       138          0          0          0          0         68   rt_memcpy_v6.o
       100          0          0          0          0         80   rt_memcpy_w.o
         2          0          0          0          0          0   rtexit.o
        10          0          0          0          0          0   rtexit2.o
        44          8          0          0          0         84   scanf_char.o
      1188         12          0          0          0        148   scanf_fp.o
       792         14          0          0          0        100   scanf_hexfp.o
       308         16          0          0          0        100   scanf_infnan.o
       128          0          0          0          0         68   strcmpv7m.o
        72          0          0          0          0         80   strcpy.o
        62          0          0          0          0         76   strlen.o
       150          0          0          0          0         80   strncmp.o
        86          0          0          0          0         76   strncpy.o
        36          0          0          0          0         80   strstr.o
       160         12          0          0          0        120   strtod.o
       112          0          0          0          0         88   strtol.o
        74          0          0          0          0         80   sys_stackheap_outer.o
        26          0          0          0          0         76   tolower.o
         2          0          0          0          0         68   use_no_semi.o
         2          0          0          0          0         68   use_no_semi_2.o
        12          4          0          0          0         68   vprintf.o
        36          4          0          0          0         76   vsprintf.o
        98          4          0          0          0         92   d2f.o
       826         16          0          0          0        348   daddsub_clz.o
        16          4          0          0          0         68   dcheck1.o
        24          0          0          0          0         68   dcmpi.o
       688        140          0          0          0        208   ddiv.o
       120          4          0          0          0         92   deqf.o
        94          4          0          0          0         92   dfix.o
        90          4          0          0          0         92   dfixu.o
        84          0          0          0          0        136   dflt_clz.o
       120          4          0          0          0         92   dleqf.o
       340         12          0          0          0        104   dmul.o
       156          4          0          0          0         92   dnaninf.o
        12          0          0          0          0         68   dretinf.o
       108          0          0          0          0         80   drleqf.o
       460         56          0          0          0        120   dsqrt_noumaal.o
        86          4          0          0          0         84   f2d.o
       430          8          0          0          0        168   faddsub_clz.o
        24          0          0          0          0         68   fcmpi.o
       388         76          0          0          0         96   fdiv.o
       104          4          0          0          0         84   feqf.o
        54          4          0          0          0         84   ffix.o
        62          4          0          0          0         84   ffixu.o
        86          0          0          0          0        136   fflt_clz.o
       104          4          0          0          0         84   fleqf.o
       258          4          0          0          0         84   fmul.o
       140          4          0          0          0         84   fnaninf.o
         0          0          8          0          0          0   fpconst.o
        10          0          0          0          0         68   fretinf.o
        98          0          0          0          0         68   frleqf.o
         4          0          0          0          0         68   printf1.o
         4          0          0          0          0         68   printf2.o
       100          0          0          0          0         68   retnan.o
        92          0          0          0          0         68   scalbn.o
         4          0          0          0          0         68   scanf1.o
         8          0          0          0          0         84   scanf2.o
        48          0          0          0          0         68   trapv.o
         0          0          0          0          0          0   usenofp.o
       624         52         80          0          0        168   asin.o
       544         70        152          0          0        124   atan.o
       384         38          0          0          0        144   atan2.o
        52          6          0          0          0        340   dunder.o
        40          0          0          0          0         68   fpclassify.o
        88          8          0          0          0         76   frexp.o
       138          0          0          0          0        160   ldexp.o
       152          4          0          0          0        168   narrow.o
       170          0          0          0          0         96   poly.o
         0          0          8          0          0          0   qnan.o
        76          0          0          0          0         84   sqrt.o
        28          0          0          0          0         80   strtod.o

    ----------------------------------------------------------------------
     20536        968        806          0        100      13112   Library Totals
        38          0          7          0          4          0   (incl. Padding)

    ----------------------------------------------------------------------

      Code (inc. data)   RO Data    RW Data    ZI Data      Debug   Library Name

     12862        426        551          0         96       8168   c_w.l
      5340        364          8          0          0       3436   fz_ws.l
      2296        178        240          0          0       1508   m_ws.l

    ----------------------------------------------------------------------
     20536        968        806          0        100      13112   Library Totals

    ----------------------------------------------------------------------

==============================================================================


      Code (inc. data)   RO Data    RW Data    ZI Data      Debug   

    155316       8822      16640        516    1093100     865240   Grand Totals
    155316       8822      16640        104    1093100     865240   ELF Image Totals (compressed)
    155316       8822      16640        104          0          0   ROM Totals

==============================================================================

    Total RO  Size (Code + RO Data)               171956 ( 167.93kB)
    Total RW  Size (RW Data + ZI Data)           1093616 (1067.98kB)
    Total ROM Size (Code + RO Data + RW Data)     172060 ( 168.03kB)

==============================================================================

